<?xml version="1.0" encoding="ISO-8859-1" ?>
<link_info>
   <banner>TI ARM Linker PC v20.2.6.LTS</banner>
   <copyright>Copyright (c) 1996-2018 Texas Instruments Incorporated</copyright>
   <link_time>0x62e3f7d1</link_time>
   <link_errors>0x0</link_errors>
   <output_file>SMBusHost.out</output_file>
   <entry_point>
      <name>_c_int00_noargs</name>
      <address>0x21c5</address>
   </entry_point>
   <input_file_list>
      <input_file id="fl-2">
         <path>.\</path>
         <kind>object</kind>
         <file>BMS.obj</file>
         <name>BMS.obj</name>
      </input_file>
      <input_file id="fl-3">
         <path>.\</path>
         <kind>object</kind>
         <file>main.obj</file>
         <name>main.obj</name>
      </input_file>
      <input_file id="fl-4">
         <path>.\</path>
         <kind>object</kind>
         <file>smbus.obj</file>
         <name>smbus.obj</name>
      </input_file>
      <input_file id="fl-5">
         <path>.\</path>
         <kind>object</kind>
         <file>startup_ccs.obj</file>
         <name>startup_ccs.obj</name>
      </input_file>
      <input_file id="fl-6">
         <path>.\</path>
         <kind>object</kind>
         <file>uartstdio.obj</file>
         <name>uartstdio.obj</name>
      </input_file>
      <input_file id="fl-c">
         <kind>object</kind>
         <file>&lt;internal&gt;</file>
         <name>&lt;internal&gt;</name>
      </input_file>
      <input_file id="fl-d">
         <path>C:\ti\TivaWare_C_Series-2.0\driverlib\ccs\Debug\</path>
         <kind>archive</kind>
         <file>driverlib.lib</file>
         <name>uart.obj</name>
      </input_file>
      <input_file id="fl-e">
         <path>C:\ti\TivaWare_C_Series-2.0\driverlib\ccs\Debug\</path>
         <kind>archive</kind>
         <file>driverlib.lib</file>
         <name>sysctl.obj</name>
      </input_file>
      <input_file id="fl-f">
         <path>C:\ti\TivaWare_C_Series-2.0\driverlib\ccs\Debug\</path>
         <kind>archive</kind>
         <file>driverlib.lib</file>
         <name>sw_crc.obj</name>
      </input_file>
      <input_file id="fl-10">
         <path>C:\ti\TivaWare_C_Series-2.0\driverlib\ccs\Debug\</path>
         <kind>archive</kind>
         <file>driverlib.lib</file>
         <name>interrupt.obj</name>
      </input_file>
      <input_file id="fl-11">
         <path>C:\ti\TivaWare_C_Series-2.0\driverlib\ccs\Debug\</path>
         <kind>archive</kind>
         <file>driverlib.lib</file>
         <name>i2c.obj</name>
      </input_file>
      <input_file id="fl-12">
         <path>C:\ti\TivaWare_C_Series-2.0\driverlib\ccs\Debug\</path>
         <kind>archive</kind>
         <file>driverlib.lib</file>
         <name>gpio.obj</name>
      </input_file>
      <input_file id="fl-13">
         <path>C:\ti\TivaWare_C_Series-2.0\driverlib\ccs\Debug\</path>
         <kind>archive</kind>
         <file>driverlib.lib</file>
         <name>fpu.obj</name>
      </input_file>
      <input_file id="fl-14">
         <path>C:\ti\TivaWare_C_Series-2.0\driverlib\ccs\Debug\</path>
         <kind>archive</kind>
         <file>driverlib.lib</file>
         <name>cpu.obj</name>
      </input_file>
      <input_file id="fl-ca">
         <path>C:\ti\ccs1200\ccs\tools\compiler\ti-cgt-arm_20.2.6.LTS\lib\</path>
         <kind>archive</kind>
         <file>rtsv7M4_T_le_v4SPD16_eabi.lib</file>
         <name>fd_add_t2.asm.obj</name>
      </input_file>
      <input_file id="fl-cb">
         <path>C:\ti\ccs1200\ccs\tools\compiler\ti-cgt-arm_20.2.6.LTS\lib\</path>
         <kind>archive</kind>
         <file>rtsv7M4_T_le_v4SPD16_eabi.lib</file>
         <name>fd_div_t2.asm.obj</name>
      </input_file>
      <input_file id="fl-cc">
         <path>C:\ti\ccs1200\ccs\tools\compiler\ti-cgt-arm_20.2.6.LTS\lib\</path>
         <kind>archive</kind>
         <file>rtsv7M4_T_le_v4SPD16_eabi.lib</file>
         <name>fd_tou_t2.asm.obj</name>
      </input_file>
      <input_file id="fl-cd">
         <path>C:\ti\ccs1200\ccs\tools\compiler\ti-cgt-arm_20.2.6.LTS\lib\</path>
         <kind>archive</kind>
         <file>rtsv7M4_T_le_v4SPD16_eabi.lib</file>
         <name>u_tofd_t2.asm.obj</name>
      </input_file>
      <input_file id="fl-ce">
         <path>C:\ti\ccs1200\ccs\tools\compiler\ti-cgt-arm_20.2.6.LTS\lib\</path>
         <kind>archive</kind>
         <file>rtsv7M4_T_le_v4SPD16_eabi.lib</file>
         <name>u_divt2.asm.obj</name>
      </input_file>
      <input_file id="fl-cf">
         <path>C:\ti\ccs1200\ccs\tools\compiler\ti-cgt-arm_20.2.6.LTS\lib\</path>
         <kind>archive</kind>
         <file>rtsv7M4_T_le_v4SPD16_eabi.lib</file>
         <name>copy_zero_init.c.obj</name>
      </input_file>
      <input_file id="fl-d0">
         <path>C:\ti\ccs1200\ccs\tools\compiler\ti-cgt-arm_20.2.6.LTS\lib\</path>
         <kind>archive</kind>
         <file>rtsv7M4_T_le_v4SPD16_eabi.lib</file>
         <name>copy_decompress_none.c.obj</name>
      </input_file>
      <input_file id="fl-d1">
         <path>C:\ti\ccs1200\ccs\tools\compiler\ti-cgt-arm_20.2.6.LTS\lib\</path>
         <kind>archive</kind>
         <file>rtsv7M4_T_le_v4SPD16_eabi.lib</file>
         <name>copy_decompress_lzss.c.obj</name>
      </input_file>
      <input_file id="fl-d2">
         <path>C:\ti\ccs1200\ccs\tools\compiler\ti-cgt-arm_20.2.6.LTS\lib\</path>
         <kind>archive</kind>
         <file>rtsv7M4_T_le_v4SPD16_eabi.lib</file>
         <name>boot_cortex_m.c.obj</name>
      </input_file>
      <input_file id="fl-d3">
         <path>C:\ti\ccs1200\ccs\tools\compiler\ti-cgt-arm_20.2.6.LTS\lib\</path>
         <kind>archive</kind>
         <file>rtsv7M4_T_le_v4SPD16_eabi.lib</file>
         <name>div0.asm.obj</name>
      </input_file>
      <input_file id="fl-d4">
         <path>C:\ti\ccs1200\ccs\tools\compiler\ti-cgt-arm_20.2.6.LTS\lib\</path>
         <kind>archive</kind>
         <file>rtsv7M4_T_le_v4SPD16_eabi.lib</file>
         <name>memcpy_t2.asm.obj</name>
      </input_file>
      <input_file id="fl-d5">
         <path>C:\ti\ccs1200\ccs\tools\compiler\ti-cgt-arm_20.2.6.LTS\lib\</path>
         <kind>archive</kind>
         <file>rtsv7M4_T_le_v4SPD16_eabi.lib</file>
         <name>memset_t2.asm.obj</name>
      </input_file>
      <input_file id="fl-d6">
         <path>C:\ti\ccs1200\ccs\tools\compiler\ti-cgt-arm_20.2.6.LTS\lib\</path>
         <kind>archive</kind>
         <file>rtsv7M4_T_le_v4SPD16_eabi.lib</file>
         <name>autoinit.c.obj</name>
      </input_file>
      <input_file id="fl-d7">
         <path>C:\ti\ccs1200\ccs\tools\compiler\ti-cgt-arm_20.2.6.LTS\lib\</path>
         <kind>archive</kind>
         <file>rtsv7M4_T_le_v4SPD16_eabi.lib</file>
         <name>pre_init.c.obj</name>
      </input_file>
      <input_file id="fl-d8">
         <path>C:\ti\ccs1200\ccs\tools\compiler\ti-cgt-arm_20.2.6.LTS\lib\</path>
         <kind>archive</kind>
         <file>rtsv7M4_T_le_v4SPD16_eabi.lib</file>
         <name>cpy_tbl.c.obj</name>
      </input_file>
      <input_file id="fl-d9">
         <path>C:\ti\ccs1200\ccs\tools\compiler\ti-cgt-arm_20.2.6.LTS\lib\</path>
         <kind>archive</kind>
         <file>rtsv7M4_T_le_v4SPD16_eabi.lib</file>
         <name>exit.c.obj</name>
      </input_file>
      <input_file id="fl-da">
         <path>C:\ti\ccs1200\ccs\tools\compiler\ti-cgt-arm_20.2.6.LTS\lib\</path>
         <kind>archive</kind>
         <file>rtsv7M4_T_le_v4SPD16_eabi.lib</file>
         <name>_lock.c.obj</name>
      </input_file>
      <input_file id="fl-db">
         <path>C:\ti\ccs1200\ccs\tools\compiler\ti-cgt-arm_20.2.6.LTS\lib\</path>
         <kind>archive</kind>
         <file>rtsv7M4_T_le_v4SPD16_eabi.lib</file>
         <name>args_main.c.obj</name>
      </input_file>
   </input_file_list>
   <object_component_list>
      <object_component id="oc-12">
         <name>.intvecs</name>
         <load_address>0x0</load_address>
         <run_address>0x0</run_address>
         <size>0x26c</size>
         <input_file_ref idref="fl-5"/>
      </object_component>
      <object_component id="oc-b0">
         <name>.text:main</name>
         <load_address>0x26c</load_address>
         <run_address>0x26c</run_address>
         <size>0x664</size>
         <input_file_ref idref="fl-3"/>
      </object_component>
      <object_component id="oc-358">
         <name>.text:SMBusMasterIntProcess</name>
         <load_address>0x8d0</load_address>
         <run_address>0x8d0</run_address>
         <size>0x418</size>
         <input_file_ref idref="fl-4"/>
      </object_component>
      <object_component id="oc-269">
         <name>.text:UARTvprintf</name>
         <load_address>0xce8</load_address>
         <run_address>0xce8</run_address>
         <size>0x1ee</size>
         <input_file_ref idref="fl-6"/>
      </object_component>
      <object_component id="oc-2bf">
         <name>.text</name>
         <load_address>0xed6</load_address>
         <run_address>0xed6</run_address>
         <size>0x1b6</size>
         <input_file_ref idref="fl-ca"/>
      </object_component>
      <object_component id="oc-2ba">
         <name>.text</name>
         <load_address>0x108c</load_address>
         <run_address>0x108c</run_address>
         <size>0x136</size>
         <input_file_ref idref="fl-cb"/>
      </object_component>
      <object_component id="oc-240">
         <name>.text:GPIOPadConfigSet</name>
         <load_address>0x11c2</load_address>
         <run_address>0x11c2</run_address>
         <size>0x130</size>
         <input_file_ref idref="fl-12"/>
      </object_component>
      <object_component id="oc-33">
         <name>.text:FaultISR</name>
         <load_address>0x12f2</load_address>
         <run_address>0x12f2</run_address>
         <size>0x2</size>
         <input_file_ref idref="fl-5"/>
      </object_component>
      <object_component id="oc-ea">
         <name>.text:SysCtlClockSet</name>
         <load_address>0x12f4</load_address>
         <run_address>0x12f4</run_address>
         <size>0x104</size>
         <input_file_ref idref="fl-e"/>
      </object_component>
      <object_component id="oc-293">
         <name>.text:SMBusMasterIntEnable</name>
         <load_address>0x13f8</load_address>
         <run_address>0x13f8</run_address>
         <size>0xfc</size>
         <input_file_ref idref="fl-4"/>
      </object_component>
      <object_component id="oc-2a1">
         <name>.text:SMBusMasterByteWordRead</name>
         <load_address>0x14f4</load_address>
         <run_address>0x14f4</run_address>
         <size>0xe0</size>
         <input_file_ref idref="fl-4"/>
      </object_component>
      <object_component id="oc-281">
         <name>.text:SysCtlClockGet</name>
         <load_address>0x15d4</load_address>
         <run_address>0x15d4</run_address>
         <size>0xc8</size>
         <input_file_ref idref="fl-e"/>
      </object_component>
      <object_component id="oc-4d">
         <name>.text</name>
         <load_address>0x169c</load_address>
         <run_address>0x169c</run_address>
         <size>0x9c</size>
         <input_file_ref idref="fl-d4"/>
      </object_component>
      <object_component id="oc-371">
         <name>.text:Crc8CCITT</name>
         <load_address>0x1738</load_address>
         <run_address>0x1738</run_address>
         <size>0x84</size>
         <input_file_ref idref="fl-f"/>
      </object_component>
      <object_component id="oc-14b">
         <name>.text:Temperature_Read</name>
         <load_address>0x17bc</load_address>
         <run_address>0x17bc</run_address>
         <size>0x7c</size>
         <input_file_ref idref="fl-2"/>
      </object_component>
      <object_component id="oc-1b1">
         <name>.text:ManufactureDate_Read</name>
         <load_address>0x1838</load_address>
         <run_address>0x1838</run_address>
         <size>0x78</size>
         <input_file_ref idref="fl-2"/>
      </object_component>
      <object_component id="oc-11a">
         <name>.text:HostInit</name>
         <load_address>0x18b0</load_address>
         <run_address>0x18b0</run_address>
         <size>0x6c</size>
         <input_file_ref idref="fl-2"/>
      </object_component>
      <object_component id="oc-15">
         <name>.text:decompress:lzss:__TI_decompress_lzss</name>
         <load_address>0x191c</load_address>
         <run_address>0x191c</run_address>
         <size>0x68</size>
         <input_file_ref idref="fl-d1"/>
      </object_component>
      <object_component id="oc-351">
         <name>.text:IntEnable</name>
         <load_address>0x1984</load_address>
         <run_address>0x1984</run_address>
         <size>0x60</size>
         <input_file_ref idref="fl-10"/>
      </object_component>
      <object_component id="oc-145">
         <name>.text:AtRateOK_Read</name>
         <load_address>0x19e4</load_address>
         <run_address>0x19e4</run_address>
         <size>0x48</size>
         <input_file_ref idref="fl-2"/>
      </object_component>
      <object_component id="oc-fc">
         <name>.text:GPIOPinConfigure</name>
         <load_address>0x1a2c</load_address>
         <run_address>0x1a2c</run_address>
         <size>0x48</size>
         <input_file_ref idref="fl-12"/>
      </object_component>
      <object_component id="oc-338">
         <name>.text:I2CMasterInitExpClk</name>
         <load_address>0x1a74</load_address>
         <run_address>0x1a74</run_address>
         <size>0x48</size>
         <input_file_ref idref="fl-11"/>
      </object_component>
      <object_component id="oc-16f">
         <name>.text:AbsoluteStateOfCharge_Read</name>
         <load_address>0x1abc</load_address>
         <run_address>0x1abc</run_address>
         <size>0x44</size>
         <input_file_ref idref="fl-2"/>
      </object_component>
      <object_component id="oc-13f">
         <name>.text:AtRateTimeToEmpty_Read</name>
         <load_address>0x1b00</load_address>
         <run_address>0x1b00</run_address>
         <size>0x44</size>
         <input_file_ref idref="fl-2"/>
      </object_component>
      <object_component id="oc-139">
         <name>.text:AtRateTimeToFull_Read</name>
         <load_address>0x1b44</load_address>
         <run_address>0x1b44</run_address>
         <size>0x44</size>
         <input_file_ref idref="fl-2"/>
      </object_component>
      <object_component id="oc-133">
         <name>.text:AtRate_Read</name>
         <load_address>0x1b88</load_address>
         <run_address>0x1b88</run_address>
         <size>0x44</size>
         <input_file_ref idref="fl-2"/>
      </object_component>
      <object_component id="oc-12d">
         <name>.text:BatteryMode_Read</name>
         <load_address>0x1bcc</load_address>
         <run_address>0x1bcc</run_address>
         <size>0x44</size>
         <input_file_ref idref="fl-2"/>
      </object_component>
      <object_component id="oc-163">
         <name>.text:MaxError_Read</name>
         <load_address>0x1c10</load_address>
         <run_address>0x1c10</run_address>
         <size>0x44</size>
         <input_file_ref idref="fl-2"/>
      </object_component>
      <object_component id="oc-1b7">
         <name>.text:SerialNumber_Read</name>
         <load_address>0x1c54</load_address>
         <run_address>0x1c54</run_address>
         <size>0x44</size>
         <input_file_ref idref="fl-2"/>
      </object_component>
      <object_component id="oc-10e">
         <name>.text:UARTStdioConfig</name>
         <load_address>0x1c98</load_address>
         <run_address>0x1c98</run_address>
         <size>0x44</size>
         <input_file_ref idref="fl-6"/>
      </object_component>
      <object_component id="oc-1e6">
         <name>.text:__TI_auto_init_nobinit_nopinit:__TI_auto_init_nobinit_nopinit</name>
         <load_address>0x1cdc</load_address>
         <run_address>0x1cdc</run_address>
         <size>0x44</size>
         <input_file_ref idref="fl-d6"/>
      </object_component>
      <object_component id="oc-2c4">
         <name>.text</name>
         <load_address>0x1d20</load_address>
         <run_address>0x1d20</run_address>
         <size>0x44</size>
         <input_file_ref idref="fl-cc"/>
      </object_component>
      <object_component id="oc-24f">
         <name>.text:UARTConfigSetExpClk</name>
         <load_address>0x1d64</load_address>
         <run_address>0x1d64</run_address>
         <size>0x40</size>
         <input_file_ref idref="fl-d"/>
      </object_component>
      <object_component id="oc-32c">
         <name>.text</name>
         <load_address>0x1da4</load_address>
         <run_address>0x1da4</run_address>
         <size>0x40</size>
         <input_file_ref idref="fl-ce"/>
      </object_component>
      <object_component id="oc-326">
         <name>.text:UARTwrite</name>
         <load_address>0x1de4</load_address>
         <run_address>0x1de4</run_address>
         <size>0x38</size>
         <input_file_ref idref="fl-6"/>
      </object_component>
      <object_component id="oc-15d">
         <name>.text:AverageCurrent_Read</name>
         <load_address>0x1e1c</load_address>
         <run_address>0x1e1c</run_address>
         <size>0x34</size>
         <input_file_ref idref="fl-2"/>
      </object_component>
      <object_component id="oc-187">
         <name>.text:AverageTimeToEmpty_Read</name>
         <load_address>0x1e50</load_address>
         <run_address>0x1e50</run_address>
         <size>0x34</size>
         <input_file_ref idref="fl-2"/>
      </object_component>
      <object_component id="oc-18d">
         <name>.text:AverageTimeToFull_Read</name>
         <load_address>0x1e84</load_address>
         <run_address>0x1e84</run_address>
         <size>0x34</size>
         <input_file_ref idref="fl-2"/>
      </object_component>
      <object_component id="oc-193">
         <name>.text:BatteryStatus_Read</name>
         <load_address>0x1eb8</load_address>
         <run_address>0x1eb8</run_address>
         <size>0x34</size>
         <input_file_ref idref="fl-2"/>
      </object_component>
      <object_component id="oc-157">
         <name>.text:Current_Read</name>
         <load_address>0x1eec</load_address>
         <run_address>0x1eec</run_address>
         <size>0x34</size>
         <input_file_ref idref="fl-2"/>
      </object_component>
      <object_component id="oc-199">
         <name>.text:CycleCount_Read</name>
         <load_address>0x1f20</load_address>
         <run_address>0x1f20</run_address>
         <size>0x34</size>
         <input_file_ref idref="fl-2"/>
      </object_component>
      <object_component id="oc-19f">
         <name>.text:DesignCapacity_Read</name>
         <load_address>0x1f54</load_address>
         <run_address>0x1f54</run_address>
         <size>0x34</size>
         <input_file_ref idref="fl-2"/>
      </object_component>
      <object_component id="oc-1a5">
         <name>.text:DesignVoltage_Read</name>
         <load_address>0x1f88</load_address>
         <run_address>0x1f88</run_address>
         <size>0x34</size>
         <input_file_ref idref="fl-2"/>
      </object_component>
      <object_component id="oc-17b">
         <name>.text:FullChargeCapacity_Read</name>
         <load_address>0x1fbc</load_address>
         <run_address>0x1fbc</run_address>
         <size>0x34</size>
         <input_file_ref idref="fl-2"/>
      </object_component>
      <object_component id="oc-28d">
         <name>.text:IntRegister</name>
         <load_address>0x1ff0</load_address>
         <run_address>0x1ff0</run_address>
         <size>0x34</size>
         <input_file_ref idref="fl-10"/>
      </object_component>
      <object_component id="oc-120">
         <name>.text:ManufacturerAccess_Read</name>
         <load_address>0x2024</load_address>
         <run_address>0x2024</run_address>
         <size>0x34</size>
         <input_file_ref idref="fl-2"/>
      </object_component>
      <object_component id="oc-169">
         <name>.text:RelativeStateOfCharge_Read</name>
         <load_address>0x2058</load_address>
         <run_address>0x2058</run_address>
         <size>0x34</size>
         <input_file_ref idref="fl-2"/>
      </object_component>
      <object_component id="oc-127">
         <name>.text:RemainingCapacityAlarm_Read</name>
         <load_address>0x208c</load_address>
         <run_address>0x208c</run_address>
         <size>0x34</size>
         <input_file_ref idref="fl-2"/>
      </object_component>
      <object_component id="oc-175">
         <name>.text:RemainingCapacity_Read</name>
         <load_address>0x20c0</load_address>
         <run_address>0x20c0</run_address>
         <size>0x34</size>
         <input_file_ref idref="fl-2"/>
      </object_component>
      <object_component id="oc-181">
         <name>.text:RunTimeToEmpty_Read</name>
         <load_address>0x20f4</load_address>
         <run_address>0x20f4</run_address>
         <size>0x34</size>
         <input_file_ref idref="fl-2"/>
      </object_component>
      <object_component id="oc-f0">
         <name>.text:SysCtlPeripheralEnable</name>
         <load_address>0x2128</load_address>
         <run_address>0x2128</run_address>
         <size>0x34</size>
         <input_file_ref idref="fl-e"/>
      </object_component>
      <object_component id="oc-249">
         <name>.text:SysCtlPeripheralPresent</name>
         <load_address>0x215c</load_address>
         <run_address>0x215c</run_address>
         <size>0x34</size>
         <input_file_ref idref="fl-e"/>
      </object_component>
      <object_component id="oc-151">
         <name>.text:Voltage_Read</name>
         <load_address>0x2190</load_address>
         <run_address>0x2190</run_address>
         <size>0x34</size>
         <input_file_ref idref="fl-2"/>
      </object_component>
      <object_component id="oc-6b">
         <name>.text:_c_int00_noargs:_c_int00_noargs</name>
         <load_address>0x21c4</load_address>
         <run_address>0x21c4</run_address>
         <size>0x34</size>
         <input_file_ref idref="fl-d2"/>
      </object_component>
      <object_component id="oc-287">
         <name>.text:SMBusMasterInit</name>
         <load_address>0x21f8</load_address>
         <run_address>0x21f8</run_address>
         <size>0x30</size>
         <input_file_ref idref="fl-4"/>
      </object_component>
      <object_component id="oc-23a">
         <name>.text:GPIODirModeSet</name>
         <load_address>0x2228</load_address>
         <run_address>0x2228</run_address>
         <size>0x2a</size>
         <input_file_ref idref="fl-12"/>
      </object_component>
      <object_component id="oc-39">
         <name>.text:IntDefaultHandler</name>
         <load_address>0x2252</load_address>
         <run_address>0x2252</run_address>
         <size>0x2</size>
         <input_file_ref idref="fl-5"/>
      </object_component>
      <object_component id="oc-2a7">
         <name>.text:SMBusStatusGet</name>
         <load_address>0x2254</load_address>
         <run_address>0x2254</run_address>
         <size>0x24</size>
         <input_file_ref idref="fl-4"/>
      </object_component>
      <object_component id="oc-2b5">
         <name>.text</name>
         <load_address>0x2278</load_address>
         <run_address>0x2278</run_address>
         <size>0x20</size>
         <input_file_ref idref="fl-cd"/>
      </object_component>
      <object_component id="oc-314">
         <name>.text:UARTDisable</name>
         <load_address>0x2298</load_address>
         <run_address>0x2298</run_address>
         <size>0x1c</size>
         <input_file_ref idref="fl-d"/>
      </object_component>
      <object_component id="oc-59">
         <name>.text:decompress:ZI:__TI_zero_init_nomemset:__TI_zero_init_nomemset</name>
         <load_address>0x22b4</load_address>
         <run_address>0x22b4</run_address>
         <size>0x1c</size>
         <input_file_ref idref="fl-cf"/>
      </object_component>
      <object_component id="oc-114">
         <name>.text:UARTprintf</name>
         <load_address>0x22d0</load_address>
         <run_address>0x22d0</run_address>
         <size>0x1a</size>
         <input_file_ref idref="fl-6"/>
      </object_component>
      <object_component id="oc-255">
         <name>.text:UARTEnable</name>
         <load_address>0x22ea</load_address>
         <run_address>0x22ea</run_address>
         <size>0x14</size>
         <input_file_ref idref="fl-d"/>
      </object_component>
      <object_component id="oc-27b">
         <name>.text:GPIOPinTypeI2C</name>
         <load_address>0x22fe</load_address>
         <run_address>0x22fe</run_address>
         <size>0x12</size>
         <input_file_ref idref="fl-12"/>
      </object_component>
      <object_component id="oc-275">
         <name>.text:GPIOPinTypeI2CSCL</name>
         <load_address>0x2310</load_address>
         <run_address>0x2310</run_address>
         <size>0x12</size>
         <input_file_ref idref="fl-12"/>
      </object_component>
      <object_component id="oc-102">
         <name>.text:GPIOPinTypeUART</name>
         <load_address>0x2322</load_address>
         <run_address>0x2322</run_address>
         <size>0x12</size>
         <input_file_ref idref="fl-12"/>
      </object_component>
      <object_component id="oc-de">
         <name>.text:FPUEnable</name>
         <load_address>0x2334</load_address>
         <run_address>0x2334</run_address>
         <size>0x10</size>
         <input_file_ref idref="fl-13"/>
      </object_component>
      <object_component id="oc-e4">
         <name>.text:FPULazyStackingEnable</name>
         <load_address>0x2344</load_address>
         <run_address>0x2344</run_address>
         <size>0x10</size>
         <input_file_ref idref="fl-13"/>
      </object_component>
      <object_component id="oc-1b">
         <name>.text:decompress:none:__TI_decompress_none</name>
         <load_address>0x2354</load_address>
         <run_address>0x2354</run_address>
         <size>0xe</size>
         <input_file_ref idref="fl-d0"/>
      </object_component>
      <object_component id="oc-229">
         <name>.text:CPUcpsie</name>
         <load_address>0x2362</load_address>
         <run_address>0x2362</run_address>
         <size>0xc</size>
         <input_file_ref idref="fl-14"/>
      </object_component>
      <object_component id="oc-2d">
         <name>.text:NmiSR</name>
         <load_address>0x236e</load_address>
         <run_address>0x236e</run_address>
         <size>0x2</size>
         <input_file_ref idref="fl-5"/>
      </object_component>
      <object_component id="oc-299">
         <name>.text:SMBusMasterIntHandler</name>
         <load_address>0x2370</load_address>
         <run_address>0x2370</run_address>
         <size>0xc</size>
         <input_file_ref idref="fl-2"/>
      </object_component>
      <object_component id="oc-3ba">
         <name>.text:I2CMasterEnable</name>
         <load_address>0x237c</load_address>
         <run_address>0x237c</run_address>
         <size>0xa</size>
         <input_file_ref idref="fl-11"/>
      </object_component>
      <object_component id="oc-3ce">
         <name>.text:I2CMasterIntStatusEx</name>
         <load_address>0x2386</load_address>
         <run_address>0x2386</run_address>
         <size>0xa</size>
         <input_file_ref idref="fl-11"/>
      </object_component>
      <object_component id="oc-f6">
         <name>.text:IntMasterEnable</name>
         <load_address>0x2390</load_address>
         <run_address>0x2390</run_address>
         <size>0xa</size>
         <input_file_ref idref="fl-10"/>
      </object_component>
      <object_component id="oc-3ab">
         <name>.text:UARTCharPut</name>
         <load_address>0x239a</load_address>
         <run_address>0x239a</run_address>
         <size>0xa</size>
         <input_file_ref idref="fl-d"/>
      </object_component>
      <object_component id="oc-377">
         <name>.text:I2CMasterBusBusy</name>
         <load_address>0x23a4</load_address>
         <run_address>0x23a4</run_address>
         <size>0x8</size>
         <input_file_ref idref="fl-11"/>
      </object_component>
      <object_component id="oc-35f">
         <name>.text:I2CMasterBusy</name>
         <load_address>0x23ac</load_address>
         <run_address>0x23ac</run_address>
         <size>0x8</size>
         <input_file_ref idref="fl-11"/>
      </object_component>
      <object_component id="oc-34b">
         <name>.text:I2CMasterIntEnableEx</name>
         <load_address>0x23b4</load_address>
         <run_address>0x23b4</run_address>
         <size>0x8</size>
         <input_file_ref idref="fl-11"/>
      </object_component>
      <object_component id="oc-365">
         <name>.text:I2CMasterSlaveAddrSet</name>
         <load_address>0x23bc</load_address>
         <run_address>0x23bc</run_address>
         <size>0x8</size>
         <input_file_ref idref="fl-11"/>
      </object_component>
      <object_component id="oc-27">
         <name>.text:ResetISR</name>
         <load_address>0x23c4</load_address>
         <run_address>0x23c4</run_address>
         <size>0x6</size>
         <input_file_ref idref="fl-5"/>
      </object_component>
      <object_component id="oc-126">
         <name>.text:SysCtlDelay</name>
         <load_address>0x23ca</load_address>
         <run_address>0x23ca</run_address>
         <size>0x6</size>
         <input_file_ref idref="fl-e"/>
      </object_component>
      <object_component id="oc-108">
         <name>.text:UARTClockSourceSet</name>
         <load_address>0x23d0</load_address>
         <run_address>0x23d0</run_address>
         <size>0x6</size>
         <input_file_ref idref="fl-d"/>
      </object_component>
      <object_component id="oc-37d">
         <name>.text:I2CMasterControl</name>
         <load_address>0x23d6</load_address>
         <run_address>0x23d6</run_address>
         <size>0x4</size>
         <input_file_ref idref="fl-11"/>
      </object_component>
      <object_component id="oc-3da">
         <name>.text:I2CMasterDataGet</name>
         <load_address>0x23da</load_address>
         <run_address>0x23da</run_address>
         <size>0x4</size>
         <input_file_ref idref="fl-11"/>
      </object_component>
      <object_component id="oc-36b">
         <name>.text:I2CMasterDataPut</name>
         <load_address>0x23de</load_address>
         <run_address>0x23de</run_address>
         <size>0x4</size>
         <input_file_ref idref="fl-11"/>
      </object_component>
      <object_component id="oc-3d4">
         <name>.text:I2CMasterIntClearEx</name>
         <load_address>0x23e2</load_address>
         <run_address>0x23e2</run_address>
         <size>0x4</size>
         <input_file_ref idref="fl-11"/>
      </object_component>
      <object_component id="oc-33e">
         <name>.text:I2CMasterTimeoutSet</name>
         <load_address>0x23e6</load_address>
         <run_address>0x23e6</run_address>
         <size>0x4</size>
         <input_file_ref idref="fl-11"/>
      </object_component>
      <object_component id="oc-aa">
         <name>.text:_system_pre_init</name>
         <load_address>0x23ea</load_address>
         <run_address>0x23ea</run_address>
         <size>0x4</size>
         <input_file_ref idref="fl-d7"/>
      </object_component>
      <object_component id="oc-1da">
         <name>.text:abort:abort</name>
         <load_address>0x23ee</load_address>
         <run_address>0x23ee</run_address>
         <size>0x4</size>
         <input_file_ref idref="fl-d9"/>
      </object_component>
      <object_component id="oc-1ab">
         <name>.text:SpecificationInfo_Read</name>
         <load_address>0x23f2</load_address>
         <run_address>0x23f2</run_address>
         <size>0x2</size>
         <input_file_ref idref="fl-2"/>
      </object_component>
      <object_component id="oc-3b2">
         <name>.text</name>
         <load_address>0x23f4</load_address>
         <run_address>0x23f4</run_address>
         <size>0x2</size>
         <input_file_ref idref="fl-d3"/>
      </object_component>
      <object_component id="oc-3e4">
         <name>.const:.string:g_pui8Crc8CCITT</name>
         <load_address>0x23f8</load_address>
         <run_address>0x23f8</run_address>
         <size>0x100</size>
         <input_file_ref idref="fl-f"/>
      </object_component>
      <object_component id="oc-235">
         <name>.const:g_pui32GPIOBaseAddrs</name>
         <load_address>0x24f8</load_address>
         <run_address>0x24f8</run_address>
         <size>0x90</size>
         <input_file_ref idref="fl-12"/>
      </object_component>
      <object_component id="oc-3ca">
         <name>.const</name>
         <load_address>0x2588</load_address>
         <run_address>0x2588</run_address>
         <size>0x70</size>
         <input_file_ref idref="fl-10"/>
      </object_component>
      <object_component id="oc-334">
         <name>.const:g_pui32Xtals</name>
         <load_address>0x25f8</load_address>
         <run_address>0x25f8</run_address>
         <size>0x6c</size>
         <input_file_ref idref="fl-e"/>
      </object_component>
      <object_component id="oc-25e">
         <name>.const:g_ui32UARTBase</name>
         <load_address>0x2664</load_address>
         <run_address>0x2664</run_address>
         <size>0xc</size>
         <input_file_ref idref="fl-6"/>
      </object_component>
      <object_component id="oc-25b">
         <name>.const:g_ui32UARTPeriph</name>
         <load_address>0x2670</load_address>
         <run_address>0x2670</run_address>
         <size>0xc</size>
         <input_file_ref idref="fl-6"/>
      </object_component>
      <object_component id="oc-436">
         <name>__TI_handler_table</name>
         <load_address>0x2680</load_address>
         <run_address>0x2680</run_address>
         <size>0xc</size>
      </object_component>
      <object_component id="oc-43a">
         <name>.cinit..bss.load</name>
         <load_address>0x2690</load_address>
         <run_address>0x2690</run_address>
         <size>0x8</size>
      </object_component>
      <object_component id="oc-438">
         <name>.cinit..vtable.load</name>
         <load_address>0x2698</load_address>
         <run_address>0x2698</run_address>
         <size>0x8</size>
      </object_component>
      <object_component id="oc-439">
         <name>.cinit..data.load</name>
         <load_address>0x26a0</load_address>
         <run_address>0x26a0</run_address>
         <size>0x7</size>
      </object_component>
      <object_component id="oc-437">
         <name>__TI_cinit_table</name>
         <load_address>0x26a8</load_address>
         <run_address>0x26a8</run_address>
         <size>0x18</size>
      </object_component>
      <object_component id="oc-346">
         <name>.vtable</name>
         <uninitialized>true</uninitialized>
         <run_address>0x20000000</run_address>
         <size>0x26c</size>
         <input_file_ref idref="fl-10"/>
      </object_component>
      <object_component id="oc-261">
         <name>.data</name>
         <load_address>0x200003d8</load_address>
         <run_address>0x200003d8</run_address>
         <size>0x5</size>
         <input_file_ref idref="fl-6"/>
      </object_component>
      <object_component id="oc-29f">
         <name>.common:g_sMaster</name>
         <uninitialized>true</uninitialized>
         <run_address>0x20000370</run_address>
         <size>0x20</size>
      </object_component>
      <object_component id="oc-2ad">
         <name>.common:pui8Data</name>
         <uninitialized>true</uninitialized>
         <run_address>0x20000390</run_address>
         <size>0xc</size>
      </object_component>
      <object_component id="oc-1d7">
         <name>.common:Manufacturer_Access</name>
         <uninitialized>true</uninitialized>
         <run_address>0x200003c4</run_address>
         <size>0x2</size>
      </object_component>
      <object_component id="oc-1d6">
         <name>.common:Remaining_Capacity_Alarm</name>
         <uninitialized>true</uninitialized>
         <run_address>0x200003cc</run_address>
         <size>0x2</size>
      </object_component>
      <object_component id="oc-1d5">
         <name>.common:Battery_Mode</name>
         <uninitialized>true</uninitialized>
         <run_address>0x200003b6</run_address>
         <size>0x2</size>
      </object_component>
      <object_component id="oc-1d4">
         <name>.common:At_Rate</name>
         <uninitialized>true</uninitialized>
         <run_address>0x200003a8</run_address>
         <size>0x2</size>
      </object_component>
      <object_component id="oc-1d3">
         <name>.common:At_Rate_Time_To_Full</name>
         <uninitialized>true</uninitialized>
         <run_address>0x200003ae</run_address>
         <size>0x2</size>
      </object_component>
      <object_component id="oc-1d2">
         <name>.common:At_Rate_Time_To_Empty</name>
         <uninitialized>true</uninitialized>
         <run_address>0x200003ac</run_address>
         <size>0x2</size>
      </object_component>
      <object_component id="oc-1d1">
         <name>.common:At_Rate_Ok</name>
         <uninitialized>true</uninitialized>
         <run_address>0x200003aa</run_address>
         <size>0x2</size>
      </object_component>
      <object_component id="oc-1d0">
         <name>.common:Temperature</name>
         <uninitialized>true</uninitialized>
         <run_address>0x200003a4</run_address>
         <size>0x4</size>
      </object_component>
      <object_component id="oc-1cf">
         <name>.common:Voltage</name>
         <uninitialized>true</uninitialized>
         <run_address>0x200003d4</run_address>
         <size>0x2</size>
      </object_component>
      <object_component id="oc-1ce">
         <name>.common:Current</name>
         <uninitialized>true</uninitialized>
         <run_address>0x200003ba</run_address>
         <size>0x2</size>
      </object_component>
      <object_component id="oc-1cd">
         <name>.common:Average_Current</name>
         <uninitialized>true</uninitialized>
         <run_address>0x200003b0</run_address>
         <size>0x2</size>
      </object_component>
      <object_component id="oc-1cc">
         <name>.common:Max_Error</name>
         <uninitialized>true</uninitialized>
         <run_address>0x200003c6</run_address>
         <size>0x2</size>
      </object_component>
      <object_component id="oc-1cb">
         <name>.common:Relative_State_Of_Charge</name>
         <uninitialized>true</uninitialized>
         <run_address>0x200003c8</run_address>
         <size>0x2</size>
      </object_component>
      <object_component id="oc-1ca">
         <name>.common:Absolute_State_Of_Charge</name>
         <uninitialized>true</uninitialized>
         <run_address>0x200003a2</run_address>
         <size>0x2</size>
      </object_component>
      <object_component id="oc-1c9">
         <name>.common:Remaining_Capacity</name>
         <uninitialized>true</uninitialized>
         <run_address>0x200003ca</run_address>
         <size>0x2</size>
      </object_component>
      <object_component id="oc-1c8">
         <name>.common:Full_Charge_Capacity</name>
         <uninitialized>true</uninitialized>
         <run_address>0x200003c2</run_address>
         <size>0x2</size>
      </object_component>
      <object_component id="oc-1c7">
         <name>.common:Runtime_To_Empty</name>
         <uninitialized>true</uninitialized>
         <run_address>0x200003ce</run_address>
         <size>0x2</size>
      </object_component>
      <object_component id="oc-1c6">
         <name>.common:Average_Time_To_Empty</name>
         <uninitialized>true</uninitialized>
         <run_address>0x200003b2</run_address>
         <size>0x2</size>
      </object_component>
      <object_component id="oc-1c5">
         <name>.common:Average_Time_To_Full</name>
         <uninitialized>true</uninitialized>
         <run_address>0x200003b4</run_address>
         <size>0x2</size>
      </object_component>
      <object_component id="oc-1c4">
         <name>.common:Battery_Status</name>
         <uninitialized>true</uninitialized>
         <run_address>0x200003b8</run_address>
         <size>0x2</size>
      </object_component>
      <object_component id="oc-1c3">
         <name>.common:Cycle_Count</name>
         <uninitialized>true</uninitialized>
         <run_address>0x200003bc</run_address>
         <size>0x2</size>
      </object_component>
      <object_component id="oc-1c2">
         <name>.common:Design_Capacity</name>
         <uninitialized>true</uninitialized>
         <run_address>0x200003be</run_address>
         <size>0x2</size>
      </object_component>
      <object_component id="oc-1c1">
         <name>.common:Design_Voltage</name>
         <uninitialized>true</uninitialized>
         <run_address>0x200003c0</run_address>
         <size>0x2</size>
      </object_component>
      <object_component id="oc-1d8">
         <name>.common:Specification_Info</name>
         <uninitialized>true</uninitialized>
         <run_address>0x200003d2</run_address>
         <size>0x2</size>
      </object_component>
      <object_component id="oc-1c0">
         <name>.common:Date</name>
         <uninitialized>true</uninitialized>
         <run_address>0x2000039c</run_address>
         <size>0x6</size>
      </object_component>
      <object_component id="oc-1bd">
         <name>.common:SerialNumber</name>
         <uninitialized>true</uninitialized>
         <run_address>0x200003d0</run_address>
         <size>0x2</size>
      </object_component>
      <object_component id="oc-24">
         <name>.stack</name>
         <uninitialized>true</uninitialized>
         <run_address>0x20000270</run_address>
         <size>0x4</size>
         <input_file_ref idref="fl-d2"/>
      </object_component>
      <object_component id="oc-43c">
         <name>.stack</name>
         <uninitialized>true</uninitialized>
         <run_address>0x20000270</run_address>
         <size>0x0</size>
      </object_component>
      <object_component id="oc-cc">
         <name>.debug_info</name>
         <load_address>0x0</load_address>
         <run_address>0x0</run_address>
         <size>0x649</size>
         <input_file_ref idref="fl-2"/>
      </object_component>
      <object_component id="oc-153">
         <name>.debug_info</name>
         <load_address>0x649</load_address>
         <run_address>0x649</run_address>
         <size>0x132</size>
         <input_file_ref idref="fl-2"/>
      </object_component>
      <object_component id="oc-14d">
         <name>.debug_info</name>
         <load_address>0x77b</load_address>
         <run_address>0x77b</run_address>
         <size>0x1c1</size>
         <input_file_ref idref="fl-2"/>
      </object_component>
      <object_component id="oc-1ad">
         <name>.debug_info</name>
         <load_address>0x93c</load_address>
         <run_address>0x93c</run_address>
         <size>0x113</size>
         <input_file_ref idref="fl-2"/>
      </object_component>
      <object_component id="oc-1b9">
         <name>.debug_info</name>
         <load_address>0xa4f</load_address>
         <run_address>0xa4f</run_address>
         <size>0x156</size>
         <input_file_ref idref="fl-2"/>
      </object_component>
      <object_component id="oc-29a">
         <name>.debug_info</name>
         <load_address>0xba5</load_address>
         <run_address>0xba5</run_address>
         <size>0x121</size>
         <input_file_ref idref="fl-2"/>
      </object_component>
      <object_component id="oc-182">
         <name>.debug_info</name>
         <load_address>0xcc6</load_address>
         <run_address>0xcc6</run_address>
         <size>0x140</size>
         <input_file_ref idref="fl-2"/>
      </object_component>
      <object_component id="oc-176">
         <name>.debug_info</name>
         <load_address>0xe06</load_address>
         <run_address>0xe06</run_address>
         <size>0x146</size>
         <input_file_ref idref="fl-2"/>
      </object_component>
      <object_component id="oc-128">
         <name>.debug_info</name>
         <load_address>0xf4c</load_address>
         <run_address>0xf4c</run_address>
         <size>0x14d</size>
         <input_file_ref idref="fl-2"/>
      </object_component>
      <object_component id="oc-16a">
         <name>.debug_info</name>
         <load_address>0x1099</load_address>
         <run_address>0x1099</run_address>
         <size>0x14e</size>
         <input_file_ref idref="fl-2"/>
      </object_component>
      <object_component id="oc-164">
         <name>.debug_info</name>
         <load_address>0x11e7</load_address>
         <run_address>0x11e7</run_address>
         <size>0x14e</size>
         <input_file_ref idref="fl-2"/>
      </object_component>
      <object_component id="oc-121">
         <name>.debug_info</name>
         <load_address>0x1335</load_address>
         <run_address>0x1335</run_address>
         <size>0x145</size>
         <input_file_ref idref="fl-2"/>
      </object_component>
      <object_component id="oc-1b2">
         <name>.debug_info</name>
         <load_address>0x147a</load_address>
         <run_address>0x147a</run_address>
         <size>0x176</size>
         <input_file_ref idref="fl-2"/>
      </object_component>
      <object_component id="oc-11b">
         <name>.debug_info</name>
         <load_address>0x15f0</load_address>
         <run_address>0x15f0</run_address>
         <size>0x1dd</size>
         <input_file_ref idref="fl-2"/>
      </object_component>
      <object_component id="oc-17c">
         <name>.debug_info</name>
         <load_address>0x17cd</load_address>
         <run_address>0x17cd</run_address>
         <size>0x148</size>
         <input_file_ref idref="fl-2"/>
      </object_component>
      <object_component id="oc-1a6">
         <name>.debug_info</name>
         <load_address>0x1915</load_address>
         <run_address>0x1915</run_address>
         <size>0x13e</size>
         <input_file_ref idref="fl-2"/>
      </object_component>
      <object_component id="oc-1a0">
         <name>.debug_info</name>
         <load_address>0x1a53</load_address>
         <run_address>0x1a53</run_address>
         <size>0x140</size>
         <input_file_ref idref="fl-2"/>
      </object_component>
      <object_component id="oc-19a">
         <name>.debug_info</name>
         <load_address>0x1b93</load_address>
         <run_address>0x1b93</run_address>
         <size>0x138</size>
         <input_file_ref idref="fl-2"/>
      </object_component>
      <object_component id="oc-158">
         <name>.debug_info</name>
         <load_address>0x1ccb</load_address>
         <run_address>0x1ccb</run_address>
         <size>0x132</size>
         <input_file_ref idref="fl-2"/>
      </object_component>
      <object_component id="oc-194">
         <name>.debug_info</name>
         <load_address>0x1dfd</load_address>
         <run_address>0x1dfd</run_address>
         <size>0x13e</size>
         <input_file_ref idref="fl-2"/>
      </object_component>
      <object_component id="oc-12e">
         <name>.debug_info</name>
         <load_address>0x1f3b</load_address>
         <run_address>0x1f3b</run_address>
         <size>0x154</size>
         <input_file_ref idref="fl-2"/>
      </object_component>
      <object_component id="oc-18e">
         <name>.debug_info</name>
         <load_address>0x208f</load_address>
         <run_address>0x208f</run_address>
         <size>0x146</size>
         <input_file_ref idref="fl-2"/>
      </object_component>
      <object_component id="oc-188">
         <name>.debug_info</name>
         <load_address>0x21d5</load_address>
         <run_address>0x21d5</run_address>
         <size>0x148</size>
         <input_file_ref idref="fl-2"/>
      </object_component>
      <object_component id="oc-15e">
         <name>.debug_info</name>
         <load_address>0x231d</load_address>
         <run_address>0x231d</run_address>
         <size>0x140</size>
         <input_file_ref idref="fl-2"/>
      </object_component>
      <object_component id="oc-134">
         <name>.debug_info</name>
         <load_address>0x245d</load_address>
         <run_address>0x245d</run_address>
         <size>0x14a</size>
         <input_file_ref idref="fl-2"/>
      </object_component>
      <object_component id="oc-13a">
         <name>.debug_info</name>
         <load_address>0x25a7</load_address>
         <run_address>0x25a7</run_address>
         <size>0x15e</size>
         <input_file_ref idref="fl-2"/>
      </object_component>
      <object_component id="oc-140">
         <name>.debug_info</name>
         <load_address>0x2705</load_address>
         <run_address>0x2705</run_address>
         <size>0x160</size>
         <input_file_ref idref="fl-2"/>
      </object_component>
      <object_component id="oc-146">
         <name>.debug_info</name>
         <load_address>0x2865</load_address>
         <run_address>0x2865</run_address>
         <size>0x14e</size>
         <input_file_ref idref="fl-2"/>
      </object_component>
      <object_component id="oc-170">
         <name>.debug_info</name>
         <load_address>0x29b3</load_address>
         <run_address>0x29b3</run_address>
         <size>0x168</size>
         <input_file_ref idref="fl-2"/>
      </object_component>
      <object_component id="oc-21a">
         <name>.debug_info</name>
         <load_address>0x2b1b</load_address>
         <run_address>0x2b1b</run_address>
         <size>0x310</size>
         <input_file_ref idref="fl-2"/>
      </object_component>
      <object_component id="oc-2db">
         <name>.debug_info</name>
         <load_address>0x2e2b</load_address>
         <run_address>0x2e2b</run_address>
         <size>0x72</size>
         <input_file_ref idref="fl-2"/>
      </object_component>
      <object_component id="oc-85">
         <name>.debug_info</name>
         <load_address>0x2e9d</load_address>
         <run_address>0x2e9d</run_address>
         <size>0x26b</size>
         <input_file_ref idref="fl-2"/>
      </object_component>
      <object_component id="oc-c7">
         <name>.debug_info</name>
         <load_address>0x3108</load_address>
         <run_address>0x3108</run_address>
         <size>0x8b</size>
         <input_file_ref idref="fl-2"/>
      </object_component>
      <object_component id="oc-c2">
         <name>.debug_info</name>
         <load_address>0x3193</load_address>
         <run_address>0x3193</run_address>
         <size>0x2a4</size>
         <input_file_ref idref="fl-2"/>
      </object_component>
      <object_component id="oc-8a">
         <name>.debug_info</name>
         <load_address>0x3437</load_address>
         <run_address>0x3437</run_address>
         <size>0xbb</size>
         <input_file_ref idref="fl-2"/>
      </object_component>
      <object_component id="oc-270">
         <name>.debug_info</name>
         <load_address>0x34f2</load_address>
         <run_address>0x34f2</run_address>
         <size>0x2c</size>
         <input_file_ref idref="fl-2"/>
      </object_component>
      <object_component id="oc-1be">
         <name>.debug_info</name>
         <load_address>0x351e</load_address>
         <run_address>0x351e</run_address>
         <size>0x1097</size>
         <input_file_ref idref="fl-3"/>
      </object_component>
      <object_component id="oc-b4">
         <name>.debug_info</name>
         <load_address>0x45b5</load_address>
         <run_address>0x45b5</run_address>
         <size>0x852</size>
         <input_file_ref idref="fl-3"/>
      </object_component>
      <object_component id="oc-345">
         <name>.debug_info</name>
         <load_address>0x4e07</load_address>
         <run_address>0x4e07</run_address>
         <size>0x7ef</size>
         <input_file_ref idref="fl-4"/>
      </object_component>
      <object_component id="oc-2a8">
         <name>.debug_info</name>
         <load_address>0x55f6</load_address>
         <run_address>0x55f6</run_address>
         <size>0x191</size>
         <input_file_ref idref="fl-4"/>
      </object_component>
      <object_component id="oc-35a">
         <name>.debug_info</name>
         <load_address>0x5787</load_address>
         <run_address>0x5787</run_address>
         <size>0x491</size>
         <input_file_ref idref="fl-4"/>
      </object_component>
      <object_component id="oc-295">
         <name>.debug_info</name>
         <load_address>0x5c18</load_address>
         <run_address>0x5c18</run_address>
         <size>0x1cd</size>
         <input_file_ref idref="fl-4"/>
      </object_component>
      <object_component id="oc-289">
         <name>.debug_info</name>
         <load_address>0x5de5</load_address>
         <run_address>0x5de5</run_address>
         <size>0x229</size>
         <input_file_ref idref="fl-4"/>
      </object_component>
      <object_component id="oc-2a3">
         <name>.debug_info</name>
         <load_address>0x600e</load_address>
         <run_address>0x600e</run_address>
         <size>0x348</size>
         <input_file_ref idref="fl-4"/>
      </object_component>
      <object_component id="oc-41">
         <name>.debug_info</name>
         <load_address>0x6356</load_address>
         <run_address>0x6356</run_address>
         <size>0x299</size>
         <input_file_ref idref="fl-5"/>
      </object_component>
      <object_component id="oc-13">
         <name>.debug_info</name>
         <load_address>0x65ef</load_address>
         <run_address>0x65ef</run_address>
         <size>0xd8</size>
         <input_file_ref idref="fl-5"/>
      </object_component>
      <object_component id="oc-2b">
         <name>.debug_info</name>
         <load_address>0x66c7</load_address>
         <run_address>0x66c7</run_address>
         <size>0x108</size>
         <input_file_ref idref="fl-5"/>
      </object_component>
      <object_component id="oc-31">
         <name>.debug_info</name>
         <load_address>0x67cf</load_address>
         <run_address>0x67cf</run_address>
         <size>0xf7</size>
         <input_file_ref idref="fl-5"/>
      </object_component>
      <object_component id="oc-3d">
         <name>.debug_info</name>
         <load_address>0x68c6</load_address>
         <run_address>0x68c6</run_address>
         <size>0x111</size>
         <input_file_ref idref="fl-5"/>
      </object_component>
      <object_component id="oc-37">
         <name>.debug_info</name>
         <load_address>0x69d7</load_address>
         <run_address>0x69d7</run_address>
         <size>0xff</size>
         <input_file_ref idref="fl-5"/>
      </object_component>
      <object_component id="oc-48">
         <name>.debug_info</name>
         <load_address>0x6ad6</load_address>
         <run_address>0x6ad6</run_address>
         <size>0x84</size>
         <input_file_ref idref="fl-5"/>
      </object_component>
      <object_component id="oc-268">
         <name>.debug_info</name>
         <load_address>0x6b5a</load_address>
         <run_address>0x6b5a</run_address>
         <size>0x3f9</size>
         <input_file_ref idref="fl-6"/>
      </object_component>
      <object_component id="oc-262">
         <name>.debug_info</name>
         <load_address>0x6f53</load_address>
         <run_address>0x6f53</run_address>
         <size>0xf0</size>
         <input_file_ref idref="fl-6"/>
      </object_component>
      <object_component id="oc-25f">
         <name>.debug_info</name>
         <load_address>0x7043</load_address>
         <run_address>0x7043</run_address>
         <size>0xf8</size>
         <input_file_ref idref="fl-6"/>
      </object_component>
      <object_component id="oc-25c">
         <name>.debug_info</name>
         <load_address>0x713b</load_address>
         <run_address>0x713b</run_address>
         <size>0xfc</size>
         <input_file_ref idref="fl-6"/>
      </object_component>
      <object_component id="oc-328">
         <name>.debug_info</name>
         <load_address>0x7237</load_address>
         <run_address>0x7237</run_address>
         <size>0x1f1</size>
         <input_file_ref idref="fl-6"/>
      </object_component>
      <object_component id="oc-26b">
         <name>.debug_info</name>
         <load_address>0x7428</load_address>
         <run_address>0x7428</run_address>
         <size>0x30d</size>
         <input_file_ref idref="fl-6"/>
      </object_component>
      <object_component id="oc-115">
         <name>.debug_info</name>
         <load_address>0x7735</load_address>
         <run_address>0x7735</run_address>
         <size>0x1a8</size>
         <input_file_ref idref="fl-6"/>
      </object_component>
      <object_component id="oc-264">
         <name>.debug_info</name>
         <load_address>0x78dd</load_address>
         <run_address>0x78dd</run_address>
         <size>0x23c</size>
         <input_file_ref idref="fl-6"/>
      </object_component>
      <object_component id="oc-10f">
         <name>.debug_info</name>
         <load_address>0x7b19</load_address>
         <run_address>0x7b19</run_address>
         <size>0x288</size>
         <input_file_ref idref="fl-6"/>
      </object_component>
      <object_component id="oc-248">
         <name>.debug_info</name>
         <load_address>0x7da1</load_address>
         <run_address>0x7da1</run_address>
         <size>0x1ce</size>
         <input_file_ref idref="fl-d"/>
      </object_component>
      <object_component id="oc-258">
         <name>.debug_info</name>
         <load_address>0x7f6f</load_address>
         <run_address>0x7f6f</run_address>
         <size>0x1ab</size>
         <input_file_ref idref="fl-d"/>
      </object_component>
      <object_component id="oc-317">
         <name>.debug_info</name>
         <load_address>0x811a</load_address>
         <run_address>0x811a</run_address>
         <size>0x233</size>
         <input_file_ref idref="fl-d"/>
      </object_component>
      <object_component id="oc-252">
         <name>.debug_info</name>
         <load_address>0x834d</load_address>
         <run_address>0x834d</run_address>
         <size>0x28a</size>
         <input_file_ref idref="fl-d"/>
      </object_component>
      <object_component id="oc-10b">
         <name>.debug_info</name>
         <load_address>0x85d7</load_address>
         <run_address>0x85d7</run_address>
         <size>0x1f5</size>
         <input_file_ref idref="fl-d"/>
      </object_component>
      <object_component id="oc-3ae">
         <name>.debug_info</name>
         <load_address>0x87cc</load_address>
         <run_address>0x87cc</run_address>
         <size>0x25d</size>
         <input_file_ref idref="fl-d"/>
      </object_component>
      <object_component id="oc-230">
         <name>.debug_info</name>
         <load_address>0x8a29</load_address>
         <run_address>0x8a29</run_address>
         <size>0x90</size>
         <input_file_ref idref="fl-d"/>
      </object_component>
      <object_component id="oc-222">
         <name>.debug_info</name>
         <load_address>0x8ab9</load_address>
         <run_address>0x8ab9</run_address>
         <size>0x18b</size>
         <input_file_ref idref="fl-d"/>
      </object_component>
      <object_component id="oc-227">
         <name>.debug_info</name>
         <load_address>0x8c44</load_address>
         <run_address>0x8c44</run_address>
         <size>0x226</size>
         <input_file_ref idref="fl-e"/>
      </object_component>
      <object_component id="oc-335">
         <name>.debug_info</name>
         <load_address>0x8e6a</load_address>
         <run_address>0x8e6a</run_address>
         <size>0xff</size>
         <input_file_ref idref="fl-e"/>
      </object_component>
      <object_component id="oc-24a">
         <name>.debug_info</name>
         <load_address>0x8f69</load_address>
         <run_address>0x8f69</run_address>
         <size>0x1e7</size>
         <input_file_ref idref="fl-e"/>
      </object_component>
      <object_component id="oc-f1">
         <name>.debug_info</name>
         <load_address>0x9150</load_address>
         <run_address>0x9150</run_address>
         <size>0x1e1</size>
         <input_file_ref idref="fl-e"/>
      </object_component>
      <object_component id="oc-ec">
         <name>.debug_info</name>
         <load_address>0x9331</load_address>
         <run_address>0x9331</run_address>
         <size>0x2d4</size>
         <input_file_ref idref="fl-e"/>
      </object_component>
      <object_component id="oc-282">
         <name>.debug_info</name>
         <load_address>0x9605</load_address>
         <run_address>0x9605</run_address>
         <size>0x202</size>
         <input_file_ref idref="fl-e"/>
      </object_component>
      <object_component id="oc-305">
         <name>.debug_info</name>
         <load_address>0x9807</load_address>
         <run_address>0x9807</run_address>
         <size>0x5f</size>
         <input_file_ref idref="fl-e"/>
      </object_component>
      <object_component id="oc-3e8">
         <name>.debug_info</name>
         <load_address>0x9866</load_address>
         <run_address>0x9866</run_address>
         <size>0x130</size>
         <input_file_ref idref="fl-f"/>
      </object_component>
      <object_component id="oc-3e5">
         <name>.debug_info</name>
         <load_address>0x9996</load_address>
         <run_address>0x9996</run_address>
         <size>0x105</size>
         <input_file_ref idref="fl-f"/>
      </object_component>
      <object_component id="oc-372">
         <name>.debug_info</name>
         <load_address>0x9a9b</load_address>
         <run_address>0x9a9b</run_address>
         <size>0x29b</size>
         <input_file_ref idref="fl-f"/>
      </object_component>
      <object_component id="oc-3e9">
         <name>.debug_info</name>
         <load_address>0x9d36</load_address>
         <run_address>0x9d36</run_address>
         <size>0x89</size>
         <input_file_ref idref="fl-f"/>
      </object_component>
      <object_component id="oc-34a">
         <name>.debug_info</name>
         <load_address>0x9dbf</load_address>
         <run_address>0x9dbf</run_address>
         <size>0x1ba</size>
         <input_file_ref idref="fl-10"/>
      </object_component>
      <object_component id="oc-3cb">
         <name>.debug_info</name>
         <load_address>0x9f79</load_address>
         <run_address>0x9f79</run_address>
         <size>0x1c2</size>
         <input_file_ref idref="fl-10"/>
      </object_component>
      <object_component id="oc-347">
         <name>.debug_info</name>
         <load_address>0xa13b</load_address>
         <run_address>0xa13b</run_address>
         <size>0x109</size>
         <input_file_ref idref="fl-10"/>
      </object_component>
      <object_component id="oc-28e">
         <name>.debug_info</name>
         <load_address>0xa244</load_address>
         <run_address>0xa244</run_address>
         <size>0x2b0</size>
         <input_file_ref idref="fl-10"/>
      </object_component>
      <object_component id="oc-f8">
         <name>.debug_info</name>
         <load_address>0xa4f4</load_address>
         <run_address>0xa4f4</run_address>
         <size>0x1a2</size>
         <input_file_ref idref="fl-10"/>
      </object_component>
      <object_component id="oc-353">
         <name>.debug_info</name>
         <load_address>0xa696</load_address>
         <run_address>0xa696</run_address>
         <size>0x1cc</size>
         <input_file_ref idref="fl-10"/>
      </object_component>
      <object_component id="oc-3c1">
         <name>.debug_info</name>
         <load_address>0xa862</load_address>
         <run_address>0xa862</run_address>
         <size>0x1d8</size>
         <input_file_ref idref="fl-11"/>
      </object_component>
      <object_component id="oc-33f">
         <name>.debug_info</name>
         <load_address>0xaa3a</load_address>
         <run_address>0xaa3a</run_address>
         <size>0x1f0</size>
         <input_file_ref idref="fl-11"/>
      </object_component>
      <object_component id="oc-366">
         <name>.debug_info</name>
         <load_address>0xac2a</load_address>
         <run_address>0xac2a</run_address>
         <size>0x232</size>
         <input_file_ref idref="fl-11"/>
      </object_component>
      <object_component id="oc-3cf">
         <name>.debug_info</name>
         <load_address>0xae5c</load_address>
         <run_address>0xae5c</run_address>
         <size>0x1ee</size>
         <input_file_ref idref="fl-11"/>
      </object_component>
      <object_component id="oc-34c">
         <name>.debug_info</name>
         <load_address>0xb04a</load_address>
         <run_address>0xb04a</run_address>
         <size>0x1fe</size>
         <input_file_ref idref="fl-11"/>
      </object_component>
      <object_component id="oc-3d5">
         <name>.debug_info</name>
         <load_address>0xb248</load_address>
         <run_address>0xb248</run_address>
         <size>0x1fc</size>
         <input_file_ref idref="fl-11"/>
      </object_component>
      <object_component id="oc-3bb">
         <name>.debug_info</name>
         <load_address>0xb444</load_address>
         <run_address>0xb444</run_address>
         <size>0x1b2</size>
         <input_file_ref idref="fl-11"/>
      </object_component>
      <object_component id="oc-339">
         <name>.debug_info</name>
         <load_address>0xb5f6</load_address>
         <run_address>0xb5f6</run_address>
         <size>0x24c</size>
         <input_file_ref idref="fl-11"/>
      </object_component>
      <object_component id="oc-36c">
         <name>.debug_info</name>
         <load_address>0xb842</load_address>
         <run_address>0xb842</run_address>
         <size>0x1e2</size>
         <input_file_ref idref="fl-11"/>
      </object_component>
      <object_component id="oc-3db">
         <name>.debug_info</name>
         <load_address>0xba24</load_address>
         <run_address>0xba24</run_address>
         <size>0x1b8</size>
         <input_file_ref idref="fl-11"/>
      </object_component>
      <object_component id="oc-37e">
         <name>.debug_info</name>
         <load_address>0xbbdc</load_address>
         <run_address>0xbbdc</run_address>
         <size>0x1e2</size>
         <input_file_ref idref="fl-11"/>
      </object_component>
      <object_component id="oc-360">
         <name>.debug_info</name>
         <load_address>0xbdbe</load_address>
         <run_address>0xbdbe</run_address>
         <size>0x1b2</size>
         <input_file_ref idref="fl-11"/>
      </object_component>
      <object_component id="oc-378">
         <name>.debug_info</name>
         <load_address>0xbf70</load_address>
         <run_address>0xbf70</run_address>
         <size>0x1b8</size>
         <input_file_ref idref="fl-11"/>
      </object_component>
      <object_component id="oc-239">
         <name>.debug_info</name>
         <load_address>0xc128</load_address>
         <run_address>0xc128</run_address>
         <size>0x1d7</size>
         <input_file_ref idref="fl-12"/>
      </object_component>
      <object_component id="oc-236">
         <name>.debug_info</name>
         <load_address>0xc2ff</load_address>
         <run_address>0xc2ff</run_address>
         <size>0x10d</size>
         <input_file_ref idref="fl-12"/>
      </object_component>
      <object_component id="oc-23c">
         <name>.debug_info</name>
         <load_address>0xc40c</load_address>
         <run_address>0xc40c</run_address>
         <size>0x217</size>
         <input_file_ref idref="fl-12"/>
      </object_component>
      <object_component id="oc-242">
         <name>.debug_info</name>
         <load_address>0xc623</load_address>
         <run_address>0xc623</run_address>
         <size>0x312</size>
         <input_file_ref idref="fl-12"/>
      </object_component>
      <object_component id="oc-104">
         <name>.debug_info</name>
         <load_address>0xc935</load_address>
         <run_address>0xc935</run_address>
         <size>0x1df</size>
         <input_file_ref idref="fl-12"/>
      </object_component>
      <object_component id="oc-277">
         <name>.debug_info</name>
         <load_address>0xcb14</load_address>
         <run_address>0xcb14</run_address>
         <size>0x1e3</size>
         <input_file_ref idref="fl-12"/>
      </object_component>
      <object_component id="oc-27c">
         <name>.debug_info</name>
         <load_address>0xccf7</load_address>
         <run_address>0xccf7</run_address>
         <size>0x1dd</size>
         <input_file_ref idref="fl-12"/>
      </object_component>
      <object_component id="oc-fd">
         <name>.debug_info</name>
         <load_address>0xced4</load_address>
         <run_address>0xced4</run_address>
         <size>0x1e4</size>
         <input_file_ref idref="fl-12"/>
      </object_component>
      <object_component id="oc-e5">
         <name>.debug_info</name>
         <load_address>0xd0b8</load_address>
         <run_address>0xd0b8</run_address>
         <size>0x189</size>
         <input_file_ref idref="fl-13"/>
      </object_component>
      <object_component id="oc-e0">
         <name>.debug_info</name>
         <load_address>0xd241</load_address>
         <run_address>0xd241</run_address>
         <size>0x171</size>
         <input_file_ref idref="fl-13"/>
      </object_component>
      <object_component id="oc-22a">
         <name>.debug_info</name>
         <load_address>0xd3b2</load_address>
         <run_address>0xd3b2</run_address>
         <size>0x176</size>
         <input_file_ref idref="fl-14"/>
      </object_component>
      <object_component id="oc-2c0">
         <name>.debug_info</name>
         <load_address>0xd528</load_address>
         <run_address>0xd528</run_address>
         <size>0x14c</size>
         <input_file_ref idref="fl-ca"/>
      </object_component>
      <object_component id="oc-2bc">
         <name>.debug_info</name>
         <load_address>0xd674</load_address>
         <run_address>0xd674</run_address>
         <size>0x13a</size>
         <input_file_ref idref="fl-cb"/>
      </object_component>
      <object_component id="oc-2c6">
         <name>.debug_info</name>
         <load_address>0xd7ae</load_address>
         <run_address>0xd7ae</run_address>
         <size>0x139</size>
         <input_file_ref idref="fl-cc"/>
      </object_component>
      <object_component id="oc-2b6">
         <name>.debug_info</name>
         <load_address>0xd8e7</load_address>
         <run_address>0xd8e7</run_address>
         <size>0x12e</size>
         <input_file_ref idref="fl-cd"/>
      </object_component>
      <object_component id="oc-32d">
         <name>.debug_info</name>
         <load_address>0xda15</load_address>
         <run_address>0xda15</run_address>
         <size>0x142</size>
         <input_file_ref idref="fl-ce"/>
      </object_component>
      <object_component id="oc-a3">
         <name>.debug_info</name>
         <load_address>0xdb57</load_address>
         <run_address>0xdb57</run_address>
         <size>0x2d4</size>
         <input_file_ref idref="fl-cf"/>
      </object_component>
      <object_component id="oc-5c">
         <name>.debug_info</name>
         <load_address>0xde2b</load_address>
         <run_address>0xde2b</run_address>
         <size>0x1d2</size>
         <input_file_ref idref="fl-cf"/>
      </object_component>
      <object_component id="oc-9e">
         <name>.debug_info</name>
         <load_address>0xdffd</load_address>
         <run_address>0xdffd</run_address>
         <size>0x46</size>
         <input_file_ref idref="fl-cf"/>
      </object_component>
      <object_component id="oc-d5">
         <name>.debug_info</name>
         <load_address>0xe043</load_address>
         <run_address>0xe043</run_address>
         <size>0x2c</size>
         <input_file_ref idref="fl-cf"/>
      </object_component>
      <object_component id="oc-58">
         <name>.debug_info</name>
         <load_address>0xe06f</load_address>
         <run_address>0xe06f</run_address>
         <size>0x2a8</size>
         <input_file_ref idref="fl-d0"/>
      </object_component>
      <object_component id="oc-1e">
         <name>.debug_info</name>
         <load_address>0xe317</load_address>
         <run_address>0xe317</run_address>
         <size>0x1ea</size>
         <input_file_ref idref="fl-d0"/>
      </object_component>
      <object_component id="oc-53">
         <name>.debug_info</name>
         <load_address>0xe501</load_address>
         <run_address>0xe501</run_address>
         <size>0x46</size>
         <input_file_ref idref="fl-d0"/>
      </object_component>
      <object_component id="oc-96">
         <name>.debug_info</name>
         <load_address>0xe547</load_address>
         <run_address>0xe547</run_address>
         <size>0x2c</size>
         <input_file_ref idref="fl-d0"/>
      </object_component>
      <object_component id="oc-94">
         <name>.debug_info</name>
         <load_address>0xe573</load_address>
         <run_address>0xe573</run_address>
         <size>0x29e</size>
         <input_file_ref idref="fl-d1"/>
      </object_component>
      <object_component id="oc-19">
         <name>.debug_info</name>
         <load_address>0xe811</load_address>
         <run_address>0xe811</run_address>
         <size>0x250</size>
         <input_file_ref idref="fl-d1"/>
      </object_component>
      <object_component id="oc-43">
         <name>.debug_info</name>
         <load_address>0xea61</load_address>
         <run_address>0xea61</run_address>
         <size>0x60</size>
         <input_file_ref idref="fl-d1"/>
      </object_component>
      <object_component id="oc-ce">
         <name>.debug_info</name>
         <load_address>0xeac1</load_address>
         <run_address>0xeac1</run_address>
         <size>0x46</size>
         <input_file_ref idref="fl-d1"/>
      </object_component>
      <object_component id="oc-8f">
         <name>.debug_info</name>
         <load_address>0xeb07</load_address>
         <run_address>0xeb07</run_address>
         <size>0x39</size>
         <input_file_ref idref="fl-d1"/>
      </object_component>
      <object_component id="oc-25">
         <name>.debug_info</name>
         <load_address>0xeb40</load_address>
         <run_address>0xeb40</run_address>
         <size>0x10b</size>
         <input_file_ref idref="fl-d2"/>
      </object_component>
      <object_component id="oc-6d">
         <name>.debug_info</name>
         <load_address>0xec4b</load_address>
         <run_address>0xec4b</run_address>
         <size>0x1a9</size>
         <input_file_ref idref="fl-d2"/>
      </object_component>
      <object_component id="oc-3b3">
         <name>.debug_info</name>
         <load_address>0xedf4</load_address>
         <run_address>0xedf4</run_address>
         <size>0x115</size>
         <input_file_ref idref="fl-d3"/>
      </object_component>
      <object_component id="oc-50">
         <name>.debug_info</name>
         <load_address>0xef09</load_address>
         <run_address>0xef09</run_address>
         <size>0x119</size>
         <input_file_ref idref="fl-d4"/>
      </object_component>
      <object_component id="oc-2ee">
         <name>.debug_info</name>
         <load_address>0xf022</load_address>
         <run_address>0xf022</run_address>
         <size>0x4b3</size>
         <input_file_ref idref="fl-d6"/>
      </object_component>
      <object_component id="oc-1e8">
         <name>.debug_info</name>
         <load_address>0xf4d5</load_address>
         <run_address>0xf4d5</run_address>
         <size>0x1a6</size>
         <input_file_ref idref="fl-d6"/>
      </object_component>
      <object_component id="oc-399">
         <name>.debug_info</name>
         <load_address>0xf67b</load_address>
         <run_address>0xf67b</run_address>
         <size>0x39</size>
         <input_file_ref idref="fl-d6"/>
      </object_component>
      <object_component id="oc-3f3">
         <name>.debug_info</name>
         <load_address>0xf6b4</load_address>
         <run_address>0xf6b4</run_address>
         <size>0x39</size>
         <input_file_ref idref="fl-d6"/>
      </object_component>
      <object_component id="oc-39e">
         <name>.debug_info</name>
         <load_address>0xf6ed</load_address>
         <run_address>0xf6ed</run_address>
         <size>0x39</size>
         <input_file_ref idref="fl-d6"/>
      </object_component>
      <object_component id="oc-3a3">
         <name>.debug_info</name>
         <load_address>0xf726</load_address>
         <run_address>0xf726</run_address>
         <size>0xcd</size>
         <input_file_ref idref="fl-d6"/>
      </object_component>
      <object_component id="oc-ab">
         <name>.debug_info</name>
         <load_address>0xf7f3</load_address>
         <run_address>0xf7f3</run_address>
         <size>0x153</size>
         <input_file_ref idref="fl-d7"/>
      </object_component>
      <object_component id="oc-1dd">
         <name>.debug_info</name>
         <load_address>0xf946</load_address>
         <run_address>0xf946</run_address>
         <size>0x122</size>
         <input_file_ref idref="fl-d9"/>
      </object_component>
      <object_component id="oc-43d">
         <name>.debug_info</name>
         <load_address>0xfa68</load_address>
         <run_address>0xfa68</run_address>
         <size>0x98</size>
      </object_component>
      <object_component id="oc-219">
         <name>.debug_line</name>
         <load_address>0x0</load_address>
         <run_address>0x0</run_address>
         <size>0xf0</size>
         <input_file_ref idref="fl-2"/>
      </object_component>
      <object_component id="oc-152">
         <name>.debug_line</name>
         <load_address>0xf0</load_address>
         <run_address>0xf0</run_address>
         <size>0x47</size>
         <input_file_ref idref="fl-2"/>
      </object_component>
      <object_component id="oc-14c">
         <name>.debug_line</name>
         <load_address>0x137</load_address>
         <run_address>0x137</run_address>
         <size>0x53</size>
         <input_file_ref idref="fl-2"/>
      </object_component>
      <object_component id="oc-1ac">
         <name>.debug_line</name>
         <load_address>0x18a</load_address>
         <run_address>0x18a</run_address>
         <size>0x3e</size>
         <input_file_ref idref="fl-2"/>
      </object_component>
      <object_component id="oc-1b8">
         <name>.debug_line</name>
         <load_address>0x1c8</load_address>
         <run_address>0x1c8</run_address>
         <size>0x4c</size>
         <input_file_ref idref="fl-2"/>
      </object_component>
      <object_component id="oc-29d">
         <name>.debug_line</name>
         <load_address>0x214</load_address>
         <run_address>0x214</run_address>
         <size>0x3e</size>
         <input_file_ref idref="fl-2"/>
      </object_component>
      <object_component id="oc-186">
         <name>.debug_line</name>
         <load_address>0x252</load_address>
         <run_address>0x252</run_address>
         <size>0x47</size>
         <input_file_ref idref="fl-2"/>
      </object_component>
      <object_component id="oc-179">
         <name>.debug_line</name>
         <load_address>0x299</load_address>
         <run_address>0x299</run_address>
         <size>0x47</size>
         <input_file_ref idref="fl-2"/>
      </object_component>
      <object_component id="oc-12b">
         <name>.debug_line</name>
         <load_address>0x2e0</load_address>
         <run_address>0x2e0</run_address>
         <size>0x47</size>
         <input_file_ref idref="fl-2"/>
      </object_component>
      <object_component id="oc-16d">
         <name>.debug_line</name>
         <load_address>0x327</load_address>
         <run_address>0x327</run_address>
         <size>0x47</size>
         <input_file_ref idref="fl-2"/>
      </object_component>
      <object_component id="oc-167">
         <name>.debug_line</name>
         <load_address>0x36e</load_address>
         <run_address>0x36e</run_address>
         <size>0x4c</size>
[...]
         <value>0x100</value>
      </symbol>
      <symbol id="sm-b">
         <name>__STACK_END</name>
         <value>0x20000370</value>
      </symbol>
      <symbol id="sm-c">
         <name>__c_args__</name>
         <value>0xffffffff</value>
      </symbol>
      <symbol id="sm-d">
         <name>__TI_pprof_out_hndl</name>
         <value>0xffffffff</value>
      </symbol>
      <symbol id="sm-e">
         <name>__TI_prof_data_start</name>
         <value>0xffffffff</value>
      </symbol>
      <symbol id="sm-f">
         <name>__TI_prof_data_size</name>
         <value>0xffffffff</value>
      </symbol>
      <symbol id="sm-1a2">
         <name>g_sMaster</name>
         <value>0x20000370</value>
      </symbol>
      <symbol id="sm-1a3">
         <name>pui8Data</name>
         <value>0x20000390</value>
      </symbol>
      <symbol id="sm-1a4">
         <name>BatteryMode_Read</name>
         <value>0x1bcd</value>
         <object_component_ref idref="oc-12d"/>
      </symbol>
      <symbol id="sm-1a5">
         <name>RemainingCapacityAlarm_Read</name>
         <value>0x208d</value>
         <object_component_ref idref="oc-127"/>
      </symbol>
      <symbol id="sm-1a6">
         <name>ManufactureDate_Read</name>
         <value>0x1839</value>
         <object_component_ref idref="oc-1b1"/>
      </symbol>
      <symbol id="sm-1a7">
         <name>AbsoluteStateOfCharge_Read</name>
         <value>0x1abd</value>
         <object_component_ref idref="oc-16f"/>
      </symbol>
      <symbol id="sm-1a8">
         <name>Current_Read</name>
         <value>0x1eed</value>
         <object_component_ref idref="oc-157"/>
      </symbol>
      <symbol id="sm-1a9">
         <name>Voltage_Read</name>
         <value>0x2191</value>
         <object_component_ref idref="oc-151"/>
      </symbol>
      <symbol id="sm-1aa">
         <name>SpecificationInfo_Read</name>
         <value>0x23f3</value>
         <object_component_ref idref="oc-1ab"/>
      </symbol>
      <symbol id="sm-1ab">
         <name>AtRateTimeToEmpty_Read</name>
         <value>0x1b01</value>
         <object_component_ref idref="oc-13f"/>
      </symbol>
      <symbol id="sm-1ac">
         <name>RemainingCapacity_Read</name>
         <value>0x20c1</value>
         <object_component_ref idref="oc-175"/>
      </symbol>
      <symbol id="sm-1ad">
         <name>MaxError_Read</name>
         <value>0x1c11</value>
         <object_component_ref idref="oc-163"/>
      </symbol>
      <symbol id="sm-1ae">
         <name>AverageCurrent_Read</name>
         <value>0x1e1d</value>
         <object_component_ref idref="oc-15d"/>
      </symbol>
      <symbol id="sm-1af">
         <name>SerialNumber_Read</name>
         <value>0x1c55</value>
         <object_component_ref idref="oc-1b7"/>
      </symbol>
      <symbol id="sm-1b0">
         <name>HostInit</name>
         <value>0x18b1</value>
         <object_component_ref idref="oc-11a"/>
      </symbol>
      <symbol id="sm-1b1">
         <name>AtRate_Read</name>
         <value>0x1b89</value>
         <object_component_ref idref="oc-133"/>
      </symbol>
      <symbol id="sm-1b2">
         <name>CycleCount_Read</name>
         <value>0x1f21</value>
         <object_component_ref idref="oc-199"/>
      </symbol>
      <symbol id="sm-1b3">
         <name>DesignVoltage_Read</name>
         <value>0x1f89</value>
         <object_component_ref idref="oc-1a5"/>
      </symbol>
      <symbol id="sm-1b4">
         <name>AverageTimeToFull_Read</name>
         <value>0x1e85</value>
         <object_component_ref idref="oc-18d"/>
      </symbol>
      <symbol id="sm-1b5">
         <name>AverageTimeToEmpty_Read</name>
         <value>0x1e51</value>
         <object_component_ref idref="oc-187"/>
      </symbol>
      <symbol id="sm-1b6">
         <name>DesignCapacity_Read</name>
         <value>0x1f55</value>
         <object_component_ref idref="oc-19f"/>
      </symbol>
      <symbol id="sm-1b7">
         <name>BatteryStatus_Read</name>
         <value>0x1eb9</value>
         <object_component_ref idref="oc-193"/>
      </symbol>
      <symbol id="sm-1b8">
         <name>RunTimeToEmpty_Read</name>
         <value>0x20f5</value>
         <object_component_ref idref="oc-181"/>
      </symbol>
      <symbol id="sm-1b9">
         <name>AtRateTimeToFull_Read</name>
         <value>0x1b45</value>
         <object_component_ref idref="oc-139"/>
      </symbol>
      <symbol id="sm-1ba">
         <name>Temperature_Read</name>
         <value>0x17bd</value>
         <object_component_ref idref="oc-14b"/>
      </symbol>
      <symbol id="sm-1bb">
         <name>RelativeStateOfCharge_Read</name>
         <value>0x2059</value>
         <object_component_ref idref="oc-169"/>
      </symbol>
      <symbol id="sm-1bc">
         <name>ManufacturerAccess_Read</name>
         <value>0x2025</value>
         <object_component_ref idref="oc-120"/>
      </symbol>
      <symbol id="sm-1bd">
         <name>SMBusMasterIntHandler</name>
         <value>0x2371</value>
         <object_component_ref idref="oc-299"/>
      </symbol>
      <symbol id="sm-1be">
         <name>FullChargeCapacity_Read</name>
         <value>0x1fbd</value>
         <object_component_ref idref="oc-17b"/>
      </symbol>
      <symbol id="sm-1bf">
         <name>AtRateOK_Read</name>
         <value>0x19e5</value>
         <object_component_ref idref="oc-145"/>
      </symbol>
      <symbol id="sm-20d">
         <name>Manufacturer_Access</name>
         <value>0x200003c4</value>
      </symbol>
      <symbol id="sm-20e">
         <name>Remaining_Capacity_Alarm</name>
         <value>0x200003cc</value>
      </symbol>
      <symbol id="sm-20f">
         <name>Battery_Mode</name>
         <value>0x200003b6</value>
      </symbol>
      <symbol id="sm-210">
         <name>At_Rate</name>
         <value>0x200003a8</value>
      </symbol>
      <symbol id="sm-211">
         <name>At_Rate_Time_To_Full</name>
         <value>0x200003ae</value>
      </symbol>
      <symbol id="sm-212">
         <name>At_Rate_Time_To_Empty</name>
         <value>0x200003ac</value>
      </symbol>
      <symbol id="sm-213">
         <name>At_Rate_Ok</name>
         <value>0x200003aa</value>
      </symbol>
      <symbol id="sm-214">
         <name>Temperature</name>
         <value>0x200003a4</value>
      </symbol>
      <symbol id="sm-215">
         <name>Voltage</name>
         <value>0x200003d4</value>
      </symbol>
      <symbol id="sm-216">
         <name>Current</name>
         <value>0x200003ba</value>
      </symbol>
      <symbol id="sm-217">
         <name>Average_Current</name>
         <value>0x200003b0</value>
      </symbol>
      <symbol id="sm-218">
         <name>Max_Error</name>
         <value>0x200003c6</value>
      </symbol>
      <symbol id="sm-219">
         <name>Relative_State_Of_Charge</name>
         <value>0x200003c8</value>
      </symbol>
      <symbol id="sm-21a">
         <name>Absolute_State_Of_Charge</name>
         <value>0x200003a2</value>
      </symbol>
      <symbol id="sm-21b">
         <name>Remaining_Capacity</name>
         <value>0x200003ca</value>
      </symbol>
      <symbol id="sm-21c">
         <name>Full_Charge_Capacity</name>
         <value>0x200003c2</value>
      </symbol>
      <symbol id="sm-21d">
         <name>Runtime_To_Empty</name>
         <value>0x200003ce</value>
      </symbol>
      <symbol id="sm-21e">
         <name>Average_Time_To_Empty</name>
         <value>0x200003b2</value>
      </symbol>
      <symbol id="sm-21f">
         <name>Average_Time_To_Full</name>
         <value>0x200003b4</value>
      </symbol>
      <symbol id="sm-220">
         <name>Battery_Status</name>
         <value>0x200003b8</value>
      </symbol>
      <symbol id="sm-221">
         <name>Cycle_Count</name>
         <value>0x200003bc</value>
      </symbol>
      <symbol id="sm-222">
         <name>Design_Capacity</name>
         <value>0x200003be</value>
      </symbol>
      <symbol id="sm-223">
         <name>Design_Voltage</name>
         <value>0x200003c0</value>
      </symbol>
      <symbol id="sm-224">
         <name>Specification_Info</name>
         <value>0x200003d2</value>
      </symbol>
      <symbol id="sm-225">
         <name>Date</name>
         <value>0x2000039c</value>
      </symbol>
      <symbol id="sm-226">
         <name>SerialNumber</name>
         <value>0x200003d0</value>
      </symbol>
      <symbol id="sm-227">
         <name>main</name>
         <value>0x26d</value>
         <object_component_ref idref="oc-b0"/>
      </symbol>
      <symbol id="sm-2b4">
         <name>SMBusMasterByteWordRead</name>
         <value>0x14f5</value>
         <object_component_ref idref="oc-2a1"/>
      </symbol>
      <symbol id="sm-2b5">
         <name>SMBusMasterInit</name>
         <value>0x21f9</value>
         <object_component_ref idref="oc-287"/>
      </symbol>
      <symbol id="sm-2b6">
         <name>SMBusMasterIntProcess</name>
         <value>0x8d1</value>
         <object_component_ref idref="oc-358"/>
      </symbol>
      <symbol id="sm-2b7">
         <name>SMBusStatusGet</name>
         <value>0x2255</value>
         <object_component_ref idref="oc-2a7"/>
      </symbol>
      <symbol id="sm-2b8">
         <name>SMBusMasterIntEnable</name>
         <value>0x13f9</value>
         <object_component_ref idref="oc-293"/>
      </symbol>
      <symbol id="sm-2ee">
         <name>ResetISR</name>
         <value>0x23c5</value>
         <object_component_ref idref="oc-27"/>
      </symbol>
      <symbol id="sm-2ef">
         <name>g_pfnVectors</name>
         <value>0x0</value>
         <object_component_ref idref="oc-12"/>
      </symbol>
      <symbol id="sm-35c">
         <name>UARTStdioConfig</name>
         <value>0x1c99</value>
         <object_component_ref idref="oc-10e"/>
      </symbol>
      <symbol id="sm-35d">
         <name>UARTwrite</name>
         <value>0x1de5</value>
         <object_component_ref idref="oc-326"/>
      </symbol>
      <symbol id="sm-35e">
         <name>UARTprintf</name>
         <value>0x22d1</value>
         <object_component_ref idref="oc-114"/>
      </symbol>
      <symbol id="sm-35f">
         <name>UARTvprintf</name>
         <value>0xce9</value>
         <object_component_ref idref="oc-269"/>
      </symbol>
      <symbol id="sm-39f">
         <name>UARTConfigSetExpClk</name>
         <value>0x1d65</value>
         <object_component_ref idref="oc-24f"/>
      </symbol>
      <symbol id="sm-3a0">
         <name>UARTDisable</name>
         <value>0x2299</value>
         <object_component_ref idref="oc-314"/>
      </symbol>
      <symbol id="sm-3a1">
         <name>UARTClockSourceSet</name>
         <value>0x23d1</value>
         <object_component_ref idref="oc-108"/>
      </symbol>
      <symbol id="sm-3a2">
         <name>UARTCharPut</name>
         <value>0x239b</value>
         <object_component_ref idref="oc-3ab"/>
      </symbol>
      <symbol id="sm-3a3">
         <name>UARTEnable</name>
         <value>0x22eb</value>
         <object_component_ref idref="oc-255"/>
      </symbol>
      <symbol id="sm-3fd">
         <name>SysCtlPeripheralPresent</name>
         <value>0x215d</value>
         <object_component_ref idref="oc-249"/>
      </symbol>
      <symbol id="sm-3fe">
         <name>SysCtlClockSet</name>
         <value>0x12f5</value>
         <object_component_ref idref="oc-ea"/>
      </symbol>
      <symbol id="sm-3ff">
         <name>SysCtlDelay</name>
         <value>0x23cb</value>
         <object_component_ref idref="oc-126"/>
      </symbol>
      <symbol id="sm-400">
         <name>SysCtlPeripheralEnable</name>
         <value>0x2129</value>
         <object_component_ref idref="oc-f0"/>
      </symbol>
      <symbol id="sm-401">
         <name>SysCtlClockGet</name>
         <value>0x15d5</value>
         <object_component_ref idref="oc-281"/>
      </symbol>
      <symbol id="sm-424">
         <name>Crc8CCITT</name>
         <value>0x1739</value>
         <object_component_ref idref="oc-371"/>
      </symbol>
      <symbol id="sm-466">
         <name>IntEnable</name>
         <value>0x1985</value>
         <object_component_ref idref="oc-351"/>
      </symbol>
      <symbol id="sm-467">
         <name>IntRegister</name>
         <value>0x1ff1</value>
         <object_component_ref idref="oc-28d"/>
      </symbol>
      <symbol id="sm-468">
         <name>g_pfnRAMVectors</name>
         <value>0x20000000</value>
         <object_component_ref idref="oc-346"/>
      </symbol>
      <symbol id="sm-469">
         <name>IntMasterEnable</name>
         <value>0x2391</value>
         <object_component_ref idref="oc-f6"/>
      </symbol>
      <symbol id="sm-4d2">
         <name>I2CMasterBusBusy</name>
         <value>0x23a5</value>
         <object_component_ref idref="oc-377"/>
      </symbol>
      <symbol id="sm-4d3">
         <name>I2CMasterDataPut</name>
         <value>0x23df</value>
         <object_component_ref idref="oc-36b"/>
      </symbol>
      <symbol id="sm-4d4">
         <name>I2CMasterInitExpClk</name>
         <value>0x1a75</value>
         <object_component_ref idref="oc-338"/>
      </symbol>
      <symbol id="sm-4d5">
         <name>I2CMasterIntClearEx</name>
         <value>0x23e3</value>
         <object_component_ref idref="oc-3d4"/>
      </symbol>
      <symbol id="sm-4d6">
         <name>I2CMasterSlaveAddrSet</name>
         <value>0x23bd</value>
         <object_component_ref idref="oc-365"/>
      </symbol>
      <symbol id="sm-4d7">
         <name>I2CMasterDataGet</name>
         <value>0x23db</value>
         <object_component_ref idref="oc-3da"/>
      </symbol>
      <symbol id="sm-4d8">
         <name>I2CMasterIntEnableEx</name>
         <value>0x23b5</value>
         <object_component_ref idref="oc-34b"/>
      </symbol>
      <symbol id="sm-4d9">
         <name>I2CMasterTimeoutSet</name>
         <value>0x23e7</value>
         <object_component_ref idref="oc-33e"/>
      </symbol>
      <symbol id="sm-4da">
         <name>I2CMasterControl</name>
         <value>0x23d7</value>
         <object_component_ref idref="oc-37d"/>
      </symbol>
      <symbol id="sm-4db">
         <name>I2CMasterBusy</name>
         <value>0x23ad</value>
         <object_component_ref idref="oc-35f"/>
      </symbol>
      <symbol id="sm-4dc">
         <name>I2CMasterEnable</name>
         <value>0x237d</value>
         <object_component_ref idref="oc-3ba"/>
      </symbol>
      <symbol id="sm-4dd">
         <name>I2CMasterIntStatusEx</name>
         <value>0x2387</value>
         <object_component_ref idref="oc-3ce"/>
      </symbol>
      <symbol id="sm-525">
         <name>GPIOPinConfigure</name>
         <value>0x1a2d</value>
         <object_component_ref idref="oc-fc"/>
      </symbol>
      <symbol id="sm-526">
         <name>GPIOPinTypeI2CSCL</name>
         <value>0x2311</value>
         <object_component_ref idref="oc-275"/>
      </symbol>
      <symbol id="sm-527">
         <name>GPIOPinTypeI2C</name>
         <value>0x22ff</value>
         <object_component_ref idref="oc-27b"/>
      </symbol>
      <symbol id="sm-528">
         <name>GPIOPinTypeUART</name>
         <value>0x2323</value>
         <object_component_ref idref="oc-102"/>
      </symbol>
      <symbol id="sm-529">
         <name>GPIODirModeSet</name>
         <value>0x2229</value>
         <object_component_ref idref="oc-23a"/>
      </symbol>
      <symbol id="sm-52a">
         <name>GPIOPadConfigSet</name>
         <value>0x11c3</value>
         <object_component_ref idref="oc-240"/>
      </symbol>
      <symbol id="sm-540">
         <name>FPULazyStackingEnable</name>
         <value>0x2345</value>
         <object_component_ref idref="oc-e4"/>
      </symbol>
      <symbol id="sm-541">
         <name>FPUEnable</name>
         <value>0x2335</value>
         <object_component_ref idref="oc-de"/>
      </symbol>
      <symbol id="sm-54b">
         <name>CPUcpsie</name>
         <value>0x2363</value>
         <object_component_ref idref="oc-229"/>
      </symbol>
      <symbol id="sm-562">
         <name>__aeabi_dsub</name>
         <value>0xed7</value>
         <object_component_ref idref="oc-2bf"/>
      </symbol>
      <symbol id="sm-563">
         <name>__aeabi_dadd</name>
         <value>0xee1</value>
         <object_component_ref idref="oc-2bf"/>
      </symbol>
      <symbol id="sm-577">
         <name>__aeabi_ddiv</name>
         <value>0x108d</value>
         <object_component_ref idref="oc-2ba"/>
      </symbol>
      <symbol id="sm-581">
         <name>__aeabi_d2uiz</name>
         <value>0x1d21</value>
         <object_component_ref idref="oc-2c4"/>
      </symbol>
      <symbol id="sm-58b">
         <name>__aeabi_ui2d</name>
         <value>0x2279</value>
         <object_component_ref idref="oc-2b5"/>
      </symbol>
      <symbol id="sm-59a">
         <name>__aeabi_uidivmod</name>
         <value>0x1da5</value>
         <object_component_ref idref="oc-32c"/>
      </symbol>
      <symbol id="sm-59b">
         <name>__aeabi_uidiv</name>
         <value>0x1da5</value>
         <object_component_ref idref="oc-32c"/>
      </symbol>
      <symbol id="sm-5b4">
         <name>__TI_zero_init_nomemset</name>
         <value>0x22b5</value>
         <object_component_ref idref="oc-59"/>
      </symbol>
      <symbol id="sm-5cb">
         <name>__TI_decompress_none</name>
         <value>0x2355</value>
         <object_component_ref idref="oc-1b"/>
      </symbol>
      <symbol id="sm-5ee">
         <name>__TI_decompress_lzss</name>
         <value>0x191d</value>
         <object_component_ref idref="oc-15"/>
      </symbol>
      <symbol id="sm-601">
         <name>__stack</name>
         <value>0x20000270</value>
         <object_component_ref idref="oc-24"/>
      </symbol>
      <symbol id="sm-602">
         <name>_c_int00_noargs</name>
         <value>0x21c5</value>
         <object_component_ref idref="oc-6b"/>
      </symbol>
      <symbol id="sm-60c">
         <name>__aeabi_idiv0</name>
         <value>0x23f5</value>
         <object_component_ref idref="oc-3b2"/>
      </symbol>
      <symbol id="sm-60d">
         <name>__aeabi_ldiv0</name>
         <value>0x23f5</value>
         <object_component_ref idref="oc-3b2"/>
      </symbol>
      <symbol id="sm-628">
         <name>memcpy</name>
         <value>0x169d</value>
         <object_component_ref idref="oc-4d"/>
      </symbol>
      <symbol id="sm-629">
         <name>__aeabi_memcpy</name>
         <value>0x169d</value>
         <object_component_ref idref="oc-4d"/>
      </symbol>
      <symbol id="sm-62a">
         <name>__aeabi_memcpy8</name>
         <value>0x169d</value>
         <object_component_ref idref="oc-4d"/>
      </symbol>
      <symbol id="sm-62b">
         <name>__aeabi_memcpy4</name>
         <value>0x169d</value>
         <object_component_ref idref="oc-4d"/>
      </symbol>
      <symbol id="sm-654">
         <name>__TI_auto_init_nobinit_nopinit</name>
         <value>0x1cdd</value>
         <object_component_ref idref="oc-1e6"/>
      </symbol>
      <symbol id="sm-65e">
         <name>_system_pre_init</name>
         <value>0x23eb</value>
         <object_component_ref idref="oc-aa"/>
      </symbol>
      <symbol id="sm-66a">
         <name>C$$EXIT</name>
         <value>0x23ef</value>
         <object_component_ref idref="oc-1da"/>
      </symbol>
      <symbol id="sm-66b">
         <name>abort</name>
         <value>0x23ef</value>
         <object_component_ref idref="oc-1da"/>
      </symbol>
      <symbol id="sm-66e">
         <name>__TI_static_base__</name>
         <value>0x0</value>
      </symbol>
      <symbol id="sm-671">
         <name>__mpu_init</name>
         <value>0x0</value>
      </symbol>
      <symbol id="sm-672">
         <name>_system_post_cinit</name>
         <value>0x0</value>
      </symbol>
   </symbol_table>
   <title>Link successful</title>
</link_info>
