<?xml version="1.0" encoding="ISO-8859-1" ?>
<link_info>
   <banner>TI ARM Linker PC v20.2.6.LTS</banner>
   <copyright>Copyright (c) 1996-2018 Texas Instruments Incorporated</copyright>
   <link_time>0x62f8c114</link_time>
   <link_errors>0x0</link_errors>
   <output_file>TIVAC_SMBUS_BMS.out</output_file>
   <entry_point>
      <name>_c_int00_noargs</name>
      <address>0x223d</address>
   </entry_point>
   <input_file_list>
      <input_file id="fl-2">
         <path>.\</path>
         <kind>object</kind>
         <file>BMS.obj</file>
         <name>BMS.obj</name>
      </input_file>
      <input_file id="fl-3">
         <path>.\</path>
         <kind>object</kind>
         <file>main.obj</file>
         <name>main.obj</name>
      </input_file>
      <input_file id="fl-4">
         <path>.\</path>
         <kind>object</kind>
         <file>smbus.obj</file>
         <name>smbus.obj</name>
      </input_file>
      <input_file id="fl-5">
         <path>.\</path>
         <kind>object</kind>
         <file>startup_ccs.obj</file>
         <name>startup_ccs.obj</name>
      </input_file>
      <input_file id="fl-6">
         <path>.\</path>
         <kind>object</kind>
         <file>uartstdio.obj</file>
         <name>uartstdio.obj</name>
      </input_file>
      <input_file id="fl-c">
         <kind>object</kind>
         <file>&lt;internal&gt;</file>
         <name>&lt;internal&gt;</name>
      </input_file>
      <input_file id="fl-d">
         <path>C:\ti\TivaWare_C_Series-2.0\driverlib\ccs\Debug\</path>
         <kind>archive</kind>
         <file>driverlib.lib</file>
         <name>uart.obj</name>
      </input_file>
      <input_file id="fl-e">
         <path>C:\ti\TivaWare_C_Series-2.0\driverlib\ccs\Debug\</path>
         <kind>archive</kind>
         <file>driverlib.lib</file>
         <name>sysctl.obj</name>
      </input_file>
      <input_file id="fl-f">
         <path>C:\ti\TivaWare_C_Series-2.0\driverlib\ccs\Debug\</path>
         <kind>archive</kind>
         <file>driverlib.lib</file>
         <name>sw_crc.obj</name>
      </input_file>
      <input_file id="fl-10">
         <path>C:\ti\TivaWare_C_Series-2.0\driverlib\ccs\Debug\</path>
         <kind>archive</kind>
         <file>driverlib.lib</file>
         <name>interrupt.obj</name>
      </input_file>
      <input_file id="fl-11">
         <path>C:\ti\TivaWare_C_Series-2.0\driverlib\ccs\Debug\</path>
         <kind>archive</kind>
         <file>driverlib.lib</file>
         <name>i2c.obj</name>
      </input_file>
      <input_file id="fl-12">
         <path>C:\ti\TivaWare_C_Series-2.0\driverlib\ccs\Debug\</path>
         <kind>archive</kind>
         <file>driverlib.lib</file>
         <name>gpio.obj</name>
      </input_file>
      <input_file id="fl-13">
         <path>C:\ti\TivaWare_C_Series-2.0\driverlib\ccs\Debug\</path>
         <kind>archive</kind>
         <file>driverlib.lib</file>
         <name>fpu.obj</name>
      </input_file>
      <input_file id="fl-14">
         <path>C:\ti\TivaWare_C_Series-2.0\driverlib\ccs\Debug\</path>
         <kind>archive</kind>
         <file>driverlib.lib</file>
         <name>cpu.obj</name>
      </input_file>
      <input_file id="fl-ca">
         <path>C:\ti\ccs1200\ccs\tools\compiler\ti-cgt-arm_20.2.6.LTS\lib\</path>
         <kind>archive</kind>
         <file>rtsv7M4_T_le_v4SPD16_eabi.lib</file>
         <name>fd_add_t2.asm.obj</name>
      </input_file>
      <input_file id="fl-cb">
         <path>C:\ti\ccs1200\ccs\tools\compiler\ti-cgt-arm_20.2.6.LTS\lib\</path>
         <kind>archive</kind>
         <file>rtsv7M4_T_le_v4SPD16_eabi.lib</file>
         <name>fd_div_t2.asm.obj</name>
      </input_file>
      <input_file id="fl-cc">
         <path>C:\ti\ccs1200\ccs\tools\compiler\ti-cgt-arm_20.2.6.LTS\lib\</path>
         <kind>archive</kind>
         <file>rtsv7M4_T_le_v4SPD16_eabi.lib</file>
         <name>fd_tou_t2.asm.obj</name>
      </input_file>
      <input_file id="fl-cd">
         <path>C:\ti\ccs1200\ccs\tools\compiler\ti-cgt-arm_20.2.6.LTS\lib\</path>
         <kind>archive</kind>
         <file>rtsv7M4_T_le_v4SPD16_eabi.lib</file>
         <name>u_tofd_t2.asm.obj</name>
      </input_file>
      <input_file id="fl-ce">
         <path>C:\ti\ccs1200\ccs\tools\compiler\ti-cgt-arm_20.2.6.LTS\lib\</path>
         <kind>archive</kind>
         <file>rtsv7M4_T_le_v4SPD16_eabi.lib</file>
         <name>u_divt2.asm.obj</name>
      </input_file>
      <input_file id="fl-cf">
         <path>C:\ti\ccs1200\ccs\tools\compiler\ti-cgt-arm_20.2.6.LTS\lib\</path>
         <kind>archive</kind>
         <file>rtsv7M4_T_le_v4SPD16_eabi.lib</file>
         <name>copy_zero_init.c.obj</name>
      </input_file>
      <input_file id="fl-d0">
         <path>C:\ti\ccs1200\ccs\tools\compiler\ti-cgt-arm_20.2.6.LTS\lib\</path>
         <kind>archive</kind>
         <file>rtsv7M4_T_le_v4SPD16_eabi.lib</file>
         <name>copy_decompress_none.c.obj</name>
      </input_file>
      <input_file id="fl-d1">
         <path>C:\ti\ccs1200\ccs\tools\compiler\ti-cgt-arm_20.2.6.LTS\lib\</path>
         <kind>archive</kind>
         <file>rtsv7M4_T_le_v4SPD16_eabi.lib</file>
         <name>copy_decompress_lzss.c.obj</name>
      </input_file>
      <input_file id="fl-d2">
         <path>C:\ti\ccs1200\ccs\tools\compiler\ti-cgt-arm_20.2.6.LTS\lib\</path>
         <kind>archive</kind>
         <file>rtsv7M4_T_le_v4SPD16_eabi.lib</file>
         <name>boot_cortex_m.c.obj</name>
      </input_file>
      <input_file id="fl-d3">
         <path>C:\ti\ccs1200\ccs\tools\compiler\ti-cgt-arm_20.2.6.LTS\lib\</path>
         <kind>archive</kind>
         <file>rtsv7M4_T_le_v4SPD16_eabi.lib</file>
         <name>div0.asm.obj</name>
      </input_file>
      <input_file id="fl-d4">
         <path>C:\ti\ccs1200\ccs\tools\compiler\ti-cgt-arm_20.2.6.LTS\lib\</path>
         <kind>archive</kind>
         <file>rtsv7M4_T_le_v4SPD16_eabi.lib</file>
         <name>memcpy_t2.asm.obj</name>
      </input_file>
      <input_file id="fl-d5">
         <path>C:\ti\ccs1200\ccs\tools\compiler\ti-cgt-arm_20.2.6.LTS\lib\</path>
         <kind>archive</kind>
         <file>rtsv7M4_T_le_v4SPD16_eabi.lib</file>
         <name>memset_t2.asm.obj</name>
      </input_file>
      <input_file id="fl-d6">
         <path>C:\ti\ccs1200\ccs\tools\compiler\ti-cgt-arm_20.2.6.LTS\lib\</path>
         <kind>archive</kind>
         <file>rtsv7M4_T_le_v4SPD16_eabi.lib</file>
         <name>autoinit.c.obj</name>
      </input_file>
      <input_file id="fl-d7">
         <path>C:\ti\ccs1200\ccs\tools\compiler\ti-cgt-arm_20.2.6.LTS\lib\</path>
         <kind>archive</kind>
         <file>rtsv7M4_T_le_v4SPD16_eabi.lib</file>
         <name>pre_init.c.obj</name>
      </input_file>
      <input_file id="fl-d8">
         <path>C:\ti\ccs1200\ccs\tools\compiler\ti-cgt-arm_20.2.6.LTS\lib\</path>
         <kind>archive</kind>
         <file>rtsv7M4_T_le_v4SPD16_eabi.lib</file>
         <name>cpy_tbl.c.obj</name>
      </input_file>
      <input_file id="fl-d9">
         <path>C:\ti\ccs1200\ccs\tools\compiler\ti-cgt-arm_20.2.6.LTS\lib\</path>
         <kind>archive</kind>
         <file>rtsv7M4_T_le_v4SPD16_eabi.lib</file>
         <name>exit.c.obj</name>
      </input_file>
      <input_file id="fl-da">
         <path>C:\ti\ccs1200\ccs\tools\compiler\ti-cgt-arm_20.2.6.LTS\lib\</path>
         <kind>archive</kind>
         <file>rtsv7M4_T_le_v4SPD16_eabi.lib</file>
         <name>_lock.c.obj</name>
      </input_file>
      <input_file id="fl-db">
         <path>C:\ti\ccs1200\ccs\tools\compiler\ti-cgt-arm_20.2.6.LTS\lib\</path>
         <kind>archive</kind>
         <file>rtsv7M4_T_le_v4SPD16_eabi.lib</file>
         <name>args_main.c.obj</name>
      </input_file>
   </input_file_list>
   <object_component_list>
      <object_component id="oc-12">
         <name>.intvecs</name>
         <load_address>0x0</load_address>
         <run_address>0x0</run_address>
         <size>0x26c</size>
         <input_file_ref idref="fl-5"/>
      </object_component>
      <object_component id="oc-b0">
         <name>.text:main</name>
         <load_address>0x26c</load_address>
         <run_address>0x26c</run_address>
         <size>0x5cc</size>
         <input_file_ref idref="fl-3"/>
      </object_component>
      <object_component id="oc-35f">
         <name>.text:SMBusMasterIntProcess</name>
         <load_address>0x838</load_address>
         <run_address>0x838</run_address>
         <size>0x418</size>
         <input_file_ref idref="fl-4"/>
      </object_component>
      <object_component id="oc-269">
         <name>.text:UARTvprintf</name>
         <load_address>0xc50</load_address>
         <run_address>0xc50</run_address>
         <size>0x1ee</size>
         <input_file_ref idref="fl-6"/>
      </object_component>
      <object_component id="oc-2c5">
         <name>.text</name>
         <load_address>0xe3e</load_address>
         <run_address>0xe3e</run_address>
         <size>0x1b6</size>
         <input_file_ref idref="fl-ca"/>
      </object_component>
      <object_component id="oc-2c0">
         <name>.text</name>
         <load_address>0xff4</load_address>
         <run_address>0xff4</run_address>
         <size>0x136</size>
         <input_file_ref idref="fl-cb"/>
      </object_component>
      <object_component id="oc-234">
         <name>.text:GPIOPadConfigSet</name>
         <load_address>0x112a</load_address>
         <run_address>0x112a</run_address>
         <size>0x130</size>
         <input_file_ref idref="fl-12"/>
      </object_component>
      <object_component id="oc-33">
         <name>.text:FaultISR</name>
         <load_address>0x125a</load_address>
         <run_address>0x125a</run_address>
         <size>0x2</size>
         <input_file_ref idref="fl-5"/>
      </object_component>
      <object_component id="oc-ea">
         <name>.text:SysCtlClockSet</name>
         <load_address>0x125c</load_address>
         <run_address>0x125c</run_address>
         <size>0x104</size>
         <input_file_ref idref="fl-e"/>
      </object_component>
      <object_component id="oc-299">
         <name>.text:SMBusMasterIntEnable</name>
         <load_address>0x1360</load_address>
         <run_address>0x1360</run_address>
         <size>0xfc</size>
         <input_file_ref idref="fl-4"/>
      </object_component>
      <object_component id="oc-2a7">
         <name>.text:SMBusMasterByteWordRead</name>
         <load_address>0x145c</load_address>
         <run_address>0x145c</run_address>
         <size>0xe0</size>
         <input_file_ref idref="fl-4"/>
      </object_component>
      <object_component id="oc-281">
         <name>.text:SysCtlClockGet</name>
         <load_address>0x153c</load_address>
         <run_address>0x153c</run_address>
         <size>0xc8</size>
         <input_file_ref idref="fl-e"/>
      </object_component>
      <object_component id="oc-4d">
         <name>.text</name>
         <load_address>0x1604</load_address>
         <run_address>0x1604</run_address>
         <size>0x9c</size>
         <input_file_ref idref="fl-d4"/>
      </object_component>
      <object_component id="oc-14a">
         <name>.text:Temperature_Read</name>
         <load_address>0x16a0</load_address>
         <run_address>0x16a0</run_address>
         <size>0x88</size>
         <input_file_ref idref="fl-2"/>
      </object_component>
      <object_component id="oc-378">
         <name>.text:Crc8CCITT</name>
         <load_address>0x1728</load_address>
         <run_address>0x1728</run_address>
         <size>0x84</size>
         <input_file_ref idref="fl-f"/>
      </object_component>
      <object_component id="oc-1b0">
         <name>.text:ManufactureDate_Read</name>
         <load_address>0x17ac</load_address>
         <run_address>0x17ac</run_address>
         <size>0x80</size>
         <input_file_ref idref="fl-2"/>
      </object_component>
      <object_component id="oc-11a">
         <name>.text:HostInit</name>
         <load_address>0x182c</load_address>
         <run_address>0x182c</run_address>
         <size>0x74</size>
         <input_file_ref idref="fl-2"/>
      </object_component>
      <object_component id="oc-15">
         <name>.text:decompress:lzss:__TI_decompress_lzss</name>
         <load_address>0x18a0</load_address>
         <run_address>0x18a0</run_address>
         <size>0x68</size>
         <input_file_ref idref="fl-d1"/>
      </object_component>
      <object_component id="oc-358">
         <name>.text:IntEnable</name>
         <load_address>0x1908</load_address>
         <run_address>0x1908</run_address>
         <size>0x60</size>
         <input_file_ref idref="fl-10"/>
      </object_component>
      <object_component id="oc-144">
         <name>.text:AtRateOK_Read</name>
         <load_address>0x1968</load_address>
         <run_address>0x1968</run_address>
         <size>0x54</size>
         <input_file_ref idref="fl-2"/>
      </object_component>
      <object_component id="oc-16e">
         <name>.text:AbsoluteStateOfCharge_Read</name>
         <load_address>0x19bc</load_address>
         <run_address>0x19bc</run_address>
         <size>0x4c</size>
         <input_file_ref idref="fl-2"/>
      </object_component>
      <object_component id="oc-13e">
         <name>.text:AtRateTimeToEmpty_Read</name>
         <load_address>0x1a08</load_address>
         <run_address>0x1a08</run_address>
         <size>0x4c</size>
         <input_file_ref idref="fl-2"/>
      </object_component>
      <object_component id="oc-138">
         <name>.text:AtRateTimeToFull_Read</name>
         <load_address>0x1a54</load_address>
         <run_address>0x1a54</run_address>
         <size>0x4c</size>
         <input_file_ref idref="fl-2"/>
      </object_component>
      <object_component id="oc-132">
         <name>.text:AtRate_Read</name>
         <load_address>0x1aa0</load_address>
         <run_address>0x1aa0</run_address>
         <size>0x4c</size>
         <input_file_ref idref="fl-2"/>
      </object_component>
      <object_component id="oc-12c">
         <name>.text:BatteryMode_Read</name>
         <load_address>0x1aec</load_address>
         <run_address>0x1aec</run_address>
         <size>0x4c</size>
         <input_file_ref idref="fl-2"/>
      </object_component>
      <object_component id="oc-162">
         <name>.text:MaxError_Read</name>
         <load_address>0x1b38</load_address>
         <run_address>0x1b38</run_address>
         <size>0x4c</size>
         <input_file_ref idref="fl-2"/>
      </object_component>
      <object_component id="oc-1b6">
         <name>.text:SerialNumber_Read</name>
         <load_address>0x1b84</load_address>
         <run_address>0x1b84</run_address>
         <size>0x4c</size>
         <input_file_ref idref="fl-2"/>
      </object_component>
      <object_component id="oc-f6">
         <name>.text:GPIOPinConfigure</name>
         <load_address>0x1bd0</load_address>
         <run_address>0x1bd0</run_address>
         <size>0x48</size>
         <input_file_ref idref="fl-12"/>
      </object_component>
      <object_component id="oc-33e">
         <name>.text:I2CMasterInitExpClk</name>
         <load_address>0x1c18</load_address>
         <run_address>0x1c18</run_address>
         <size>0x48</size>
         <input_file_ref idref="fl-11"/>
      </object_component>
      <object_component id="oc-10e">
         <name>.text:UARTStdioConfig</name>
         <load_address>0x1c60</load_address>
         <run_address>0x1c60</run_address>
         <size>0x44</size>
         <input_file_ref idref="fl-6"/>
      </object_component>
      <object_component id="oc-1e6">
         <name>.text:__TI_auto_init_nobinit_nopinit:__TI_auto_init_nobinit_nopinit</name>
         <load_address>0x1ca4</load_address>
         <run_address>0x1ca4</run_address>
         <size>0x44</size>
         <input_file_ref idref="fl-d6"/>
      </object_component>
      <object_component id="oc-2ca">
         <name>.text</name>
         <load_address>0x1ce8</load_address>
         <run_address>0x1ce8</run_address>
         <size>0x44</size>
         <input_file_ref idref="fl-cc"/>
      </object_component>
      <object_component id="oc-186">
         <name>.text:AverageTimeToEmpty_Read</name>
         <load_address>0x1d2c</load_address>
         <run_address>0x1d2c</run_address>
         <size>0x40</size>
         <input_file_ref idref="fl-2"/>
      </object_component>
      <object_component id="oc-18c">
         <name>.text:AverageTimeToFull_Read</name>
         <load_address>0x1d6c</load_address>
         <run_address>0x1d6c</run_address>
         <size>0x40</size>
         <input_file_ref idref="fl-2"/>
      </object_component>
      <object_component id="oc-192">
         <name>.text:BatteryStatus_Read</name>
         <load_address>0x1dac</load_address>
         <run_address>0x1dac</run_address>
         <size>0x40</size>
         <input_file_ref idref="fl-2"/>
      </object_component>
      <object_component id="oc-156">
         <name>.text:Current_Read</name>
         <load_address>0x1dec</load_address>
         <run_address>0x1dec</run_address>
         <size>0x40</size>
         <input_file_ref idref="fl-2"/>
      </object_component>
      <object_component id="oc-198">
         <name>.text:CycleCount_Read</name>
         <load_address>0x1e2c</load_address>
         <run_address>0x1e2c</run_address>
         <size>0x40</size>
         <input_file_ref idref="fl-2"/>
      </object_component>
      <object_component id="oc-19e">
         <name>.text:DesignCapacity_Read</name>
         <load_address>0x1e6c</load_address>
         <run_address>0x1e6c</run_address>
         <size>0x40</size>
         <input_file_ref idref="fl-2"/>
      </object_component>
      <object_component id="oc-1a4">
         <name>.text:DesignVoltage_Read</name>
         <load_address>0x1eac</load_address>
         <run_address>0x1eac</run_address>
         <size>0x40</size>
         <input_file_ref idref="fl-2"/>
      </object_component>
      <object_component id="oc-17a">
         <name>.text:FullChargeCapacity_Read</name>
         <load_address>0x1eec</load_address>
         <run_address>0x1eec</run_address>
         <size>0x40</size>
         <input_file_ref idref="fl-2"/>
      </object_component>
      <object_component id="oc-120">
         <name>.text:ManufacturerAccess_Read</name>
         <load_address>0x1f2c</load_address>
         <run_address>0x1f2c</run_address>
         <size>0x40</size>
         <input_file_ref idref="fl-2"/>
      </object_component>
      <object_component id="oc-168">
         <name>.text:RelativeStateOfCharge_Read</name>
         <load_address>0x1f6c</load_address>
         <run_address>0x1f6c</run_address>
         <size>0x40</size>
         <input_file_ref idref="fl-2"/>
      </object_component>
      <object_component id="oc-126">
         <name>.text:RemainingCapacityAlarm_Read</name>
         <load_address>0x1fac</load_address>
         <run_address>0x1fac</run_address>
         <size>0x40</size>
         <input_file_ref idref="fl-2"/>
      </object_component>
      <object_component id="oc-174">
         <name>.text:RemainingCapacity_Read</name>
         <load_address>0x1fec</load_address>
         <run_address>0x1fec</run_address>
         <size>0x40</size>
         <input_file_ref idref="fl-2"/>
      </object_component>
      <object_component id="oc-180">
         <name>.text:RunTimeToEmpty_Read</name>
         <load_address>0x202c</load_address>
         <run_address>0x202c</run_address>
         <size>0x40</size>
         <input_file_ref idref="fl-2"/>
      </object_component>
      <object_component id="oc-24f">
         <name>.text:UARTConfigSetExpClk</name>
         <load_address>0x206c</load_address>
         <run_address>0x206c</run_address>
         <size>0x40</size>
         <input_file_ref idref="fl-d"/>
      </object_component>
      <object_component id="oc-150">
         <name>.text:Voltage_Read</name>
         <load_address>0x20ac</load_address>
         <run_address>0x20ac</run_address>
         <size>0x40</size>
         <input_file_ref idref="fl-2"/>
      </object_component>
      <object_component id="oc-332">
         <name>.text</name>
         <load_address>0x20ec</load_address>
         <run_address>0x20ec</run_address>
         <size>0x40</size>
         <input_file_ref idref="fl-ce"/>
      </object_component>
      <object_component id="oc-15c">
         <name>.text:AverageCurrent_Read</name>
         <load_address>0x212c</load_address>
         <run_address>0x212c</run_address>
         <size>0x3c</size>
         <input_file_ref idref="fl-2"/>
      </object_component>
      <object_component id="oc-32c">
         <name>.text:UARTwrite</name>
         <load_address>0x2168</load_address>
         <run_address>0x2168</run_address>
         <size>0x38</size>
         <input_file_ref idref="fl-6"/>
      </object_component>
      <object_component id="oc-28d">
         <name>.text:IntRegister</name>
         <load_address>0x21a0</load_address>
         <run_address>0x21a0</run_address>
         <size>0x34</size>
         <input_file_ref idref="fl-10"/>
      </object_component>
      <object_component id="oc-f0">
         <name>.text:SysCtlPeripheralEnable</name>
         <load_address>0x21d4</load_address>
         <run_address>0x21d4</run_address>
         <size>0x34</size>
         <input_file_ref idref="fl-e"/>
      </object_component>
      <object_component id="oc-249">
         <name>.text:SysCtlPeripheralPresent</name>
         <load_address>0x2208</load_address>
         <run_address>0x2208</run_address>
         <size>0x34</size>
         <input_file_ref idref="fl-e"/>
      </object_component>
      <object_component id="oc-6b">
         <name>.text:_c_int00_noargs:_c_int00_noargs</name>
         <load_address>0x223c</load_address>
         <run_address>0x223c</run_address>
         <size>0x34</size>
         <input_file_ref idref="fl-d2"/>
      </object_component>
      <object_component id="oc-287">
         <name>.text:SMBusMasterInit</name>
         <load_address>0x2270</load_address>
         <run_address>0x2270</run_address>
         <size>0x30</size>
         <input_file_ref idref="fl-4"/>
      </object_component>
      <object_component id="oc-22e">
         <name>.text:GPIODirModeSet</name>
         <load_address>0x22a0</load_address>
         <run_address>0x22a0</run_address>
         <size>0x2a</size>
         <input_file_ref idref="fl-12"/>
      </object_component>
      <object_component id="oc-39">
         <name>.text:IntDefaultHandler</name>
         <load_address>0x22ca</load_address>
         <run_address>0x22ca</run_address>
         <size>0x2</size>
         <input_file_ref idref="fl-5"/>
      </object_component>
      <object_component id="oc-2ad">
         <name>.text:SMBusStatusGet</name>
         <load_address>0x22cc</load_address>
         <run_address>0x22cc</run_address>
         <size>0x24</size>
         <input_file_ref idref="fl-4"/>
      </object_component>
      <object_component id="oc-2bb">
         <name>.text</name>
         <load_address>0x22f0</load_address>
         <run_address>0x22f0</run_address>
         <size>0x20</size>
         <input_file_ref idref="fl-cd"/>
      </object_component>
      <object_component id="oc-31a">
         <name>.text:UARTDisable</name>
         <load_address>0x2310</load_address>
         <run_address>0x2310</run_address>
         <size>0x1c</size>
         <input_file_ref idref="fl-d"/>
      </object_component>
      <object_component id="oc-59">
         <name>.text:decompress:ZI:__TI_zero_init_nomemset:__TI_zero_init_nomemset</name>
         <load_address>0x232c</load_address>
         <run_address>0x232c</run_address>
         <size>0x1c</size>
         <input_file_ref idref="fl-cf"/>
      </object_component>
      <object_component id="oc-293">
         <name>.text:SMBusPECDisable</name>
         <load_address>0x2348</load_address>
         <run_address>0x2348</run_address>
         <size>0x1a</size>
         <input_file_ref idref="fl-4"/>
      </object_component>
      <object_component id="oc-114">
         <name>.text:UARTprintf</name>
         <load_address>0x2362</load_address>
         <run_address>0x2362</run_address>
         <size>0x1a</size>
         <input_file_ref idref="fl-6"/>
      </object_component>
      <object_component id="oc-255">
         <name>.text:UARTEnable</name>
         <load_address>0x237c</load_address>
         <run_address>0x237c</run_address>
         <size>0x14</size>
         <input_file_ref idref="fl-d"/>
      </object_component>
      <object_component id="oc-27b">
         <name>.text:GPIOPinTypeI2C</name>
         <load_address>0x2390</load_address>
         <run_address>0x2390</run_address>
         <size>0x12</size>
         <input_file_ref idref="fl-12"/>
      </object_component>
      <object_component id="oc-275">
         <name>.text:GPIOPinTypeI2CSCL</name>
         <load_address>0x23a2</load_address>
         <run_address>0x23a2</run_address>
         <size>0x12</size>
         <input_file_ref idref="fl-12"/>
      </object_component>
      <object_component id="oc-fc">
         <name>.text:GPIOPinTypeUART</name>
         <load_address>0x23b4</load_address>
         <run_address>0x23b4</run_address>
         <size>0x12</size>
         <input_file_ref idref="fl-12"/>
      </object_component>
      <object_component id="oc-2d">
         <name>.text:NmiSR</name>
         <load_address>0x23c6</load_address>
         <run_address>0x23c6</run_address>
         <size>0x2</size>
         <input_file_ref idref="fl-5"/>
      </object_component>
      <object_component id="oc-de">
         <name>.text:FPUEnable</name>
         <load_address>0x23c8</load_address>
         <run_address>0x23c8</run_address>
         <size>0x10</size>
         <input_file_ref idref="fl-13"/>
      </object_component>
      <object_component id="oc-e4">
         <name>.text:FPULazyStackingEnable</name>
         <load_address>0x23d8</load_address>
         <run_address>0x23d8</run_address>
         <size>0x10</size>
         <input_file_ref idref="fl-13"/>
      </object_component>
      <object_component id="oc-1b">
         <name>.text:decompress:none:__TI_decompress_none</name>
         <load_address>0x23e8</load_address>
         <run_address>0x23e8</run_address>
         <size>0xe</size>
         <input_file_ref idref="fl-d0"/>
      </object_component>
      <object_component id="oc-23d">
         <name>.text:CPUcpsie</name>
         <load_address>0x23f6</load_address>
         <run_address>0x23f6</run_address>
         <size>0xc</size>
         <input_file_ref idref="fl-14"/>
      </object_component>
      <object_component id="oc-1aa">
         <name>.text:SpecificationInfo_Read</name>
         <load_address>0x2402</load_address>
         <run_address>0x2402</run_address>
         <size>0x2</size>
         <input_file_ref idref="fl-2"/>
      </object_component>
      <object_component id="oc-29f">
         <name>.text:SMBusMasterIntHandler</name>
         <load_address>0x2404</load_address>
         <run_address>0x2404</run_address>
         <size>0xc</size>
         <input_file_ref idref="fl-2"/>
      </object_component>
      <object_component id="oc-3c1">
         <name>.text:I2CMasterEnable</name>
         <load_address>0x2410</load_address>
         <run_address>0x2410</run_address>
         <size>0xa</size>
         <input_file_ref idref="fl-11"/>
      </object_component>
      <object_component id="oc-3d5">
         <name>.text:I2CMasterIntStatusEx</name>
         <load_address>0x241a</load_address>
         <run_address>0x241a</run_address>
         <size>0xa</size>
         <input_file_ref idref="fl-11"/>
      </object_component>
      <object_component id="oc-108">
         <name>.text:IntMasterEnable</name>
         <load_address>0x2424</load_address>
         <run_address>0x2424</run_address>
         <size>0xa</size>
         <input_file_ref idref="fl-10"/>
      </object_component>
      <object_component id="oc-3b2">
         <name>.text:UARTCharPut</name>
         <load_address>0x242e</load_address>
         <run_address>0x242e</run_address>
         <size>0xa</size>
         <input_file_ref idref="fl-d"/>
      </object_component>
      <object_component id="oc-37e">
         <name>.text:I2CMasterBusBusy</name>
         <load_address>0x2438</load_address>
         <run_address>0x2438</run_address>
         <size>0x8</size>
         <input_file_ref idref="fl-11"/>
      </object_component>
      <object_component id="oc-366">
         <name>.text:I2CMasterBusy</name>
         <load_address>0x2440</load_address>
         <run_address>0x2440</run_address>
         <size>0x8</size>
         <input_file_ref idref="fl-11"/>
      </object_component>
      <object_component id="oc-352">
         <name>.text:I2CMasterIntEnableEx</name>
         <load_address>0x2448</load_address>
         <run_address>0x2448</run_address>
         <size>0x8</size>
         <input_file_ref idref="fl-11"/>
      </object_component>
      <object_component id="oc-36c">
         <name>.text:I2CMasterSlaveAddrSet</name>
         <load_address>0x2450</load_address>
         <run_address>0x2450</run_address>
         <size>0x8</size>
         <input_file_ref idref="fl-11"/>
      </object_component>
      <object_component id="oc-27">
         <name>.text:ResetISR</name>
         <load_address>0x2458</load_address>
         <run_address>0x2458</run_address>
         <size>0x6</size>
         <input_file_ref idref="fl-5"/>
      </object_component>
      <object_component id="oc-1bc">
         <name>.text:SysCtlDelay</name>
         <load_address>0x245e</load_address>
         <run_address>0x245e</run_address>
         <size>0x6</size>
         <input_file_ref idref="fl-e"/>
      </object_component>
      <object_component id="oc-102">
         <name>.text:UARTClockSourceSet</name>
         <load_address>0x2464</load_address>
         <run_address>0x2464</run_address>
         <size>0x6</size>
         <input_file_ref idref="fl-d"/>
      </object_component>
      <object_component id="oc-384">
         <name>.text:I2CMasterControl</name>
         <load_address>0x246a</load_address>
         <run_address>0x246a</run_address>
         <size>0x4</size>
         <input_file_ref idref="fl-11"/>
      </object_component>
      <object_component id="oc-3e1">
         <name>.text:I2CMasterDataGet</name>
         <load_address>0x246e</load_address>
         <run_address>0x246e</run_address>
         <size>0x4</size>
         <input_file_ref idref="fl-11"/>
      </object_component>
      <object_component id="oc-372">
         <name>.text:I2CMasterDataPut</name>
         <load_address>0x2472</load_address>
         <run_address>0x2472</run_address>
         <size>0x4</size>
         <input_file_ref idref="fl-11"/>
      </object_component>
      <object_component id="oc-3db">
         <name>.text:I2CMasterIntClearEx</name>
         <load_address>0x2476</load_address>
         <run_address>0x2476</run_address>
         <size>0x4</size>
         <input_file_ref idref="fl-11"/>
      </object_component>
      <object_component id="oc-344">
         <name>.text:I2CMasterTimeoutSet</name>
         <load_address>0x247a</load_address>
         <run_address>0x247a</run_address>
         <size>0x4</size>
         <input_file_ref idref="fl-11"/>
      </object_component>
      <object_component id="oc-aa">
         <name>.text:_system_pre_init</name>
         <load_address>0x247e</load_address>
         <run_address>0x247e</run_address>
         <size>0x4</size>
         <input_file_ref idref="fl-d7"/>
      </object_component>
      <object_component id="oc-1da">
         <name>.text:abort:abort</name>
         <load_address>0x2482</load_address>
         <run_address>0x2482</run_address>
         <size>0x4</size>
         <input_file_ref idref="fl-d9"/>
      </object_component>
      <object_component id="oc-3b9">
         <name>.text</name>
         <load_address>0x2486</load_address>
         <run_address>0x2486</run_address>
         <size>0x2</size>
         <input_file_ref idref="fl-d3"/>
      </object_component>
      <object_component id="oc-3eb">
         <name>.const:.string:g_pui8Crc8CCITT</name>
         <load_address>0x2488</load_address>
         <run_address>0x2488</run_address>
         <size>0x100</size>
         <input_file_ref idref="fl-f"/>
      </object_component>
      <object_component id="oc-229">
         <name>.const:g_pui32GPIOBaseAddrs</name>
         <load_address>0x2588</load_address>
         <run_address>0x2588</run_address>
         <size>0x90</size>
         <input_file_ref idref="fl-12"/>
      </object_component>
      <object_component id="oc-3d1">
         <name>.const</name>
         <load_address>0x2618</load_address>
         <run_address>0x2618</run_address>
         <size>0x70</size>
         <input_file_ref idref="fl-10"/>
      </object_component>
      <object_component id="oc-33a">
         <name>.const:g_pui32Xtals</name>
         <load_address>0x2688</load_address>
         <run_address>0x2688</run_address>
         <size>0x6c</size>
         <input_file_ref idref="fl-e"/>
      </object_component>
      <object_component id="oc-25e">
         <name>.const:g_ui32UARTBase</name>
         <load_address>0x26f4</load_address>
         <run_address>0x26f4</run_address>
         <size>0xc</size>
         <input_file_ref idref="fl-6"/>
      </object_component>
      <object_component id="oc-25b">
         <name>.const:g_ui32UARTPeriph</name>
         <load_address>0x2700</load_address>
         <run_address>0x2700</run_address>
         <size>0xc</size>
         <input_file_ref idref="fl-6"/>
      </object_component>
      <object_component id="oc-43d">
         <name>__TI_handler_table</name>
         <load_address>0x2710</load_address>
         <run_address>0x2710</run_address>
         <size>0xc</size>
      </object_component>
      <object_component id="oc-441">
         <name>.cinit..bss.load</name>
         <load_address>0x2720</load_address>
         <run_address>0x2720</run_address>
         <size>0x8</size>
      </object_component>
      <object_component id="oc-43f">
         <name>.cinit..vtable.load</name>
         <load_address>0x2728</load_address>
         <run_address>0x2728</run_address>
         <size>0x8</size>
      </object_component>
      <object_component id="oc-440">
         <name>.cinit..data.load</name>
         <load_address>0x2730</load_address>
         <run_address>0x2730</run_address>
         <size>0x7</size>
      </object_component>
      <object_component id="oc-43e">
         <name>__TI_cinit_table</name>
         <load_address>0x2738</load_address>
         <run_address>0x2738</run_address>
         <size>0x18</size>
      </object_component>
      <object_component id="oc-34c">
         <name>.vtable</name>
         <uninitialized>true</uninitialized>
         <run_address>0x20000000</run_address>
         <size>0x26c</size>
         <input_file_ref idref="fl-10"/>
      </object_component>
      <object_component id="oc-261">
         <name>.data</name>
         <load_address>0x200003d8</load_address>
         <run_address>0x200003d8</run_address>
         <size>0x5</size>
         <input_file_ref idref="fl-6"/>
      </object_component>
      <object_component id="oc-2a5">
         <name>.common:g_sMaster</name>
         <uninitialized>true</uninitialized>
         <run_address>0x20000370</run_address>
         <size>0x20</size>
      </object_component>
      <object_component id="oc-2b3">
         <name>.common:pui8Data</name>
         <uninitialized>true</uninitialized>
         <run_address>0x20000390</run_address>
         <size>0xc</size>
      </object_component>
      <object_component id="oc-1d7">
         <name>.common:Manufacturer_Access</name>
         <uninitialized>true</uninitialized>
         <run_address>0x200003c4</run_address>
         <size>0x2</size>
      </object_component>
      <object_component id="oc-1d6">
         <name>.common:Remaining_Capacity_Alarm</name>
         <uninitialized>true</uninitialized>
         <run_address>0x200003cc</run_address>
         <size>0x2</size>
      </object_component>
      <object_component id="oc-1d5">
         <name>.common:Battery_Mode</name>
         <uninitialized>true</uninitialized>
         <run_address>0x200003b6</run_address>
         <size>0x2</size>
      </object_component>
      <object_component id="oc-1d4">
         <name>.common:At_Rate</name>
         <uninitialized>true</uninitialized>
         <run_address>0x200003a8</run_address>
         <size>0x2</size>
      </object_component>
      <object_component id="oc-1d3">
         <name>.common:At_Rate_Time_To_Full</name>
         <uninitialized>true</uninitialized>
         <run_address>0x200003ae</run_address>
         <size>0x2</size>
      </object_component>
      <object_component id="oc-1d2">
         <name>.common:At_Rate_Time_To_Empty</name>
         <uninitialized>true</uninitialized>
         <run_address>0x200003ac</run_address>
         <size>0x2</size>
      </object_component>
      <object_component id="oc-1d1">
         <name>.common:At_Rate_Ok</name>
         <uninitialized>true</uninitialized>
         <run_address>0x200003aa</run_address>
         <size>0x2</size>
      </object_component>
      <object_component id="oc-1d0">
         <name>.common:Temperature</name>
         <uninitialized>true</uninitialized>
         <run_address>0x200003a4</run_address>
         <size>0x4</size>
      </object_component>
      <object_component id="oc-1cf">
         <name>.common:Voltage</name>
         <uninitialized>true</uninitialized>
         <run_address>0x200003d4</run_address>
         <size>0x2</size>
      </object_component>
      <object_component id="oc-1ce">
         <name>.common:Current</name>
         <uninitialized>true</uninitialized>
         <run_address>0x200003ba</run_address>
         <size>0x2</size>
      </object_component>
      <object_component id="oc-1cd">
         <name>.common:Average_Current</name>
         <uninitialized>true</uninitialized>
         <run_address>0x200003b0</run_address>
         <size>0x2</size>
      </object_component>
      <object_component id="oc-1cc">
         <name>.common:Max_Error</name>
         <uninitialized>true</uninitialized>
         <run_address>0x200003c6</run_address>
         <size>0x2</size>
      </object_component>
      <object_component id="oc-1cb">
         <name>.common:Relative_State_Of_Charge</name>
         <uninitialized>true</uninitialized>
         <run_address>0x200003c8</run_address>
         <size>0x2</size>
      </object_component>
      <object_component id="oc-1ca">
         <name>.common:Absolute_State_Of_Charge</name>
         <uninitialized>true</uninitialized>
         <run_address>0x200003a2</run_address>
         <size>0x2</size>
      </object_component>
      <object_component id="oc-1c9">
         <name>.common:Remaining_Capacity</name>
         <uninitialized>true</uninitialized>
         <run_address>0x200003ca</run_address>
         <size>0x2</size>
      </object_component>
      <object_component id="oc-1c8">
         <name>.common:Full_Charge_Capacity</name>
         <uninitialized>true</uninitialized>
         <run_address>0x200003c2</run_address>
         <size>0x2</size>
      </object_component>
      <object_component id="oc-1c7">
         <name>.common:Runtime_To_Empty</name>
         <uninitialized>true</uninitialized>
         <run_address>0x200003ce</run_address>
         <size>0x2</size>
      </object_component>
      <object_component id="oc-1c6">
         <name>.common:Average_Time_To_Empty</name>
         <uninitialized>true</uninitialized>
         <run_address>0x200003b2</run_address>
         <size>0x2</size>
      </object_component>
      <object_component id="oc-1c5">
         <name>.common:Average_Time_To_Full</name>
         <uninitialized>true</uninitialized>
         <run_address>0x200003b4</run_address>
         <size>0x2</size>
      </object_component>
      <object_component id="oc-1c4">
         <name>.common:Battery_Status</name>
         <uninitialized>true</uninitialized>
         <run_address>0x200003b8</run_address>
         <size>0x2</size>
      </object_component>
      <object_component id="oc-1c3">
         <name>.common:Cycle_Count</name>
         <uninitialized>true</uninitialized>
         <run_address>0x200003bc</run_address>
         <size>0x2</size>
      </object_component>
      <object_component id="oc-1c2">
         <name>.common:Design_Capacity</name>
         <uninitialized>true</uninitialized>
         <run_address>0x200003be</run_address>
         <size>0x2</size>
      </object_component>
      <object_component id="oc-1c1">
         <name>.common:Design_Voltage</name>
         <uninitialized>true</uninitialized>
         <run_address>0x200003c0</run_address>
         <size>0x2</size>
      </object_component>
      <object_component id="oc-1d8">
         <name>.common:Specification_Info</name>
         <uninitialized>true</uninitialized>
         <run_address>0x200003d2</run_address>
         <size>0x2</size>
      </object_component>
      <object_component id="oc-1c0">
         <name>.common:Date</name>
         <uninitialized>true</uninitialized>
         <run_address>0x2000039c</run_address>
         <size>0x6</size>
      </object_component>
      <object_component id="oc-1bd">
         <name>.common:SerialNumber</name>
         <uninitialized>true</uninitialized>
         <run_address>0x200003d0</run_address>
         <size>0x2</size>
      </object_component>
      <object_component id="oc-24">
         <name>.stack</name>
         <uninitialized>true</uninitialized>
         <run_address>0x20000270</run_address>
         <size>0x4</size>
         <input_file_ref idref="fl-d2"/>
      </object_component>
      <object_component id="oc-443">
         <name>.stack</name>
         <uninitialized>true</uninitialized>
         <run_address>0x20000270</run_address>
         <size>0x0</size>
      </object_component>
      <object_component id="oc-cc">
         <name>.debug_info</name>
         <load_address>0x0</load_address>
         <run_address>0x0</run_address>
         <size>0x67a</size>
         <input_file_ref idref="fl-2"/>
      </object_component>
      <object_component id="oc-152">
         <name>.debug_info</name>
         <load_address>0x67a</load_address>
         <run_address>0x67a</run_address>
         <size>0x147</size>
         <input_file_ref idref="fl-2"/>
      </object_component>
      <object_component id="oc-14c">
         <name>.debug_info</name>
         <load_address>0x7c1</load_address>
         <run_address>0x7c1</run_address>
         <size>0x1d6</size>
         <input_file_ref idref="fl-2"/>
      </object_component>
      <object_component id="oc-1ac">
         <name>.debug_info</name>
         <load_address>0x997</load_address>
         <run_address>0x997</run_address>
         <size>0x113</size>
         <input_file_ref idref="fl-2"/>
      </object_component>
      <object_component id="oc-1b8">
         <name>.debug_info</name>
         <load_address>0xaaa</load_address>
         <run_address>0xaaa</run_address>
         <size>0x16b</size>
         <input_file_ref idref="fl-2"/>
      </object_component>
      <object_component id="oc-2a1">
         <name>.debug_info</name>
         <load_address>0xc15</load_address>
         <run_address>0xc15</run_address>
         <size>0x121</size>
         <input_file_ref idref="fl-2"/>
      </object_component>
      <object_component id="oc-181">
         <name>.debug_info</name>
         <load_address>0xd36</load_address>
         <run_address>0xd36</run_address>
         <size>0x155</size>
         <input_file_ref idref="fl-2"/>
      </object_component>
      <object_component id="oc-175">
         <name>.debug_info</name>
         <load_address>0xe8b</load_address>
         <run_address>0xe8b</run_address>
         <size>0x15b</size>
         <input_file_ref idref="fl-2"/>
      </object_component>
      <object_component id="oc-127">
         <name>.debug_info</name>
         <load_address>0xfe6</load_address>
         <run_address>0xfe6</run_address>
         <size>0x162</size>
         <input_file_ref idref="fl-2"/>
      </object_component>
      <object_component id="oc-169">
         <name>.debug_info</name>
         <load_address>0x1148</load_address>
         <run_address>0x1148</run_address>
         <size>0x163</size>
         <input_file_ref idref="fl-2"/>
      </object_component>
      <object_component id="oc-163">
         <name>.debug_info</name>
         <load_address>0x12ab</load_address>
         <run_address>0x12ab</run_address>
         <size>0x163</size>
         <input_file_ref idref="fl-2"/>
      </object_component>
      <object_component id="oc-121">
         <name>.debug_info</name>
         <load_address>0x140e</load_address>
         <run_address>0x140e</run_address>
         <size>0x15a</size>
         <input_file_ref idref="fl-2"/>
      </object_component>
      <object_component id="oc-1b1">
         <name>.debug_info</name>
         <load_address>0x1568</load_address>
         <run_address>0x1568</run_address>
         <size>0x18b</size>
         <input_file_ref idref="fl-2"/>
      </object_component>
      <object_component id="oc-11b">
         <name>.debug_info</name>
         <load_address>0x16f3</load_address>
         <run_address>0x16f3</run_address>
         <size>0x1f3</size>
         <input_file_ref idref="fl-2"/>
      </object_component>
      <object_component id="oc-17b">
         <name>.debug_info</name>
         <load_address>0x18e6</load_address>
         <run_address>0x18e6</run_address>
         <size>0x15d</size>
         <input_file_ref idref="fl-2"/>
      </object_component>
      <object_component id="oc-1a5">
         <name>.debug_info</name>
         <load_address>0x1a43</load_address>
         <run_address>0x1a43</run_address>
         <size>0x153</size>
         <input_file_ref idref="fl-2"/>
      </object_component>
      <object_component id="oc-19f">
         <name>.debug_info</name>
         <load_address>0x1b96</load_address>
         <run_address>0x1b96</run_address>
         <size>0x155</size>
         <input_file_ref idref="fl-2"/>
      </object_component>
      <object_component id="oc-199">
         <name>.debug_info</name>
         <load_address>0x1ceb</load_address>
         <run_address>0x1ceb</run_address>
         <size>0x14d</size>
         <input_file_ref idref="fl-2"/>
      </object_component>
      <object_component id="oc-157">
         <name>.debug_info</name>
         <load_address>0x1e38</load_address>
         <run_address>0x1e38</run_address>
         <size>0x147</size>
         <input_file_ref idref="fl-2"/>
      </object_component>
      <object_component id="oc-193">
         <name>.debug_info</name>
         <load_address>0x1f7f</load_address>
         <run_address>0x1f7f</run_address>
         <size>0x153</size>
         <input_file_ref idref="fl-2"/>
      </object_component>
      <object_component id="oc-12d">
         <name>.debug_info</name>
         <load_address>0x20d2</load_address>
         <run_address>0x20d2</run_address>
         <size>0x169</size>
         <input_file_ref idref="fl-2"/>
      </object_component>
      <object_component id="oc-18d">
         <name>.debug_info</name>
         <load_address>0x223b</load_address>
         <run_address>0x223b</run_address>
         <size>0x15b</size>
         <input_file_ref idref="fl-2"/>
      </object_component>
      <object_component id="oc-187">
         <name>.debug_info</name>
         <load_address>0x2396</load_address>
         <run_address>0x2396</run_address>
         <size>0x15d</size>
         <input_file_ref idref="fl-2"/>
      </object_component>
      <object_component id="oc-15d">
         <name>.debug_info</name>
         <load_address>0x24f3</load_address>
         <run_address>0x24f3</run_address>
         <size>0x155</size>
         <input_file_ref idref="fl-2"/>
      </object_component>
      <object_component id="oc-133">
         <name>.debug_info</name>
         <load_address>0x2648</load_address>
         <run_address>0x2648</run_address>
         <size>0x15f</size>
         <input_file_ref idref="fl-2"/>
      </object_component>
      <object_component id="oc-139">
         <name>.debug_info</name>
         <load_address>0x27a7</load_address>
         <run_address>0x27a7</run_address>
         <size>0x173</size>
         <input_file_ref idref="fl-2"/>
      </object_component>
      <object_component id="oc-13f">
         <name>.debug_info</name>
         <load_address>0x291a</load_address>
         <run_address>0x291a</run_address>
         <size>0x175</size>
         <input_file_ref idref="fl-2"/>
      </object_component>
      <object_component id="oc-145">
         <name>.debug_info</name>
         <load_address>0x2a8f</load_address>
         <run_address>0x2a8f</run_address>
         <size>0x163</size>
         <input_file_ref idref="fl-2"/>
      </object_component>
      <object_component id="oc-16f">
         <name>.debug_info</name>
         <load_address>0x2bf2</load_address>
         <run_address>0x2bf2</run_address>
         <size>0x17d</size>
         <input_file_ref idref="fl-2"/>
      </object_component>
      <object_component id="oc-21a">
         <name>.debug_info</name>
         <load_address>0x2d6f</load_address>
         <run_address>0x2d6f</run_address>
         <size>0x310</size>
         <input_file_ref idref="fl-2"/>
      </object_component>
      <object_component id="oc-2e1">
         <name>.debug_info</name>
         <load_address>0x307f</load_address>
         <run_address>0x307f</run_address>
         <size>0x72</size>
         <input_file_ref idref="fl-2"/>
      </object_component>
      <object_component id="oc-85">
         <name>.debug_info</name>
         <load_address>0x30f1</load_address>
         <run_address>0x30f1</run_address>
         <size>0x26b</size>
         <input_file_ref idref="fl-2"/>
      </object_component>
      <object_component id="oc-c7">
         <name>.debug_info</name>
         <load_address>0x335c</load_address>
         <run_address>0x335c</run_address>
         <size>0x8b</size>
         <input_file_ref idref="fl-2"/>
      </object_component>
      <object_component id="oc-c2">
         <name>.debug_info</name>
         <load_address>0x33e7</load_address>
         <run_address>0x33e7</run_address>
         <size>0x2a4</size>
         <input_file_ref idref="fl-2"/>
      </object_component>
      <object_component id="oc-8a">
         <name>.debug_info</name>
         <load_address>0x368b</load_address>
         <run_address>0x368b</run_address>
         <size>0xbb</size>
         <input_file_ref idref="fl-2"/>
      </object_component>
      <object_component id="oc-270">
         <name>.debug_info</name>
         <load_address>0x3746</load_address>
         <run_address>0x3746</run_address>
         <size>0x2c</size>
         <input_file_ref idref="fl-2"/>
      </object_component>
      <object_component id="oc-1be">
         <name>.debug_info</name>
         <load_address>0x3772</load_address>
         <run_address>0x3772</run_address>
         <size>0xeef</size>
         <input_file_ref idref="fl-3"/>
      </object_component>
      <object_component id="oc-b1">
         <name>.debug_info</name>
         <load_address>0x4661</load_address>
         <run_address>0x4661</run_address>
         <size>0x68f</size>
         <input_file_ref idref="fl-3"/>
      </object_component>
      <object_component id="oc-34b">
         <name>.debug_info</name>
         <load_address>0x4cf0</load_address>
         <run_address>0x4cf0</run_address>
         <size>0x7ef</size>
         <input_file_ref idref="fl-4"/>
      </object_component>
      <object_component id="oc-2ae">
         <name>.debug_info</name>
         <load_address>0x54df</load_address>
         <run_address>0x54df</run_address>
         <size>0x191</size>
         <input_file_ref idref="fl-4"/>
      </object_component>
      <object_component id="oc-294">
         <name>.debug_info</name>
         <load_address>0x5670</load_address>
         <run_address>0x5670</run_address>
         <size>0x18f</size>
         <input_file_ref idref="fl-4"/>
      </object_component>
      <object_component id="oc-360">
         <name>.debug_info</name>
         <load_address>0x57ff</load_address>
         <run_address>0x57ff</run_address>
         <size>0x491</size>
         <input_file_ref idref="fl-4"/>
      </object_component>
      <object_component id="oc-29a">
         <name>.debug_info</name>
         <load_address>0x5c90</load_address>
         <run_address>0x5c90</run_address>
         <size>0x1cd</size>
         <input_file_ref idref="fl-4"/>
      </object_component>
      <object_component id="oc-288">
         <name>.debug_info</name>
         <load_address>0x5e5d</load_address>
         <run_address>0x5e5d</run_address>
         <size>0x229</size>
         <input_file_ref idref="fl-4"/>
      </object_component>
      <object_component id="oc-2a8">
         <name>.debug_info</name>
         <load_address>0x6086</load_address>
         <run_address>0x6086</run_address>
         <size>0x348</size>
         <input_file_ref idref="fl-4"/>
      </object_component>
      <object_component id="oc-41">
         <name>.debug_info</name>
         <load_address>0x63ce</load_address>
         <run_address>0x63ce</run_address>
         <size>0x299</size>
         <input_file_ref idref="fl-5"/>
      </object_component>
      <object_component id="oc-13">
         <name>.debug_info</name>
         <load_address>0x6667</load_address>
         <run_address>0x6667</run_address>
         <size>0xd8</size>
         <input_file_ref idref="fl-5"/>
      </object_component>
      <object_component id="oc-29">
         <name>.debug_info</name>
         <load_address>0x673f</load_address>
         <run_address>0x673f</run_address>
         <size>0x108</size>
         <input_file_ref idref="fl-5"/>
      </object_component>
      <object_component id="oc-2f">
         <name>.debug_info</name>
         <load_address>0x6847</load_address>
         <run_address>0x6847</run_address>
         <size>0xf7</size>
         <input_file_ref idref="fl-5"/>
      </object_component>
      <object_component id="oc-3d">
         <name>.debug_info</name>
         <load_address>0x693e</load_address>
         <run_address>0x693e</run_address>
         <size>0x111</size>
         <input_file_ref idref="fl-5"/>
      </object_component>
      <object_component id="oc-37">
         <name>.debug_info</name>
         <load_address>0x6a4f</load_address>
         <run_address>0x6a4f</run_address>
         <size>0xff</size>
         <input_file_ref idref="fl-5"/>
      </object_component>
      <object_component id="oc-48">
         <name>.debug_info</name>
         <load_address>0x6b4e</load_address>
         <run_address>0x6b4e</run_address>
         <size>0x84</size>
         <input_file_ref idref="fl-5"/>
      </object_component>
      <object_component id="oc-268">
         <name>.debug_info</name>
         <load_address>0x6bd2</load_address>
         <run_address>0x6bd2</run_address>
         <size>0x3f9</size>
         <input_file_ref idref="fl-6"/>
      </object_component>
      <object_component id="oc-265">
         <name>.debug_info</name>
         <load_address>0x6fcb</load_address>
         <run_address>0x6fcb</run_address>
         <size>0xf0</size>
         <input_file_ref idref="fl-6"/>
      </object_component>
      <object_component id="oc-25f">
         <name>.debug_info</name>
         <load_address>0x70bb</load_address>
         <run_address>0x70bb</run_address>
         <size>0xf8</size>
         <input_file_ref idref="fl-6"/>
      </object_component>
      <object_component id="oc-25c">
         <name>.debug_info</name>
         <load_address>0x71b3</load_address>
         <run_address>0x71b3</run_address>
         <size>0xfc</size>
         <input_file_ref idref="fl-6"/>
      </object_component>
      <object_component id="oc-32e">
         <name>.debug_info</name>
         <load_address>0x72af</load_address>
         <run_address>0x72af</run_address>
         <size>0x1f1</size>
         <input_file_ref idref="fl-6"/>
      </object_component>
      <object_component id="oc-26c">
         <name>.debug_info</name>
         <load_address>0x74a0</load_address>
         <run_address>0x74a0</run_address>
         <size>0x30d</size>
         <input_file_ref idref="fl-6"/>
      </object_component>
      <object_component id="oc-117">
         <name>.debug_info</name>
         <load_address>0x77ad</load_address>
         <run_address>0x77ad</run_address>
         <size>0x1a8</size>
         <input_file_ref idref="fl-6"/>
      </object_component>
      <object_component id="oc-262">
         <name>.debug_info</name>
         <load_address>0x7955</load_address>
         <run_address>0x7955</run_address>
         <size>0x23c</size>
         <input_file_ref idref="fl-6"/>
      </object_component>
      <object_component id="oc-110">
         <name>.debug_info</name>
         <load_address>0x7b91</load_address>
         <run_address>0x7b91</run_address>
         <size>0x288</size>
         <input_file_ref idref="fl-6"/>
      </object_component>
      <object_component id="oc-23c">
         <name>.debug_info</name>
         <load_address>0x7e19</load_address>
         <run_address>0x7e19</run_address>
         <size>0x1ce</size>
         <input_file_ref idref="fl-d"/>
      </object_component>
      <object_component id="oc-258">
         <name>.debug_info</name>
         <load_address>0x7fe7</load_address>
         <run_address>0x7fe7</run_address>
         <size>0x1ab</size>
         <input_file_ref idref="fl-d"/>
      </object_component>
      <object_component id="oc-31d">
         <name>.debug_info</name>
         <load_address>0x8192</load_address>
         <run_address>0x8192</run_address>
         <size>0x233</size>
         <input_file_ref idref="fl-d"/>
      </object_component>
      <object_component id="oc-252">
         <name>.debug_info</name>
         <load_address>0x83c5</load_address>
         <run_address>0x83c5</run_address>
         <size>0x28a</size>
         <input_file_ref idref="fl-d"/>
      </object_component>
      <object_component id="oc-105">
         <name>.debug_info</name>
         <load_address>0x864f</load_address>
         <run_address>0x864f</run_address>
         <size>0x1f5</size>
         <input_file_ref idref="fl-d"/>
      </object_component>
      <object_component id="oc-3b5">
         <name>.debug_info</name>
         <load_address>0x8844</load_address>
         <run_address>0x8844</run_address>
         <size>0x25d</size>
         <input_file_ref idref="fl-d"/>
      </object_component>
      <object_component id="oc-244">
         <name>.debug_info</name>
         <load_address>0x8aa1</load_address>
         <run_address>0x8aa1</run_address>
         <size>0x90</size>
         <input_file_ref idref="fl-d"/>
      </object_component>
      <object_component id="oc-222">
         <name>.debug_info</name>
         <load_address>0x8b31</load_address>
         <run_address>0x8b31</run_address>
         <size>0x18b</size>
         <input_file_ref idref="fl-d"/>
      </object_component>
      <object_component id="oc-227">
         <name>.debug_info</name>
         <load_address>0x8cbc</load_address>
         <run_address>0x8cbc</run_address>
         <size>0x226</size>
         <input_file_ref idref="fl-e"/>
      </object_component>
      <object_component id="oc-33b">
         <name>.debug_info</name>
         <load_address>0x8ee2</load_address>
         <run_address>0x8ee2</run_address>
         <size>0xff</size>
         <input_file_ref idref="fl-e"/>
      </object_component>
      <object_component id="oc-24a">
         <name>.debug_info</name>
         <load_address>0x8fe1</load_address>
         <run_address>0x8fe1</run_address>
         <size>0x1e7</size>
         <input_file_ref idref="fl-e"/>
      </object_component>
      <object_component id="oc-f1">
         <name>.debug_info</name>
         <load_address>0x91c8</load_address>
         <run_address>0x91c8</run_address>
         <size>0x1e1</size>
         <input_file_ref idref="fl-e"/>
      </object_component>
      <object_component id="oc-ec">
         <name>.debug_info</name>
         <load_address>0x93a9</load_address>
         <run_address>0x93a9</run_address>
         <size>0x2d4</size>
         <input_file_ref idref="fl-e"/>
      </object_component>
      <object_component id="oc-283">
         <name>.debug_info</name>
         <load_address>0x967d</load_address>
         <run_address>0x967d</run_address>
         <size>0x202</size>
         <input_file_ref idref="fl-e"/>
      </object_component>
      <object_component id="oc-30b">
         <name>.debug_info</name>
         <load_address>0x987f</load_address>
         <run_address>0x987f</run_address>
         <size>0x5f</size>
         <input_file_ref idref="fl-e"/>
      </object_component>
      <object_component id="oc-3ef">
         <name>.debug_info</name>
         <load_address>0x98de</load_address>
         <run_address>0x98de</run_address>
         <size>0x130</size>
         <input_file_ref idref="fl-f"/>
      </object_component>
      <object_component id="oc-3ec">
         <name>.debug_info</name>
         <load_address>0x9a0e</load_address>
         <run_address>0x9a0e</run_address>
         <size>0x105</size>
         <input_file_ref idref="fl-f"/>
      </object_component>
      <object_component id="oc-37b">
         <name>.debug_info</name>
         <load_address>0x9b13</load_address>
         <run_address>0x9b13</run_address>
         <size>0x29b</size>
         <input_file_ref idref="fl-f"/>
      </object_component>
      <object_component id="oc-3f0">
         <name>.debug_info</name>
         <load_address>0x9dae</load_address>
         <run_address>0x9dae</run_address>
         <size>0x89</size>
         <input_file_ref idref="fl-f"/>
      </object_component>
      <object_component id="oc-350">
         <name>.debug_info</name>
         <load_address>0x9e37</load_address>
         <run_address>0x9e37</run_address>
         <size>0x1ba</size>
         <input_file_ref idref="fl-10"/>
      </object_component>
      <object_component id="oc-3d2">
         <name>.debug_info</name>
         <load_address>0x9ff1</load_address>
         <run_address>0x9ff1</run_address>
         <size>0x1c2</size>
         <input_file_ref idref="fl-10"/>
      </object_component>
      <object_component id="oc-34d">
         <name>.debug_info</name>
         <load_address>0xa1b3</load_address>
         <run_address>0xa1b3</run_address>
         <size>0x109</size>
         <input_file_ref idref="fl-10"/>
      </object_component>
      <object_component id="oc-290">
         <name>.debug_info</name>
         <load_address>0xa2bc</load_address>
         <run_address>0xa2bc</run_address>
         <size>0x2b0</size>
         <input_file_ref idref="fl-10"/>
      </object_component>
      <object_component id="oc-10b">
         <name>.debug_info</name>
         <load_address>0xa56c</load_address>
         <run_address>0xa56c</run_address>
         <size>0x1a2</size>
         <input_file_ref idref="fl-10"/>
      </object_component>
      <object_component id="oc-35a">
         <name>.debug_info</name>
         <load_address>0xa70e</load_address>
         <run_address>0xa70e</run_address>
         <size>0x1cc</size>
         <input_file_ref idref="fl-10"/>
      </object_component>
      <object_component id="oc-3c8">
         <name>.debug_info</name>
         <load_address>0xa8da</load_address>
         <run_address>0xa8da</run_address>
         <size>0x1d8</size>
         <input_file_ref idref="fl-11"/>
      </object_component>
      <object_component id="oc-346">
         <name>.debug_info</name>
         <load_address>0xaab2</load_address>
         <run_address>0xaab2</run_address>
         <size>0x1f0</size>
         <input_file_ref idref="fl-11"/>
      </object_component>
      <object_component id="oc-36e">
         <name>.debug_info</name>
         <load_address>0xaca2</load_address>
         <run_address>0xaca2</run_address>
         <size>0x232</size>
         <input_file_ref idref="fl-11"/>
      </object_component>
      <object_component id="oc-3d7">
         <name>.debug_info</name>
         <load_address>0xaed4</load_address>
         <run_address>0xaed4</run_address>
         <size>0x1ee</size>
         <input_file_ref idref="fl-11"/>
      </object_component>
      <object_component id="oc-354">
         <name>.debug_info</name>
         <load_address>0xb0c2</load_address>
         <run_address>0xb0c2</run_address>
         <size>0x1fe</size>
         <input_file_ref idref="fl-11"/>
      </object_component>
      <object_component id="oc-3dd">
         <name>.debug_info</name>
         <load_address>0xb2c0</load_address>
         <run_address>0xb2c0</run_address>
         <size>0x1fc</size>
         <input_file_ref idref="fl-11"/>
      </object_component>
      <object_component id="oc-3c3">
         <name>.debug_info</name>
         <load_address>0xb4bc</load_address>
         <run_address>0xb4bc</run_address>
         <size>0x1b2</size>
         <input_file_ref idref="fl-11"/>
      </object_component>
      <object_component id="oc-340">
         <name>.debug_info</name>
         <load_address>0xb66e</load_address>
         <run_address>0xb66e</run_address>
         <size>0x24c</size>
         <input_file_ref idref="fl-11"/>
      </object_component>
      <object_component id="oc-374">
         <name>.debug_info</name>
         <load_address>0xb8ba</load_address>
         <run_address>0xb8ba</run_address>
         <size>0x1e2</size>
         <input_file_ref idref="fl-11"/>
      </object_component>
      <object_component id="oc-3e3">
         <name>.debug_info</name>
         <load_address>0xba9c</load_address>
         <run_address>0xba9c</run_address>
         <size>0x1b8</size>
         <input_file_ref idref="fl-11"/>
      </object_component>
      <object_component id="oc-386">
         <name>.debug_info</name>
         <load_address>0xbc54</load_address>
         <run_address>0xbc54</run_address>
         <size>0x1e2</size>
         <input_file_ref idref="fl-11"/>
      </object_component>
      <object_component id="oc-368">
         <name>.debug_info</name>
         <load_address>0xbe36</load_address>
         <run_address>0xbe36</run_address>
         <size>0x1b2</size>
         <input_file_ref idref="fl-11"/>
      </object_component>
      <object_component id="oc-380">
         <name>.debug_info</name>
         <load_address>0xbfe8</load_address>
         <run_address>0xbfe8</run_address>
         <size>0x1b8</size>
         <input_file_ref idref="fl-11"/>
      </object_component>
      <object_component id="oc-22d">
         <name>.debug_info</name>
         <load_address>0xc1a0</load_address>
         <run_address>0xc1a0</run_address>
         <size>0x1d7</size>
         <input_file_ref idref="fl-12"/>
      </object_component>
      <object_component id="oc-22a">
         <name>.debug_info</name>
         <load_address>0xc377</load_address>
         <run_address>0xc377</run_address>
         <size>0x10d</size>
         <input_file_ref idref="fl-12"/>
      </object_component>
      <object_component id="oc-230">
         <name>.debug_info</name>
         <load_address>0xc484</load_address>
         <run_address>0xc484</run_address>
         <size>0x217</size>
         <input_file_ref idref="fl-12"/>
      </object_component>
      <object_component id="oc-236">
         <name>.debug_info</name>
         <load_address>0xc69b</load_address>
         <run_address>0xc69b</run_address>
         <size>0x312</size>
         <input_file_ref idref="fl-12"/>
      </object_component>
      <object_component id="oc-fe">
         <name>.debug_info</name>
         <load_address>0xc9ad</load_address>
         <run_address>0xc9ad</run_address>
         <size>0x1df</size>
         <input_file_ref idref="fl-12"/>
      </object_component>
      <object_component id="oc-277">
         <name>.debug_info</name>
         <load_address>0xcb8c</load_address>
         <run_address>0xcb8c</run_address>
         <size>0x1e3</size>
         <input_file_ref idref="fl-12"/>
      </object_component>
      <object_component id="oc-27d">
         <name>.debug_info</name>
         <load_address>0xcd6f</load_address>
         <run_address>0xcd6f</run_address>
         <size>0x1dd</size>
         <input_file_ref idref="fl-12"/>
      </object_component>
      <object_component id="oc-f8">
         <name>.debug_info</name>
         <load_address>0xcf4c</load_address>
         <run_address>0xcf4c</run_address>
         <size>0x1e4</size>
         <input_file_ref idref="fl-12"/>
      </object_component>
      <object_component id="oc-e6">
         <name>.debug_info</name>
         <load_address>0xd130</load_address>
         <run_address>0xd130</run_address>
         <size>0x189</size>
         <input_file_ref idref="fl-13"/>
      </object_component>
      <object_component id="oc-df">
         <name>.debug_info</name>
         <load_address>0xd2b9</load_address>
         <run_address>0xd2b9</run_address>
         <size>0x171</size>
         <input_file_ref idref="fl-13"/>
      </object_component>
      <object_component id="oc-23e">
         <name>.debug_info</name>
         <load_address>0xd42a</load_address>
         <run_address>0xd42a</run_address>
         <size>0x176</size>
         <input_file_ref idref="fl-14"/>
      </object_component>
      <object_component id="oc-2c7">
         <name>.debug_info</name>
         <load_address>0xd5a0</load_address>
         <run_address>0xd5a0</run_address>
         <size>0x14c</size>
         <input_file_ref idref="fl-ca"/>
      </object_component>
      <object_component id="oc-2c1">
         <name>.debug_info</name>
         <load_address>0xd6ec</load_address>
         <run_address>0xd6ec</run_address>
         <size>0x13a</size>
         <input_file_ref idref="fl-cb"/>
      </object_component>
      <object_component id="oc-2cd">
         <name>.debug_info</name>
         <load_address>0xd826</load_address>
         <run_address>0xd826</run_address>
         <size>0x139</size>
         <input_file_ref idref="fl-cc"/>
      </object_component>
      <object_component id="oc-2bc">
         <name>.debug_info</name>
         <load_address>0xd95f</load_address>
         <run_address>0xd95f</run_address>
         <size>0x12e</size>
         <input_file_ref idref="fl-cd"/>
      </object_component>
      <object_component id="oc-334">
         <name>.debug_info</name>
         <load_address>0xda8d</load_address>
         <run_address>0xda8d</run_address>
         <size>0x142</size>
         <input_file_ref idref="fl-ce"/>
      </object_component>
      <object_component id="oc-a3">
         <name>.debug_info</name>
         <load_address>0xdbcf</load_address>
         <run_address>0xdbcf</run_address>
         <size>0x2d4</size>
         <input_file_ref idref="fl-cf"/>
      </object_component>
      <object_component id="oc-5c">
         <name>.debug_info</name>
         <load_address>0xdea3</load_address>
         <run_address>0xdea3</run_address>
         <size>0x1d2</size>
         <input_file_ref idref="fl-cf"/>
      </object_component>
      <object_component id="oc-9e">
         <name>.debug_info</name>
         <load_address>0xe075</load_address>
         <run_address>0xe075</run_address>
         <size>0x46</size>
         <input_file_ref idref="fl-cf"/>
      </object_component>
      <object_component id="oc-d5">
         <name>.debug_info</name>
         <load_address>0xe0bb</load_address>
         <run_address>0xe0bb</run_address>
         <size>0x2c</size>
         <input_file_ref idref="fl-cf"/>
      </object_component>
      <object_component id="oc-58">
         <name>.debug_info</name>
         <load_address>0xe0e7</load_address>
         <run_address>0xe0e7</run_address>
         <size>0x2a8</size>
         <input_file_ref idref="fl-d0"/>
      </object_component>
      <object_component id="oc-1c">
         <name>.debug_info</name>
         <load_address>0xe38f</load_address>
         <run_address>0xe38f</run_address>
         <size>0x1ea</size>
         <input_file_ref idref="fl-d0"/>
      </object_component>
      <object_component id="oc-53">
         <name>.debug_info</name>
         <load_address>0xe579</load_address>
         <run_address>0xe579</run_address>
         <size>0x46</size>
         <input_file_ref idref="fl-d0"/>
      </object_component>
      <object_component id="oc-96">
         <name>.debug_info</name>
         <load_address>0xe5bf</load_address>
         <run_address>0xe5bf</run_address>
         <size>0x2c</size>
         <input_file_ref idref="fl-d0"/>
      </object_component>
      <object_component id="oc-94">
         <name>.debug_info</name>
         <load_address>0xe5eb</load_address>
         <run_address>0xe5eb</run_address>
         <size>0x29e</size>
         <input_file_ref idref="fl-d1"/>
      </object_component>
      <object_component id="oc-18">
         <name>.debug_info</name>
         <load_address>0xe889</load_address>
         <run_address>0xe889</run_address>
         <size>0x250</size>
         <input_file_ref idref="fl-d1"/>
      </object_component>
      <object_component id="oc-43">
         <name>.debug_info</name>
         <load_address>0xead9</load_address>
         <run_address>0xead9</run_address>
         <size>0x60</size>
         <input_file_ref idref="fl-d1"/>
      </object_component>
      <object_component id="oc-ce">
         <name>.debug_info</name>
         <load_address>0xeb39</load_address>
         <run_address>0xeb39</run_address>
         <size>0x46</size>
         <input_file_ref idref="fl-d1"/>
      </object_component>
      <object_component id="oc-8f">
         <name>.debug_info</name>
         <load_address>0xeb7f</load_address>
         <run_address>0xeb7f</run_address>
         <size>0x39</size>
         <input_file_ref idref="fl-d1"/>
      </object_component>
      <object_component id="oc-25">
         <name>.debug_info</name>
         <load_address>0xebb8</load_address>
         <run_address>0xebb8</run_address>
         <size>0x10b</size>
         <input_file_ref idref="fl-d2"/>
      </object_component>
      <object_component id="oc-6e">
         <name>.debug_info</name>
         <load_address>0xecc3</load_address>
         <run_address>0xecc3</run_address>
         <size>0x1a9</size>
         <input_file_ref idref="fl-d2"/>
      </object_component>
      <object_component id="oc-3ba">
         <name>.debug_info</name>
         <load_address>0xee6c</load_address>
         <run_address>0xee6c</run_address>
         <size>0x115</size>
         <input_file_ref idref="fl-d3"/>
      </object_component>
      <object_component id="oc-4e">
         <name>.debug_info</name>
         <load_address>0xef81</load_address>
         <run_address>0xef81</run_address>
         <size>0x119</size>
         <input_file_ref idref="fl-d4"/>
      </object_component>
      <object_component id="oc-2f4">
         <name>.debug_info</name>
         <load_address>0xf09a</load_address>
         <run_address>0xf09a</run_address>
         <size>0x4b3</size>
         <input_file_ref idref="fl-d6"/>
      </object_component>
      <object_component id="oc-1e9">
         <name>.debug_info</name>
         <load_address>0xf54d</load_address>
         <run_address>0xf54d</run_address>
         <size>0x1a6</size>
         <input_file_ref idref="fl-d6"/>
      </object_component>
      <object_component id="oc-3a0">
         <name>.debug_info</name>
         <load_address>0xf6f3</load_address>
         <run_address>0xf6f3</run_address>
         <size>0x39</size>
         <input_file_ref idref="fl-d6"/>
      </object_component>
      <object_component id="oc-3fa">
         <name>.debug_info</name>
         <load_address>0xf72c</load_address>
         <run_address>0xf72c</run_address>
         <size>0x39</size>
         <input_file_ref idref="fl-d6"/>
      </object_component>
      <object_component id="oc-3a5">
         <name>.debug_info</name>
         <load_address>0xf765</load_address>
         <run_address>0xf765</run_address>
         <size>0x39</size>
         <input_file_ref idref="fl-d6"/>
      </object_component>
      <object_component id="oc-3aa">
         <name>.debug_info</name>
         <load_address>0xf79e</load_address>
         <run_address>0xf79e</run_address>
         <size>0xcd</size>
         <input_file_ref idref="fl-d6"/>
      </object_component>
      <object_component id="oc-ab">
         <name>.debug_info</name>
         <load_address>0xf86b</load_address>
         <run_address>0xf86b</run_address>
         <size>0x153</size>
         <input_file_ref idref="fl-d7"/>
      </object_component>
      <object_component id="oc-1db">
         <name>.debug_info</name>
         <load_address>0xf9be</load_address>
         <run_address>0xf9be</run_address>
         <size>0x122</size>
         <input_file_ref idref="fl-d9"/>
      </object_component>
      <object_component id="oc-444">
         <name>.debug_info</name>
         <load_address>0xfae0</load_address>
         <run_address>0xfae0</run_address>
         <size>0x98</size>
      </object_component>
      <object_component id="oc-219">
         <name>.debug_line</name>
         <load_address>0x0</load_address>
         <run_address>0x0</run_address>
         <size>0xf0</size>
         <input_file_ref idref="fl-2"/>
      </object_component>
      <object_component id="oc-151">
         <name>.debug_line</name>
         <load_address>0xf0</load_address>
         <run_address>0xf0</run_address>
         <size>0x48</size>
         <input_file_ref idref="fl-2"/>
      </object_component>
      <object_component id="oc-14b">
         <name>.debug_line</name>
         <load_address>0x138</load_address>
         <run_address>0x138</run_address>
         <size>0x54</size>
         <input_file_ref idref="fl-2"/>
      </object_component>
      <object_component id="oc-1ab">
         <name>.debug_line</name>
         <load_address>0x18c</load_address>
         <run_address>0x18c</run_address>
         <size>0x3e</size>
         <input_file_ref idref="fl-2"/>
      </object_component>
      <object_component id="oc-1b7">
         <name>.debug_line</name>
         <load_address>0x1ca</load_address>
         <run_address>0x1ca</run_address>
         <size>0x51</size>
         <input_file_ref idref="fl-2"/>
      </object_component>
      <object_component id="oc-2a0">
         <name>.debug_line</name>
         <load_address>0x21b</load_address>
         <run_address>0x21b</run_address>
         <size>0x3e</size>
         <input_file_ref idref="fl-2"/>
      </object_component>
      <object_component id="oc-184">
         <name>.debug_line</name>
         <load_address>0x259</load_address>
         <run_address>0x259</run_address>
         <size>0x48</size>
         <input_file_ref idref="fl-2"/>
      </object_component>
      <object_component id="oc-178">
         <name>.debug_line</name>
         <load_address>0x2a1</load_address>
         <run_address>0x2a1</run_address>
         <size>0x48</size>
         <input_file_ref idref="fl-2"/>
      </object_component>
      <object_component id="oc-12b">
         <name>.debug_line</name>
         <load_address>0x2e9</load_address>
         <run_address>0x2e9</run_address>
[...]
      <symbol id="sm-c">
         <name>__c_args__</name>
         <value>0xffffffff</value>
      </symbol>
      <symbol id="sm-d">
         <name>__TI_pprof_out_hndl</name>
         <value>0xffffffff</value>
      </symbol>
      <symbol id="sm-e">
         <name>__TI_prof_data_start</name>
         <value>0xffffffff</value>
      </symbol>
      <symbol id="sm-f">
         <name>__TI_prof_data_size</name>
         <value>0xffffffff</value>
      </symbol>
      <symbol id="sm-1bb">
         <name>g_sMaster</name>
         <value>0x20000370</value>
      </symbol>
      <symbol id="sm-1bc">
         <name>pui8Data</name>
         <value>0x20000390</value>
      </symbol>
      <symbol id="sm-1bd">
         <name>BatteryMode_Read</name>
         <value>0x1aed</value>
         <object_component_ref idref="oc-12c"/>
      </symbol>
      <symbol id="sm-1be">
         <name>RemainingCapacityAlarm_Read</name>
         <value>0x1fad</value>
         <object_component_ref idref="oc-126"/>
      </symbol>
      <symbol id="sm-1bf">
         <name>ManufactureDate_Read</name>
         <value>0x17ad</value>
         <object_component_ref idref="oc-1b0"/>
      </symbol>
      <symbol id="sm-1c0">
         <name>AbsoluteStateOfCharge_Read</name>
         <value>0x19bd</value>
         <object_component_ref idref="oc-16e"/>
      </symbol>
      <symbol id="sm-1c1">
         <name>Current_Read</name>
         <value>0x1ded</value>
         <object_component_ref idref="oc-156"/>
      </symbol>
      <symbol id="sm-1c2">
         <name>Voltage_Read</name>
         <value>0x20ad</value>
         <object_component_ref idref="oc-150"/>
      </symbol>
      <symbol id="sm-1c3">
         <name>SpecificationInfo_Read</name>
         <value>0x2403</value>
         <object_component_ref idref="oc-1aa"/>
      </symbol>
      <symbol id="sm-1c4">
         <name>AtRateTimeToEmpty_Read</name>
         <value>0x1a09</value>
         <object_component_ref idref="oc-13e"/>
      </symbol>
      <symbol id="sm-1c5">
         <name>RemainingCapacity_Read</name>
         <value>0x1fed</value>
         <object_component_ref idref="oc-174"/>
      </symbol>
      <symbol id="sm-1c6">
         <name>MaxError_Read</name>
         <value>0x1b39</value>
         <object_component_ref idref="oc-162"/>
      </symbol>
      <symbol id="sm-1c7">
         <name>AverageCurrent_Read</name>
         <value>0x212d</value>
         <object_component_ref idref="oc-15c"/>
      </symbol>
      <symbol id="sm-1c8">
         <name>SerialNumber_Read</name>
         <value>0x1b85</value>
         <object_component_ref idref="oc-1b6"/>
      </symbol>
      <symbol id="sm-1c9">
         <name>HostInit</name>
         <value>0x182d</value>
         <object_component_ref idref="oc-11a"/>
      </symbol>
      <symbol id="sm-1ca">
         <name>AtRate_Read</name>
         <value>0x1aa1</value>
         <object_component_ref idref="oc-132"/>
      </symbol>
      <symbol id="sm-1cb">
         <name>CycleCount_Read</name>
         <value>0x1e2d</value>
         <object_component_ref idref="oc-198"/>
      </symbol>
      <symbol id="sm-1cc">
         <name>DesignVoltage_Read</name>
         <value>0x1ead</value>
         <object_component_ref idref="oc-1a4"/>
      </symbol>
      <symbol id="sm-1cd">
         <name>AverageTimeToFull_Read</name>
         <value>0x1d6d</value>
         <object_component_ref idref="oc-18c"/>
      </symbol>
      <symbol id="sm-1ce">
         <name>AverageTimeToEmpty_Read</name>
         <value>0x1d2d</value>
         <object_component_ref idref="oc-186"/>
      </symbol>
      <symbol id="sm-1cf">
         <name>DesignCapacity_Read</name>
         <value>0x1e6d</value>
         <object_component_ref idref="oc-19e"/>
      </symbol>
      <symbol id="sm-1d0">
         <name>BatteryStatus_Read</name>
         <value>0x1dad</value>
         <object_component_ref idref="oc-192"/>
      </symbol>
      <symbol id="sm-1d1">
         <name>RunTimeToEmpty_Read</name>
         <value>0x202d</value>
         <object_component_ref idref="oc-180"/>
      </symbol>
      <symbol id="sm-1d2">
         <name>AtRateTimeToFull_Read</name>
         <value>0x1a55</value>
         <object_component_ref idref="oc-138"/>
      </symbol>
      <symbol id="sm-1d3">
         <name>Temperature_Read</name>
         <value>0x16a1</value>
         <object_component_ref idref="oc-14a"/>
      </symbol>
      <symbol id="sm-1d4">
         <name>RelativeStateOfCharge_Read</name>
         <value>0x1f6d</value>
         <object_component_ref idref="oc-168"/>
      </symbol>
      <symbol id="sm-1d5">
         <name>ManufacturerAccess_Read</name>
         <value>0x1f2d</value>
         <object_component_ref idref="oc-120"/>
      </symbol>
      <symbol id="sm-1d6">
         <name>SMBusMasterIntHandler</name>
         <value>0x2405</value>
         <object_component_ref idref="oc-29f"/>
      </symbol>
      <symbol id="sm-1d7">
         <name>FullChargeCapacity_Read</name>
         <value>0x1eed</value>
         <object_component_ref idref="oc-17a"/>
      </symbol>
      <symbol id="sm-1d8">
         <name>AtRateOK_Read</name>
         <value>0x1969</value>
         <object_component_ref idref="oc-144"/>
      </symbol>
      <symbol id="sm-226">
         <name>Manufacturer_Access</name>
         <value>0x200003c4</value>
      </symbol>
      <symbol id="sm-227">
         <name>Remaining_Capacity_Alarm</name>
         <value>0x200003cc</value>
      </symbol>
      <symbol id="sm-228">
         <name>Battery_Mode</name>
         <value>0x200003b6</value>
      </symbol>
      <symbol id="sm-229">
         <name>At_Rate</name>
         <value>0x200003a8</value>
      </symbol>
      <symbol id="sm-22a">
         <name>At_Rate_Time_To_Full</name>
         <value>0x200003ae</value>
      </symbol>
      <symbol id="sm-22b">
         <name>At_Rate_Time_To_Empty</name>
         <value>0x200003ac</value>
      </symbol>
      <symbol id="sm-22c">
         <name>At_Rate_Ok</name>
         <value>0x200003aa</value>
      </symbol>
      <symbol id="sm-22d">
         <name>Temperature</name>
         <value>0x200003a4</value>
      </symbol>
      <symbol id="sm-22e">
         <name>Voltage</name>
         <value>0x200003d4</value>
      </symbol>
      <symbol id="sm-22f">
         <name>Current</name>
         <value>0x200003ba</value>
      </symbol>
      <symbol id="sm-230">
         <name>Average_Current</name>
         <value>0x200003b0</value>
      </symbol>
      <symbol id="sm-231">
         <name>Max_Error</name>
         <value>0x200003c6</value>
      </symbol>
      <symbol id="sm-232">
         <name>Relative_State_Of_Charge</name>
         <value>0x200003c8</value>
      </symbol>
      <symbol id="sm-233">
         <name>Absolute_State_Of_Charge</name>
         <value>0x200003a2</value>
      </symbol>
      <symbol id="sm-234">
         <name>Remaining_Capacity</name>
         <value>0x200003ca</value>
      </symbol>
      <symbol id="sm-235">
         <name>Full_Charge_Capacity</name>
         <value>0x200003c2</value>
      </symbol>
      <symbol id="sm-236">
         <name>Runtime_To_Empty</name>
         <value>0x200003ce</value>
      </symbol>
      <symbol id="sm-237">
         <name>Average_Time_To_Empty</name>
         <value>0x200003b2</value>
      </symbol>
      <symbol id="sm-238">
         <name>Average_Time_To_Full</name>
         <value>0x200003b4</value>
      </symbol>
      <symbol id="sm-239">
         <name>Battery_Status</name>
         <value>0x200003b8</value>
      </symbol>
      <symbol id="sm-23a">
         <name>Cycle_Count</name>
         <value>0x200003bc</value>
      </symbol>
      <symbol id="sm-23b">
         <name>Design_Capacity</name>
         <value>0x200003be</value>
      </symbol>
      <symbol id="sm-23c">
         <name>Design_Voltage</name>
         <value>0x200003c0</value>
      </symbol>
      <symbol id="sm-23d">
         <name>Specification_Info</name>
         <value>0x200003d2</value>
      </symbol>
      <symbol id="sm-23e">
         <name>Date</name>
         <value>0x2000039c</value>
      </symbol>
      <symbol id="sm-23f">
         <name>SerialNumber</name>
         <value>0x200003d0</value>
      </symbol>
      <symbol id="sm-240">
         <name>main</name>
         <value>0x26d</value>
         <object_component_ref idref="oc-b0"/>
      </symbol>
      <symbol id="sm-2d5">
         <name>SMBusMasterByteWordRead</name>
         <value>0x145d</value>
         <object_component_ref idref="oc-2a7"/>
      </symbol>
      <symbol id="sm-2d6">
         <name>SMBusMasterInit</name>
         <value>0x2271</value>
         <object_component_ref idref="oc-287"/>
      </symbol>
      <symbol id="sm-2d7">
         <name>SMBusMasterIntProcess</name>
         <value>0x839</value>
         <object_component_ref idref="oc-35f"/>
      </symbol>
      <symbol id="sm-2d8">
         <name>SMBusStatusGet</name>
         <value>0x22cd</value>
         <object_component_ref idref="oc-2ad"/>
      </symbol>
      <symbol id="sm-2d9">
         <name>SMBusPECDisable</name>
         <value>0x2349</value>
         <object_component_ref idref="oc-293"/>
      </symbol>
      <symbol id="sm-2da">
         <name>SMBusMasterIntEnable</name>
         <value>0x1361</value>
         <object_component_ref idref="oc-299"/>
      </symbol>
      <symbol id="sm-310">
         <name>ResetISR</name>
         <value>0x2459</value>
         <object_component_ref idref="oc-27"/>
      </symbol>
      <symbol id="sm-311">
         <name>g_pfnVectors</name>
         <value>0x0</value>
         <object_component_ref idref="oc-12"/>
      </symbol>
      <symbol id="sm-37e">
         <name>UARTStdioConfig</name>
         <value>0x1c61</value>
         <object_component_ref idref="oc-10e"/>
      </symbol>
      <symbol id="sm-37f">
         <name>UARTwrite</name>
         <value>0x2169</value>
         <object_component_ref idref="oc-32c"/>
      </symbol>
      <symbol id="sm-380">
         <name>UARTprintf</name>
         <value>0x2363</value>
         <object_component_ref idref="oc-114"/>
      </symbol>
      <symbol id="sm-381">
         <name>UARTvprintf</name>
         <value>0xc51</value>
         <object_component_ref idref="oc-269"/>
      </symbol>
      <symbol id="sm-3c1">
         <name>UARTConfigSetExpClk</name>
         <value>0x206d</value>
         <object_component_ref idref="oc-24f"/>
      </symbol>
      <symbol id="sm-3c2">
         <name>UARTDisable</name>
         <value>0x2311</value>
         <object_component_ref idref="oc-31a"/>
      </symbol>
      <symbol id="sm-3c3">
         <name>UARTClockSourceSet</name>
         <value>0x2465</value>
         <object_component_ref idref="oc-102"/>
      </symbol>
      <symbol id="sm-3c4">
         <name>UARTCharPut</name>
         <value>0x242f</value>
         <object_component_ref idref="oc-3b2"/>
      </symbol>
      <symbol id="sm-3c5">
         <name>UARTEnable</name>
         <value>0x237d</value>
         <object_component_ref idref="oc-255"/>
      </symbol>
      <symbol id="sm-41f">
         <name>SysCtlPeripheralPresent</name>
         <value>0x2209</value>
         <object_component_ref idref="oc-249"/>
      </symbol>
      <symbol id="sm-420">
         <name>SysCtlClockSet</name>
         <value>0x125d</value>
         <object_component_ref idref="oc-ea"/>
      </symbol>
      <symbol id="sm-421">
         <name>SysCtlDelay</name>
         <value>0x245f</value>
         <object_component_ref idref="oc-1bc"/>
      </symbol>
      <symbol id="sm-422">
         <name>SysCtlPeripheralEnable</name>
         <value>0x21d5</value>
         <object_component_ref idref="oc-f0"/>
      </symbol>
      <symbol id="sm-423">
         <name>SysCtlClockGet</name>
         <value>0x153d</value>
         <object_component_ref idref="oc-281"/>
      </symbol>
      <symbol id="sm-446">
         <name>Crc8CCITT</name>
         <value>0x1729</value>
         <object_component_ref idref="oc-378"/>
      </symbol>
      <symbol id="sm-488">
         <name>IntEnable</name>
         <value>0x1909</value>
         <object_component_ref idref="oc-358"/>
      </symbol>
      <symbol id="sm-489">
         <name>IntRegister</name>
         <value>0x21a1</value>
         <object_component_ref idref="oc-28d"/>
      </symbol>
      <symbol id="sm-48a">
         <name>g_pfnRAMVectors</name>
         <value>0x20000000</value>
         <object_component_ref idref="oc-34c"/>
      </symbol>
      <symbol id="sm-48b">
         <name>IntMasterEnable</name>
         <value>0x2425</value>
         <object_component_ref idref="oc-108"/>
      </symbol>
      <symbol id="sm-4f4">
         <name>I2CMasterBusBusy</name>
         <value>0x2439</value>
         <object_component_ref idref="oc-37e"/>
      </symbol>
      <symbol id="sm-4f5">
         <name>I2CMasterDataPut</name>
         <value>0x2473</value>
         <object_component_ref idref="oc-372"/>
      </symbol>
      <symbol id="sm-4f6">
         <name>I2CMasterInitExpClk</name>
         <value>0x1c19</value>
         <object_component_ref idref="oc-33e"/>
      </symbol>
      <symbol id="sm-4f7">
         <name>I2CMasterIntClearEx</name>
         <value>0x2477</value>
         <object_component_ref idref="oc-3db"/>
      </symbol>
      <symbol id="sm-4f8">
         <name>I2CMasterSlaveAddrSet</name>
         <value>0x2451</value>
         <object_component_ref idref="oc-36c"/>
      </symbol>
      <symbol id="sm-4f9">
         <name>I2CMasterDataGet</name>
         <value>0x246f</value>
         <object_component_ref idref="oc-3e1"/>
      </symbol>
      <symbol id="sm-4fa">
         <name>I2CMasterIntEnableEx</name>
         <value>0x2449</value>
         <object_component_ref idref="oc-352"/>
      </symbol>
      <symbol id="sm-4fb">
         <name>I2CMasterTimeoutSet</name>
         <value>0x247b</value>
         <object_component_ref idref="oc-344"/>
      </symbol>
      <symbol id="sm-4fc">
         <name>I2CMasterControl</name>
         <value>0x246b</value>
         <object_component_ref idref="oc-384"/>
      </symbol>
      <symbol id="sm-4fd">
         <name>I2CMasterBusy</name>
         <value>0x2441</value>
         <object_component_ref idref="oc-366"/>
      </symbol>
      <symbol id="sm-4fe">
         <name>I2CMasterEnable</name>
         <value>0x2411</value>
         <object_component_ref idref="oc-3c1"/>
      </symbol>
      <symbol id="sm-4ff">
         <name>I2CMasterIntStatusEx</name>
         <value>0x241b</value>
         <object_component_ref idref="oc-3d5"/>
      </symbol>
      <symbol id="sm-547">
         <name>GPIOPinConfigure</name>
         <value>0x1bd1</value>
         <object_component_ref idref="oc-f6"/>
      </symbol>
      <symbol id="sm-548">
         <name>GPIOPinTypeI2CSCL</name>
         <value>0x23a3</value>
         <object_component_ref idref="oc-275"/>
      </symbol>
      <symbol id="sm-549">
         <name>GPIOPinTypeI2C</name>
         <value>0x2391</value>
         <object_component_ref idref="oc-27b"/>
      </symbol>
      <symbol id="sm-54a">
         <name>GPIOPinTypeUART</name>
         <value>0x23b5</value>
         <object_component_ref idref="oc-fc"/>
      </symbol>
      <symbol id="sm-54b">
         <name>GPIODirModeSet</name>
         <value>0x22a1</value>
         <object_component_ref idref="oc-22e"/>
      </symbol>
      <symbol id="sm-54c">
         <name>GPIOPadConfigSet</name>
         <value>0x112b</value>
         <object_component_ref idref="oc-234"/>
      </symbol>
      <symbol id="sm-562">
         <name>FPULazyStackingEnable</name>
         <value>0x23d9</value>
         <object_component_ref idref="oc-e4"/>
      </symbol>
      <symbol id="sm-563">
         <name>FPUEnable</name>
         <value>0x23c9</value>
         <object_component_ref idref="oc-de"/>
      </symbol>
      <symbol id="sm-56d">
         <name>CPUcpsie</name>
         <value>0x23f7</value>
         <object_component_ref idref="oc-23d"/>
      </symbol>
      <symbol id="sm-584">
         <name>__aeabi_dsub</name>
         <value>0xe3f</value>
         <object_component_ref idref="oc-2c5"/>
      </symbol>
      <symbol id="sm-585">
         <name>__aeabi_dadd</name>
         <value>0xe49</value>
         <object_component_ref idref="oc-2c5"/>
      </symbol>
      <symbol id="sm-599">
         <name>__aeabi_ddiv</name>
         <value>0xff5</value>
         <object_component_ref idref="oc-2c0"/>
      </symbol>
      <symbol id="sm-5a3">
         <name>__aeabi_d2uiz</name>
         <value>0x1ce9</value>
         <object_component_ref idref="oc-2ca"/>
      </symbol>
      <symbol id="sm-5ad">
         <name>__aeabi_ui2d</name>
         <value>0x22f1</value>
         <object_component_ref idref="oc-2bb"/>
      </symbol>
      <symbol id="sm-5bc">
         <name>__aeabi_uidivmod</name>
         <value>0x20ed</value>
         <object_component_ref idref="oc-332"/>
      </symbol>
      <symbol id="sm-5bd">
         <name>__aeabi_uidiv</name>
         <value>0x20ed</value>
         <object_component_ref idref="oc-332"/>
      </symbol>
      <symbol id="sm-5d6">
         <name>__TI_zero_init_nomemset</name>
         <value>0x232d</value>
         <object_component_ref idref="oc-59"/>
      </symbol>
      <symbol id="sm-5ed">
         <name>__TI_decompress_none</name>
         <value>0x23e9</value>
         <object_component_ref idref="oc-1b"/>
      </symbol>
      <symbol id="sm-610">
         <name>__TI_decompress_lzss</name>
         <value>0x18a1</value>
         <object_component_ref idref="oc-15"/>
      </symbol>
      <symbol id="sm-623">
         <name>__stack</name>
         <value>0x20000270</value>
         <object_component_ref idref="oc-24"/>
      </symbol>
      <symbol id="sm-624">
         <name>_c_int00_noargs</name>
         <value>0x223d</value>
         <object_component_ref idref="oc-6b"/>
      </symbol>
      <symbol id="sm-62e">
         <name>__aeabi_idiv0</name>
         <value>0x2487</value>
         <object_component_ref idref="oc-3b9"/>
      </symbol>
      <symbol id="sm-62f">
         <name>__aeabi_ldiv0</name>
         <value>0x2487</value>
         <object_component_ref idref="oc-3b9"/>
      </symbol>
      <symbol id="sm-64a">
         <name>memcpy</name>
         <value>0x1605</value>
         <object_component_ref idref="oc-4d"/>
      </symbol>
      <symbol id="sm-64b">
         <name>__aeabi_memcpy</name>
         <value>0x1605</value>
         <object_component_ref idref="oc-4d"/>
      </symbol>
      <symbol id="sm-64c">
         <name>__aeabi_memcpy8</name>
         <value>0x1605</value>
         <object_component_ref idref="oc-4d"/>
      </symbol>
      <symbol id="sm-64d">
         <name>__aeabi_memcpy4</name>
         <value>0x1605</value>
         <object_component_ref idref="oc-4d"/>
      </symbol>
      <symbol id="sm-676">
         <name>__TI_auto_init_nobinit_nopinit</name>
         <value>0x1ca5</value>
         <object_component_ref idref="oc-1e6"/>
      </symbol>
      <symbol id="sm-680">
         <name>_system_pre_init</name>
         <value>0x247f</value>
         <object_component_ref idref="oc-aa"/>
      </symbol>
      <symbol id="sm-68c">
         <name>C$$EXIT</name>
         <value>0x2483</value>
         <object_component_ref idref="oc-1da"/>
      </symbol>
      <symbol id="sm-68d">
         <name>abort</name>
         <value>0x2483</value>
         <object_component_ref idref="oc-1da"/>
      </symbol>
      <symbol id="sm-690">
         <name>__TI_static_base__</name>
         <value>0x0</value>
      </symbol>
      <symbol id="sm-693">
         <name>__mpu_init</name>
         <value>0x0</value>
      </symbol>
      <symbol id="sm-694">
         <name>_system_post_cinit</name>
         <value>0x0</value>
      </symbol>
   </symbol_table>
   <title>Link successful</title>
</link_info>
