<?xml version="1.0" encoding="ISO-8859-1" ?>
<link_info>
   <banner>TI ARM Linker PC v20.2.6.LTS</banner>
   <copyright>Copyright (c) 1996-2018 Texas Instruments Incorporated</copyright>
   <link_time>0x62ee8951</link_time>
   <link_errors>0x0</link_errors>
   <output_file>TIVAC_SMBUS_BMS.out</output_file>
   <entry_point>
      <name>_c_int00_noargs</name>
      <address>0x2231</address>
   </entry_point>
   <input_file_list>
      <input_file id="fl-2">
         <path>.\</path>
         <kind>object</kind>
         <file>BMS.obj</file>
         <name>BMS.obj</name>
      </input_file>
      <input_file id="fl-3">
         <path>.\</path>
         <kind>object</kind>
         <file>main.obj</file>
         <name>main.obj</name>
      </input_file>
      <input_file id="fl-4">
         <path>.\</path>
         <kind>object</kind>
         <file>smbus.obj</file>
         <name>smbus.obj</name>
      </input_file>
      <input_file id="fl-5">
         <path>.\</path>
         <kind>object</kind>
         <file>startup_ccs.obj</file>
         <name>startup_ccs.obj</name>
      </input_file>
      <input_file id="fl-6">
         <path>.\</path>
         <kind>object</kind>
         <file>uartstdio.obj</file>
         <name>uartstdio.obj</name>
      </input_file>
      <input_file id="fl-c">
         <kind>object</kind>
         <file>&lt;internal&gt;</file>
         <name>&lt;internal&gt;</name>
      </input_file>
      <input_file id="fl-d">
         <path>C:\ti\TivaWare_C_Series-2.0\driverlib\ccs\Debug\</path>
         <kind>archive</kind>
         <file>driverlib.lib</file>
         <name>uart.obj</name>
      </input_file>
      <input_file id="fl-e">
         <path>C:\ti\TivaWare_C_Series-2.0\driverlib\ccs\Debug\</path>
         <kind>archive</kind>
         <file>driverlib.lib</file>
         <name>sysctl.obj</name>
      </input_file>
      <input_file id="fl-f">
         <path>C:\ti\TivaWare_C_Series-2.0\driverlib\ccs\Debug\</path>
         <kind>archive</kind>
         <file>driverlib.lib</file>
         <name>sw_crc.obj</name>
      </input_file>
      <input_file id="fl-10">
         <path>C:\ti\TivaWare_C_Series-2.0\driverlib\ccs\Debug\</path>
         <kind>archive</kind>
         <file>driverlib.lib</file>
         <name>interrupt.obj</name>
      </input_file>
      <input_file id="fl-11">
         <path>C:\ti\TivaWare_C_Series-2.0\driverlib\ccs\Debug\</path>
         <kind>archive</kind>
         <file>driverlib.lib</file>
         <name>i2c.obj</name>
      </input_file>
      <input_file id="fl-12">
         <path>C:\ti\TivaWare_C_Series-2.0\driverlib\ccs\Debug\</path>
         <kind>archive</kind>
         <file>driverlib.lib</file>
         <name>gpio.obj</name>
      </input_file>
      <input_file id="fl-13">
         <path>C:\ti\TivaWare_C_Series-2.0\driverlib\ccs\Debug\</path>
         <kind>archive</kind>
         <file>driverlib.lib</file>
         <name>fpu.obj</name>
      </input_file>
      <input_file id="fl-14">
         <path>C:\ti\TivaWare_C_Series-2.0\driverlib\ccs\Debug\</path>
         <kind>archive</kind>
         <file>driverlib.lib</file>
         <name>cpu.obj</name>
      </input_file>
      <input_file id="fl-ca">
         <path>C:\ti\ccs1200\ccs\tools\compiler\ti-cgt-arm_20.2.6.LTS\lib\</path>
         <kind>archive</kind>
         <file>rtsv7M4_T_le_v4SPD16_eabi.lib</file>
         <name>fd_add_t2.asm.obj</name>
      </input_file>
      <input_file id="fl-cb">
         <path>C:\ti\ccs1200\ccs\tools\compiler\ti-cgt-arm_20.2.6.LTS\lib\</path>
         <kind>archive</kind>
         <file>rtsv7M4_T_le_v4SPD16_eabi.lib</file>
         <name>fd_div_t2.asm.obj</name>
      </input_file>
      <input_file id="fl-cc">
         <path>C:\ti\ccs1200\ccs\tools\compiler\ti-cgt-arm_20.2.6.LTS\lib\</path>
         <kind>archive</kind>
         <file>rtsv7M4_T_le_v4SPD16_eabi.lib</file>
         <name>fd_tou_t2.asm.obj</name>
      </input_file>
      <input_file id="fl-cd">
         <path>C:\ti\ccs1200\ccs\tools\compiler\ti-cgt-arm_20.2.6.LTS\lib\</path>
         <kind>archive</kind>
         <file>rtsv7M4_T_le_v4SPD16_eabi.lib</file>
         <name>u_tofd_t2.asm.obj</name>
      </input_file>
      <input_file id="fl-ce">
         <path>C:\ti\ccs1200\ccs\tools\compiler\ti-cgt-arm_20.2.6.LTS\lib\</path>
         <kind>archive</kind>
         <file>rtsv7M4_T_le_v4SPD16_eabi.lib</file>
         <name>u_divt2.asm.obj</name>
      </input_file>
      <input_file id="fl-cf">
         <path>C:\ti\ccs1200\ccs\tools\compiler\ti-cgt-arm_20.2.6.LTS\lib\</path>
         <kind>archive</kind>
         <file>rtsv7M4_T_le_v4SPD16_eabi.lib</file>
         <name>copy_zero_init.c.obj</name>
      </input_file>
      <input_file id="fl-d0">
         <path>C:\ti\ccs1200\ccs\tools\compiler\ti-cgt-arm_20.2.6.LTS\lib\</path>
         <kind>archive</kind>
         <file>rtsv7M4_T_le_v4SPD16_eabi.lib</file>
         <name>copy_decompress_none.c.obj</name>
      </input_file>
      <input_file id="fl-d1">
         <path>C:\ti\ccs1200\ccs\tools\compiler\ti-cgt-arm_20.2.6.LTS\lib\</path>
         <kind>archive</kind>
         <file>rtsv7M4_T_le_v4SPD16_eabi.lib</file>
         <name>copy_decompress_lzss.c.obj</name>
      </input_file>
      <input_file id="fl-d2">
         <path>C:\ti\ccs1200\ccs\tools\compiler\ti-cgt-arm_20.2.6.LTS\lib\</path>
         <kind>archive</kind>
         <file>rtsv7M4_T_le_v4SPD16_eabi.lib</file>
         <name>boot_cortex_m.c.obj</name>
      </input_file>
      <input_file id="fl-d3">
         <path>C:\ti\ccs1200\ccs\tools\compiler\ti-cgt-arm_20.2.6.LTS\lib\</path>
         <kind>archive</kind>
         <file>rtsv7M4_T_le_v4SPD16_eabi.lib</file>
         <name>div0.asm.obj</name>
      </input_file>
      <input_file id="fl-d4">
         <path>C:\ti\ccs1200\ccs\tools\compiler\ti-cgt-arm_20.2.6.LTS\lib\</path>
         <kind>archive</kind>
         <file>rtsv7M4_T_le_v4SPD16_eabi.lib</file>
         <name>memcpy_t2.asm.obj</name>
      </input_file>
      <input_file id="fl-d5">
         <path>C:\ti\ccs1200\ccs\tools\compiler\ti-cgt-arm_20.2.6.LTS\lib\</path>
         <kind>archive</kind>
         <file>rtsv7M4_T_le_v4SPD16_eabi.lib</file>
         <name>memset_t2.asm.obj</name>
      </input_file>
      <input_file id="fl-d6">
         <path>C:\ti\ccs1200\ccs\tools\compiler\ti-cgt-arm_20.2.6.LTS\lib\</path>
         <kind>archive</kind>
         <file>rtsv7M4_T_le_v4SPD16_eabi.lib</file>
         <name>autoinit.c.obj</name>
      </input_file>
      <input_file id="fl-d7">
         <path>C:\ti\ccs1200\ccs\tools\compiler\ti-cgt-arm_20.2.6.LTS\lib\</path>
         <kind>archive</kind>
         <file>rtsv7M4_T_le_v4SPD16_eabi.lib</file>
         <name>pre_init.c.obj</name>
      </input_file>
      <input_file id="fl-d8">
         <path>C:\ti\ccs1200\ccs\tools\compiler\ti-cgt-arm_20.2.6.LTS\lib\</path>
         <kind>archive</kind>
         <file>rtsv7M4_T_le_v4SPD16_eabi.lib</file>
         <name>cpy_tbl.c.obj</name>
      </input_file>
      <input_file id="fl-d9">
         <path>C:\ti\ccs1200\ccs\tools\compiler\ti-cgt-arm_20.2.6.LTS\lib\</path>
         <kind>archive</kind>
         <file>rtsv7M4_T_le_v4SPD16_eabi.lib</file>
         <name>exit.c.obj</name>
      </input_file>
      <input_file id="fl-da">
         <path>C:\ti\ccs1200\ccs\tools\compiler\ti-cgt-arm_20.2.6.LTS\lib\</path>
         <kind>archive</kind>
         <file>rtsv7M4_T_le_v4SPD16_eabi.lib</file>
         <name>_lock.c.obj</name>
      </input_file>
      <input_file id="fl-db">
         <path>C:\ti\ccs1200\ccs\tools\compiler\ti-cgt-arm_20.2.6.LTS\lib\</path>
         <kind>archive</kind>
         <file>rtsv7M4_T_le_v4SPD16_eabi.lib</file>
         <name>args_main.c.obj</name>
      </input_file>
   </input_file_list>
   <object_component_list>
      <object_component id="oc-12">
         <name>.intvecs</name>
         <load_address>0x0</load_address>
         <run_address>0x0</run_address>
         <size>0x26c</size>
         <input_file_ref idref="fl-5"/>
      </object_component>
      <object_component id="oc-b0">
         <name>.text:main</name>
         <load_address>0x26c</load_address>
         <run_address>0x26c</run_address>
         <size>0x5cc</size>
         <input_file_ref idref="fl-3"/>
      </object_component>
      <object_component id="oc-35f">
         <name>.text:SMBusMasterIntProcess</name>
         <load_address>0x838</load_address>
         <run_address>0x838</run_address>
         <size>0x418</size>
         <input_file_ref idref="fl-4"/>
      </object_component>
      <object_component id="oc-269">
         <name>.text:UARTvprintf</name>
         <load_address>0xc50</load_address>
         <run_address>0xc50</run_address>
         <size>0x1ee</size>
         <input_file_ref idref="fl-6"/>
      </object_component>
      <object_component id="oc-2c5">
         <name>.text</name>
         <load_address>0xe3e</load_address>
         <run_address>0xe3e</run_address>
         <size>0x1b6</size>
         <input_file_ref idref="fl-ca"/>
      </object_component>
      <object_component id="oc-2c0">
         <name>.text</name>
         <load_address>0xff4</load_address>
         <run_address>0xff4</run_address>
         <size>0x136</size>
         <input_file_ref idref="fl-cb"/>
      </object_component>
      <object_component id="oc-240">
         <name>.text:GPIOPadConfigSet</name>
         <load_address>0x112a</load_address>
         <run_address>0x112a</run_address>
         <size>0x130</size>
         <input_file_ref idref="fl-12"/>
      </object_component>
      <object_component id="oc-33">
         <name>.text:FaultISR</name>
         <load_address>0x125a</load_address>
         <run_address>0x125a</run_address>
         <size>0x2</size>
         <input_file_ref idref="fl-5"/>
      </object_component>
      <object_component id="oc-ea">
         <name>.text:SysCtlClockSet</name>
         <load_address>0x125c</load_address>
         <run_address>0x125c</run_address>
         <size>0x104</size>
         <input_file_ref idref="fl-e"/>
      </object_component>
      <object_component id="oc-299">
         <name>.text:SMBusMasterIntEnable</name>
         <load_address>0x1360</load_address>
         <run_address>0x1360</run_address>
         <size>0xfc</size>
         <input_file_ref idref="fl-4"/>
      </object_component>
      <object_component id="oc-2a7">
         <name>.text:SMBusMasterByteWordRead</name>
         <load_address>0x145c</load_address>
         <run_address>0x145c</run_address>
         <size>0xe0</size>
         <input_file_ref idref="fl-4"/>
      </object_component>
      <object_component id="oc-281">
         <name>.text:SysCtlClockGet</name>
         <load_address>0x153c</load_address>
         <run_address>0x153c</run_address>
         <size>0xc8</size>
         <input_file_ref idref="fl-e"/>
      </object_component>
      <object_component id="oc-4d">
         <name>.text</name>
         <load_address>0x1604</load_address>
         <run_address>0x1604</run_address>
         <size>0x9c</size>
         <input_file_ref idref="fl-d4"/>
      </object_component>
      <object_component id="oc-14a">
         <name>.text:Temperature_Read</name>
         <load_address>0x16a0</load_address>
         <run_address>0x16a0</run_address>
         <size>0x88</size>
         <input_file_ref idref="fl-2"/>
      </object_component>
      <object_component id="oc-378">
         <name>.text:Crc8CCITT</name>
         <load_address>0x1728</load_address>
         <run_address>0x1728</run_address>
         <size>0x84</size>
         <input_file_ref idref="fl-f"/>
      </object_component>
      <object_component id="oc-1b0">
         <name>.text:ManufactureDate_Read</name>
         <load_address>0x17ac</load_address>
         <run_address>0x17ac</run_address>
         <size>0x80</size>
         <input_file_ref idref="fl-2"/>
      </object_component>
      <object_component id="oc-11a">
         <name>.text:HostInit</name>
         <load_address>0x182c</load_address>
         <run_address>0x182c</run_address>
         <size>0x74</size>
         <input_file_ref idref="fl-2"/>
      </object_component>
      <object_component id="oc-15">
         <name>.text:decompress:lzss:__TI_decompress_lzss</name>
         <load_address>0x18a0</load_address>
         <run_address>0x18a0</run_address>
         <size>0x68</size>
         <input_file_ref idref="fl-d1"/>
      </object_component>
      <object_component id="oc-358">
         <name>.text:IntEnable</name>
         <load_address>0x1908</load_address>
         <run_address>0x1908</run_address>
         <size>0x60</size>
         <input_file_ref idref="fl-10"/>
      </object_component>
      <object_component id="oc-144">
         <name>.text:AtRateOK_Read</name>
         <load_address>0x1968</load_address>
         <run_address>0x1968</run_address>
         <size>0x54</size>
         <input_file_ref idref="fl-2"/>
      </object_component>
      <object_component id="oc-16e">
         <name>.text:AbsoluteStateOfCharge_Read</name>
         <load_address>0x19bc</load_address>
         <run_address>0x19bc</run_address>
         <size>0x4c</size>
         <input_file_ref idref="fl-2"/>
      </object_component>
      <object_component id="oc-13e">
         <name>.text:AtRateTimeToEmpty_Read</name>
         <load_address>0x1a08</load_address>
         <run_address>0x1a08</run_address>
         <size>0x4c</size>
         <input_file_ref idref="fl-2"/>
      </object_component>
      <object_component id="oc-138">
         <name>.text:AtRateTimeToFull_Read</name>
         <load_address>0x1a54</load_address>
         <run_address>0x1a54</run_address>
         <size>0x4c</size>
         <input_file_ref idref="fl-2"/>
      </object_component>
      <object_component id="oc-132">
         <name>.text:AtRate_Read</name>
         <load_address>0x1aa0</load_address>
         <run_address>0x1aa0</run_address>
         <size>0x4c</size>
         <input_file_ref idref="fl-2"/>
      </object_component>
      <object_component id="oc-12c">
         <name>.text:BatteryMode_Read</name>
         <load_address>0x1aec</load_address>
         <run_address>0x1aec</run_address>
         <size>0x4c</size>
         <input_file_ref idref="fl-2"/>
      </object_component>
      <object_component id="oc-162">
         <name>.text:MaxError_Read</name>
         <load_address>0x1b38</load_address>
         <run_address>0x1b38</run_address>
         <size>0x4c</size>
         <input_file_ref idref="fl-2"/>
      </object_component>
      <object_component id="oc-1b6">
         <name>.text:SerialNumber_Read</name>
         <load_address>0x1b84</load_address>
         <run_address>0x1b84</run_address>
         <size>0x4c</size>
         <input_file_ref idref="fl-2"/>
      </object_component>
      <object_component id="oc-fc">
         <name>.text:GPIOPinConfigure</name>
         <load_address>0x1bd0</load_address>
         <run_address>0x1bd0</run_address>
         <size>0x48</size>
         <input_file_ref idref="fl-12"/>
      </object_component>
      <object_component id="oc-33e">
         <name>.text:I2CMasterInitExpClk</name>
         <load_address>0x1c18</load_address>
         <run_address>0x1c18</run_address>
         <size>0x48</size>
         <input_file_ref idref="fl-11"/>
      </object_component>
      <object_component id="oc-10e">
         <name>.text:UARTStdioConfig</name>
         <load_address>0x1c60</load_address>
         <run_address>0x1c60</run_address>
         <size>0x44</size>
         <input_file_ref idref="fl-6"/>
      </object_component>
      <object_component id="oc-1e6">
         <name>.text:__TI_auto_init_nobinit_nopinit:__TI_auto_init_nobinit_nopinit</name>
         <load_address>0x1ca4</load_address>
         <run_address>0x1ca4</run_address>
         <size>0x44</size>
         <input_file_ref idref="fl-d6"/>
      </object_component>
      <object_component id="oc-2ca">
         <name>.text</name>
         <load_address>0x1ce8</load_address>
         <run_address>0x1ce8</run_address>
         <size>0x44</size>
         <input_file_ref idref="fl-cc"/>
      </object_component>
      <object_component id="oc-186">
         <name>.text:AverageTimeToEmpty_Read</name>
         <load_address>0x1d2c</load_address>
         <run_address>0x1d2c</run_address>
         <size>0x40</size>
         <input_file_ref idref="fl-2"/>
      </object_component>
      <object_component id="oc-18c">
         <name>.text:AverageTimeToFull_Read</name>
         <load_address>0x1d6c</load_address>
         <run_address>0x1d6c</run_address>
         <size>0x40</size>
         <input_file_ref idref="fl-2"/>
      </object_component>
      <object_component id="oc-192">
         <name>.text:BatteryStatus_Read</name>
         <load_address>0x1dac</load_address>
         <run_address>0x1dac</run_address>
         <size>0x40</size>
         <input_file_ref idref="fl-2"/>
      </object_component>
      <object_component id="oc-156">
         <name>.text:Current_Read</name>
         <load_address>0x1dec</load_address>
         <run_address>0x1dec</run_address>
         <size>0x40</size>
         <input_file_ref idref="fl-2"/>
      </object_component>
      <object_component id="oc-198">
         <name>.text:CycleCount_Read</name>
         <load_address>0x1e2c</load_address>
         <run_address>0x1e2c</run_address>
         <size>0x40</size>
         <input_file_ref idref="fl-2"/>
      </object_component>
      <object_component id="oc-19e">
         <name>.text:DesignCapacity_Read</name>
         <load_address>0x1e6c</load_address>
         <run_address>0x1e6c</run_address>
         <size>0x40</size>
         <input_file_ref idref="fl-2"/>
      </object_component>
      <object_component id="oc-1a4">
         <name>.text:DesignVoltage_Read</name>
         <load_address>0x1eac</load_address>
         <run_address>0x1eac</run_address>
         <size>0x40</size>
         <input_file_ref idref="fl-2"/>
      </object_component>
      <object_component id="oc-17a">
         <name>.text:FullChargeCapacity_Read</name>
         <load_address>0x1eec</load_address>
         <run_address>0x1eec</run_address>
         <size>0x40</size>
         <input_file_ref idref="fl-2"/>
      </object_component>
      <object_component id="oc-168">
         <name>.text:RelativeStateOfCharge_Read</name>
         <load_address>0x1f2c</load_address>
         <run_address>0x1f2c</run_address>
         <size>0x40</size>
         <input_file_ref idref="fl-2"/>
      </object_component>
      <object_component id="oc-126">
         <name>.text:RemainingCapacityAlarm_Read</name>
         <load_address>0x1f6c</load_address>
         <run_address>0x1f6c</run_address>
         <size>0x40</size>
         <input_file_ref idref="fl-2"/>
      </object_component>
      <object_component id="oc-174">
         <name>.text:RemainingCapacity_Read</name>
         <load_address>0x1fac</load_address>
         <run_address>0x1fac</run_address>
         <size>0x40</size>
         <input_file_ref idref="fl-2"/>
      </object_component>
      <object_component id="oc-180">
         <name>.text:RunTimeToEmpty_Read</name>
         <load_address>0x1fec</load_address>
         <run_address>0x1fec</run_address>
         <size>0x40</size>
         <input_file_ref idref="fl-2"/>
      </object_component>
      <object_component id="oc-24f">
         <name>.text:UARTConfigSetExpClk</name>
         <load_address>0x202c</load_address>
         <run_address>0x202c</run_address>
         <size>0x40</size>
         <input_file_ref idref="fl-d"/>
      </object_component>
      <object_component id="oc-150">
         <name>.text:Voltage_Read</name>
         <load_address>0x206c</load_address>
         <run_address>0x206c</run_address>
         <size>0x40</size>
         <input_file_ref idref="fl-2"/>
      </object_component>
      <object_component id="oc-332">
         <name>.text</name>
         <load_address>0x20ac</load_address>
         <run_address>0x20ac</run_address>
         <size>0x40</size>
         <input_file_ref idref="fl-ce"/>
      </object_component>
      <object_component id="oc-15c">
         <name>.text:AverageCurrent_Read</name>
         <load_address>0x20ec</load_address>
         <run_address>0x20ec</run_address>
         <size>0x3c</size>
         <input_file_ref idref="fl-2"/>
      </object_component>
      <object_component id="oc-32c">
         <name>.text:UARTwrite</name>
         <load_address>0x2128</load_address>
         <run_address>0x2128</run_address>
         <size>0x38</size>
         <input_file_ref idref="fl-6"/>
      </object_component>
      <object_component id="oc-28d">
         <name>.text:IntRegister</name>
         <load_address>0x2160</load_address>
         <run_address>0x2160</run_address>
         <size>0x34</size>
         <input_file_ref idref="fl-10"/>
      </object_component>
      <object_component id="oc-120">
         <name>.text:ManufacturerAccess_Read</name>
         <load_address>0x2194</load_address>
         <run_address>0x2194</run_address>
         <size>0x34</size>
         <input_file_ref idref="fl-2"/>
      </object_component>
      <object_component id="oc-f0">
         <name>.text:SysCtlPeripheralEnable</name>
         <load_address>0x21c8</load_address>
         <run_address>0x21c8</run_address>
         <size>0x34</size>
         <input_file_ref idref="fl-e"/>
      </object_component>
      <object_component id="oc-249">
         <name>.text:SysCtlPeripheralPresent</name>
         <load_address>0x21fc</load_address>
         <run_address>0x21fc</run_address>
         <size>0x34</size>
         <input_file_ref idref="fl-e"/>
      </object_component>
      <object_component id="oc-6b">
         <name>.text:_c_int00_noargs:_c_int00_noargs</name>
         <load_address>0x2230</load_address>
         <run_address>0x2230</run_address>
         <size>0x34</size>
         <input_file_ref idref="fl-d2"/>
      </object_component>
      <object_component id="oc-287">
         <name>.text:SMBusMasterInit</name>
         <load_address>0x2264</load_address>
         <run_address>0x2264</run_address>
         <size>0x30</size>
         <input_file_ref idref="fl-4"/>
      </object_component>
      <object_component id="oc-23a">
         <name>.text:GPIODirModeSet</name>
         <load_address>0x2294</load_address>
         <run_address>0x2294</run_address>
         <size>0x2a</size>
         <input_file_ref idref="fl-12"/>
      </object_component>
      <object_component id="oc-39">
         <name>.text:IntDefaultHandler</name>
         <load_address>0x22be</load_address>
         <run_address>0x22be</run_address>
         <size>0x2</size>
         <input_file_ref idref="fl-5"/>
      </object_component>
      <object_component id="oc-2ad">
         <name>.text:SMBusStatusGet</name>
         <load_address>0x22c0</load_address>
         <run_address>0x22c0</run_address>
         <size>0x24</size>
         <input_file_ref idref="fl-4"/>
      </object_component>
      <object_component id="oc-2bb">
         <name>.text</name>
         <load_address>0x22e4</load_address>
         <run_address>0x22e4</run_address>
         <size>0x20</size>
         <input_file_ref idref="fl-cd"/>
      </object_component>
      <object_component id="oc-31a">
         <name>.text:UARTDisable</name>
         <load_address>0x2304</load_address>
         <run_address>0x2304</run_address>
         <size>0x1c</size>
         <input_file_ref idref="fl-d"/>
      </object_component>
      <object_component id="oc-59">
         <name>.text:decompress:ZI:__TI_zero_init_nomemset:__TI_zero_init_nomemset</name>
         <load_address>0x2320</load_address>
         <run_address>0x2320</run_address>
         <size>0x1c</size>
         <input_file_ref idref="fl-cf"/>
      </object_component>
      <object_component id="oc-293">
         <name>.text:SMBusPECEnable</name>
         <load_address>0x233c</load_address>
         <run_address>0x233c</run_address>
         <size>0x1a</size>
         <input_file_ref idref="fl-4"/>
      </object_component>
      <object_component id="oc-114">
         <name>.text:UARTprintf</name>
         <load_address>0x2356</load_address>
         <run_address>0x2356</run_address>
         <size>0x1a</size>
         <input_file_ref idref="fl-6"/>
      </object_component>
      <object_component id="oc-255">
         <name>.text:UARTEnable</name>
         <load_address>0x2370</load_address>
         <run_address>0x2370</run_address>
         <size>0x14</size>
         <input_file_ref idref="fl-d"/>
      </object_component>
      <object_component id="oc-27b">
         <name>.text:GPIOPinTypeI2C</name>
         <load_address>0x2384</load_address>
         <run_address>0x2384</run_address>
         <size>0x12</size>
         <input_file_ref idref="fl-12"/>
      </object_component>
      <object_component id="oc-275">
         <name>.text:GPIOPinTypeI2CSCL</name>
         <load_address>0x2396</load_address>
         <run_address>0x2396</run_address>
         <size>0x12</size>
         <input_file_ref idref="fl-12"/>
      </object_component>
      <object_component id="oc-102">
         <name>.text:GPIOPinTypeUART</name>
         <load_address>0x23a8</load_address>
         <run_address>0x23a8</run_address>
         <size>0x12</size>
         <input_file_ref idref="fl-12"/>
      </object_component>
      <object_component id="oc-2d">
         <name>.text:NmiSR</name>
         <load_address>0x23ba</load_address>
         <run_address>0x23ba</run_address>
         <size>0x2</size>
         <input_file_ref idref="fl-5"/>
      </object_component>
      <object_component id="oc-de">
         <name>.text:FPUEnable</name>
         <load_address>0x23bc</load_address>
         <run_address>0x23bc</run_address>
         <size>0x10</size>
         <input_file_ref idref="fl-13"/>
      </object_component>
      <object_component id="oc-e4">
         <name>.text:FPULazyStackingEnable</name>
         <load_address>0x23cc</load_address>
         <run_address>0x23cc</run_address>
         <size>0x10</size>
         <input_file_ref idref="fl-13"/>
      </object_component>
      <object_component id="oc-1b">
         <name>.text:decompress:none:__TI_decompress_none</name>
         <load_address>0x23dc</load_address>
         <run_address>0x23dc</run_address>
         <size>0xe</size>
         <input_file_ref idref="fl-d0"/>
      </object_component>
      <object_component id="oc-229">
         <name>.text:CPUcpsie</name>
         <load_address>0x23ea</load_address>
         <run_address>0x23ea</run_address>
         <size>0xc</size>
         <input_file_ref idref="fl-14"/>
      </object_component>
      <object_component id="oc-1aa">
         <name>.text:SpecificationInfo_Read</name>
         <load_address>0x23f6</load_address>
         <run_address>0x23f6</run_address>
         <size>0x2</size>
         <input_file_ref idref="fl-2"/>
      </object_component>
      <object_component id="oc-29f">
         <name>.text:SMBusMasterIntHandler</name>
         <load_address>0x23f8</load_address>
         <run_address>0x23f8</run_address>
         <size>0xc</size>
         <input_file_ref idref="fl-2"/>
      </object_component>
      <object_component id="oc-3c1">
         <name>.text:I2CMasterEnable</name>
         <load_address>0x2404</load_address>
         <run_address>0x2404</run_address>
         <size>0xa</size>
         <input_file_ref idref="fl-11"/>
      </object_component>
      <object_component id="oc-3d5">
         <name>.text:I2CMasterIntStatusEx</name>
         <load_address>0x240e</load_address>
         <run_address>0x240e</run_address>
         <size>0xa</size>
         <input_file_ref idref="fl-11"/>
      </object_component>
      <object_component id="oc-f6">
         <name>.text:IntMasterEnable</name>
         <load_address>0x2418</load_address>
         <run_address>0x2418</run_address>
         <size>0xa</size>
         <input_file_ref idref="fl-10"/>
      </object_component>
      <object_component id="oc-3b2">
         <name>.text:UARTCharPut</name>
         <load_address>0x2422</load_address>
         <run_address>0x2422</run_address>
         <size>0xa</size>
         <input_file_ref idref="fl-d"/>
      </object_component>
      <object_component id="oc-37e">
         <name>.text:I2CMasterBusBusy</name>
         <load_address>0x242c</load_address>
         <run_address>0x242c</run_address>
         <size>0x8</size>
         <input_file_ref idref="fl-11"/>
      </object_component>
      <object_component id="oc-366">
         <name>.text:I2CMasterBusy</name>
         <load_address>0x2434</load_address>
         <run_address>0x2434</run_address>
         <size>0x8</size>
         <input_file_ref idref="fl-11"/>
      </object_component>
      <object_component id="oc-352">
         <name>.text:I2CMasterIntEnableEx</name>
         <load_address>0x243c</load_address>
         <run_address>0x243c</run_address>
         <size>0x8</size>
         <input_file_ref idref="fl-11"/>
      </object_component>
      <object_component id="oc-36c">
         <name>.text:I2CMasterSlaveAddrSet</name>
         <load_address>0x2444</load_address>
         <run_address>0x2444</run_address>
         <size>0x8</size>
         <input_file_ref idref="fl-11"/>
      </object_component>
      <object_component id="oc-27">
         <name>.text:ResetISR</name>
         <load_address>0x244c</load_address>
         <run_address>0x244c</run_address>
         <size>0x6</size>
         <input_file_ref idref="fl-5"/>
      </object_component>
      <object_component id="oc-1bc">
         <name>.text:SysCtlDelay</name>
         <load_address>0x2452</load_address>
         <run_address>0x2452</run_address>
         <size>0x6</size>
         <input_file_ref idref="fl-e"/>
      </object_component>
      <object_component id="oc-108">
         <name>.text:UARTClockSourceSet</name>
         <load_address>0x2458</load_address>
         <run_address>0x2458</run_address>
         <size>0x6</size>
         <input_file_ref idref="fl-d"/>
      </object_component>
      <object_component id="oc-384">
         <name>.text:I2CMasterControl</name>
         <load_address>0x245e</load_address>
         <run_address>0x245e</run_address>
         <size>0x4</size>
         <input_file_ref idref="fl-11"/>
      </object_component>
      <object_component id="oc-3e1">
         <name>.text:I2CMasterDataGet</name>
         <load_address>0x2462</load_address>
         <run_address>0x2462</run_address>
         <size>0x4</size>
         <input_file_ref idref="fl-11"/>
      </object_component>
      <object_component id="oc-372">
         <name>.text:I2CMasterDataPut</name>
         <load_address>0x2466</load_address>
         <run_address>0x2466</run_address>
         <size>0x4</size>
         <input_file_ref idref="fl-11"/>
      </object_component>
      <object_component id="oc-3db">
         <name>.text:I2CMasterIntClearEx</name>
         <load_address>0x246a</load_address>
         <run_address>0x246a</run_address>
         <size>0x4</size>
         <input_file_ref idref="fl-11"/>
      </object_component>
      <object_component id="oc-344">
         <name>.text:I2CMasterTimeoutSet</name>
         <load_address>0x246e</load_address>
         <run_address>0x246e</run_address>
         <size>0x4</size>
         <input_file_ref idref="fl-11"/>
      </object_component>
      <object_component id="oc-aa">
         <name>.text:_system_pre_init</name>
         <load_address>0x2472</load_address>
         <run_address>0x2472</run_address>
         <size>0x4</size>
         <input_file_ref idref="fl-d7"/>
      </object_component>
      <object_component id="oc-1da">
         <name>.text:abort:abort</name>
         <load_address>0x2476</load_address>
         <run_address>0x2476</run_address>
         <size>0x4</size>
         <input_file_ref idref="fl-d9"/>
      </object_component>
      <object_component id="oc-3b9">
         <name>.text</name>
         <load_address>0x247a</load_address>
         <run_address>0x247a</run_address>
         <size>0x2</size>
         <input_file_ref idref="fl-d3"/>
      </object_component>
      <object_component id="oc-3eb">
         <name>.const:.string:g_pui8Crc8CCITT</name>
         <load_address>0x247c</load_address>
         <run_address>0x247c</run_address>
         <size>0x100</size>
         <input_file_ref idref="fl-f"/>
      </object_component>
      <object_component id="oc-235">
         <name>.const:g_pui32GPIOBaseAddrs</name>
         <load_address>0x257c</load_address>
         <run_address>0x257c</run_address>
         <size>0x90</size>
         <input_file_ref idref="fl-12"/>
      </object_component>
      <object_component id="oc-3d1">
         <name>.const</name>
         <load_address>0x260c</load_address>
         <run_address>0x260c</run_address>
         <size>0x70</size>
         <input_file_ref idref="fl-10"/>
      </object_component>
      <object_component id="oc-33a">
         <name>.const:g_pui32Xtals</name>
         <load_address>0x267c</load_address>
         <run_address>0x267c</run_address>
         <size>0x6c</size>
         <input_file_ref idref="fl-e"/>
      </object_component>
      <object_component id="oc-25e">
         <name>.const:g_ui32UARTBase</name>
         <load_address>0x26e8</load_address>
         <run_address>0x26e8</run_address>
         <size>0xc</size>
         <input_file_ref idref="fl-6"/>
      </object_component>
      <object_component id="oc-25b">
         <name>.const:g_ui32UARTPeriph</name>
         <load_address>0x26f4</load_address>
         <run_address>0x26f4</run_address>
         <size>0xc</size>
         <input_file_ref idref="fl-6"/>
      </object_component>
      <object_component id="oc-43d">
         <name>__TI_handler_table</name>
         <load_address>0x2700</load_address>
         <run_address>0x2700</run_address>
         <size>0xc</size>
      </object_component>
      <object_component id="oc-441">
         <name>.cinit..bss.load</name>
         <load_address>0x2710</load_address>
         <run_address>0x2710</run_address>
         <size>0x8</size>
      </object_component>
      <object_component id="oc-43f">
         <name>.cinit..vtable.load</name>
         <load_address>0x2718</load_address>
         <run_address>0x2718</run_address>
         <size>0x8</size>
      </object_component>
      <object_component id="oc-440">
         <name>.cinit..data.load</name>
         <load_address>0x2720</load_address>
         <run_address>0x2720</run_address>
         <size>0x7</size>
      </object_component>
      <object_component id="oc-43e">
         <name>__TI_cinit_table</name>
         <load_address>0x2728</load_address>
         <run_address>0x2728</run_address>
         <size>0x18</size>
      </object_component>
      <object_component id="oc-34c">
         <name>.vtable</name>
         <uninitialized>true</uninitialized>
         <run_address>0x20000000</run_address>
         <size>0x26c</size>
         <input_file_ref idref="fl-10"/>
      </object_component>
      <object_component id="oc-261">
         <name>.data</name>
         <load_address>0x200003d8</load_address>
         <run_address>0x200003d8</run_address>
         <size>0x5</size>
         <input_file_ref idref="fl-6"/>
      </object_component>
      <object_component id="oc-2a5">
         <name>.common:g_sMaster</name>
         <uninitialized>true</uninitialized>
         <run_address>0x20000370</run_address>
         <size>0x20</size>
      </object_component>
      <object_component id="oc-2b3">
         <name>.common:pui8Data</name>
         <uninitialized>true</uninitialized>
         <run_address>0x20000390</run_address>
         <size>0xc</size>
      </object_component>
      <object_component id="oc-1d7">
         <name>.common:Manufacturer_Access</name>
         <uninitialized>true</uninitialized>
         <run_address>0x200003c4</run_address>
         <size>0x2</size>
      </object_component>
      <object_component id="oc-1d6">
         <name>.common:Remaining_Capacity_Alarm</name>
         <uninitialized>true</uninitialized>
         <run_address>0x200003cc</run_address>
         <size>0x2</size>
      </object_component>
      <object_component id="oc-1d5">
         <name>.common:Battery_Mode</name>
         <uninitialized>true</uninitialized>
         <run_address>0x200003b6</run_address>
         <size>0x2</size>
      </object_component>
      <object_component id="oc-1d4">
         <name>.common:At_Rate</name>
         <uninitialized>true</uninitialized>
         <run_address>0x200003a8</run_address>
         <size>0x2</size>
      </object_component>
      <object_component id="oc-1d3">
         <name>.common:At_Rate_Time_To_Full</name>
         <uninitialized>true</uninitialized>
         <run_address>0x200003ae</run_address>
         <size>0x2</size>
      </object_component>
      <object_component id="oc-1d2">
         <name>.common:At_Rate_Time_To_Empty</name>
         <uninitialized>true</uninitialized>
         <run_address>0x200003ac</run_address>
         <size>0x2</size>
      </object_component>
      <object_component id="oc-1d1">
         <name>.common:At_Rate_Ok</name>
         <uninitialized>true</uninitialized>
         <run_address>0x200003aa</run_address>
         <size>0x2</size>
      </object_component>
      <object_component id="oc-1d0">
         <name>.common:Temperature</name>
         <uninitialized>true</uninitialized>
         <run_address>0x200003a4</run_address>
         <size>0x4</size>
      </object_component>
      <object_component id="oc-1cf">
         <name>.common:Voltage</name>
         <uninitialized>true</uninitialized>
         <run_address>0x200003d4</run_address>
         <size>0x2</size>
      </object_component>
      <object_component id="oc-1ce">
         <name>.common:Current</name>
         <uninitialized>true</uninitialized>
         <run_address>0x200003ba</run_address>
         <size>0x2</size>
      </object_component>
      <object_component id="oc-1cd">
         <name>.common:Average_Current</name>
         <uninitialized>true</uninitialized>
         <run_address>0x200003b0</run_address>
         <size>0x2</size>
      </object_component>
      <object_component id="oc-1cc">
         <name>.common:Max_Error</name>
         <uninitialized>true</uninitialized>
         <run_address>0x200003c6</run_address>
         <size>0x2</size>
      </object_component>
      <object_component id="oc-1cb">
         <name>.common:Relative_State_Of_Charge</name>
         <uninitialized>true</uninitialized>
         <run_address>0x200003c8</run_address>
         <size>0x2</size>
      </object_component>
      <object_component id="oc-1ca">
         <name>.common:Absolute_State_Of_Charge</name>
         <uninitialized>true</uninitialized>
         <run_address>0x200003a2</run_address>
         <size>0x2</size>
      </object_component>
      <object_component id="oc-1c9">
         <name>.common:Remaining_Capacity</name>
         <uninitialized>true</uninitialized>
         <run_address>0x200003ca</run_address>
         <size>0x2</size>
      </object_component>
      <object_component id="oc-1c8">
         <name>.common:Full_Charge_Capacity</name>
         <uninitialized>true</uninitialized>
         <run_address>0x200003c2</run_address>
         <size>0x2</size>
      </object_component>
      <object_component id="oc-1c7">
         <name>.common:Runtime_To_Empty</name>
         <uninitialized>true</uninitialized>
         <run_address>0x200003ce</run_address>
         <size>0x2</size>
      </object_component>
      <object_component id="oc-1c6">
         <name>.common:Average_Time_To_Empty</name>
         <uninitialized>true</uninitialized>
         <run_address>0x200003b2</run_address>
         <size>0x2</size>
      </object_component>
      <object_component id="oc-1c5">
         <name>.common:Average_Time_To_Full</name>
         <uninitialized>true</uninitialized>
         <run_address>0x200003b4</run_address>
         <size>0x2</size>
      </object_component>
      <object_component id="oc-1c4">
         <name>.common:Battery_Status</name>
         <uninitialized>true</uninitialized>
         <run_address>0x200003b8</run_address>
         <size>0x2</size>
      </object_component>
      <object_component id="oc-1c3">
         <name>.common:Cycle_Count</name>
         <uninitialized>true</uninitialized>
         <run_address>0x200003bc</run_address>
         <size>0x2</size>
      </object_component>
      <object_component id="oc-1c2">
         <name>.common:Design_Capacity</name>
         <uninitialized>true</uninitialized>
         <run_address>0x200003be</run_address>
         <size>0x2</size>
      </object_component>
      <object_component id="oc-1c1">
         <name>.common:Design_Voltage</name>
         <uninitialized>true</uninitialized>
         <run_address>0x200003c0</run_address>
         <size>0x2</size>
      </object_component>
      <object_component id="oc-1d8">
         <name>.common:Specification_Info</name>
         <uninitialized>true</uninitialized>
         <run_address>0x200003d2</run_address>
         <size>0x2</size>
      </object_component>
      <object_component id="oc-1c0">
         <name>.common:Date</name>
         <uninitialized>true</uninitialized>
         <run_address>0x2000039c</run_address>
         <size>0x6</size>
      </object_component>
      <object_component id="oc-1bd">
         <name>.common:SerialNumber</name>
         <uninitialized>true</uninitialized>
         <run_address>0x200003d0</run_address>
         <size>0x2</size>
      </object_component>
      <object_component id="oc-24">
         <name>.stack</name>
         <uninitialized>true</uninitialized>
         <run_address>0x20000270</run_address>
         <size>0x4</size>
         <input_file_ref idref="fl-d2"/>
      </object_component>
      <object_component id="oc-443">
         <name>.stack</name>
         <uninitialized>true</uninitialized>
         <run_address>0x20000270</run_address>
         <size>0x0</size>
      </object_component>
      <object_component id="oc-cc">
         <name>.debug_info</name>
         <load_address>0x0</load_address>
         <run_address>0x0</run_address>
         <size>0x649</size>
         <input_file_ref idref="fl-2"/>
      </object_component>
      <object_component id="oc-151">
         <name>.debug_info</name>
         <load_address>0x649</load_address>
         <run_address>0x649</run_address>
         <size>0x147</size>
         <input_file_ref idref="fl-2"/>
      </object_component>
      <object_component id="oc-14b">
         <name>.debug_info</name>
         <load_address>0x790</load_address>
         <run_address>0x790</run_address>
         <size>0x1d6</size>
         <input_file_ref idref="fl-2"/>
      </object_component>
      <object_component id="oc-1ab">
         <name>.debug_info</name>
         <load_address>0x966</load_address>
         <run_address>0x966</run_address>
         <size>0x113</size>
         <input_file_ref idref="fl-2"/>
      </object_component>
      <object_component id="oc-1b8">
         <name>.debug_info</name>
         <load_address>0xa79</load_address>
         <run_address>0xa79</run_address>
         <size>0x16b</size>
         <input_file_ref idref="fl-2"/>
      </object_component>
      <object_component id="oc-2a0">
         <name>.debug_info</name>
         <load_address>0xbe4</load_address>
         <run_address>0xbe4</run_address>
         <size>0x121</size>
         <input_file_ref idref="fl-2"/>
      </object_component>
      <object_component id="oc-181">
         <name>.debug_info</name>
         <load_address>0xd05</load_address>
         <run_address>0xd05</run_address>
         <size>0x155</size>
         <input_file_ref idref="fl-2"/>
      </object_component>
      <object_component id="oc-175">
         <name>.debug_info</name>
         <load_address>0xe5a</load_address>
         <run_address>0xe5a</run_address>
         <size>0x15b</size>
         <input_file_ref idref="fl-2"/>
      </object_component>
      <object_component id="oc-127">
         <name>.debug_info</name>
         <load_address>0xfb5</load_address>
         <run_address>0xfb5</run_address>
         <size>0x162</size>
         <input_file_ref idref="fl-2"/>
      </object_component>
      <object_component id="oc-169">
         <name>.debug_info</name>
         <load_address>0x1117</load_address>
         <run_address>0x1117</run_address>
         <size>0x163</size>
         <input_file_ref idref="fl-2"/>
      </object_component>
      <object_component id="oc-163">
         <name>.debug_info</name>
         <load_address>0x127a</load_address>
         <run_address>0x127a</run_address>
         <size>0x163</size>
         <input_file_ref idref="fl-2"/>
      </object_component>
      <object_component id="oc-121">
         <name>.debug_info</name>
         <load_address>0x13dd</load_address>
         <run_address>0x13dd</run_address>
         <size>0x145</size>
         <input_file_ref idref="fl-2"/>
      </object_component>
      <object_component id="oc-1b1">
         <name>.debug_info</name>
         <load_address>0x1522</load_address>
         <run_address>0x1522</run_address>
         <size>0x18b</size>
         <input_file_ref idref="fl-2"/>
      </object_component>
      <object_component id="oc-11b">
         <name>.debug_info</name>
         <load_address>0x16ad</load_address>
         <run_address>0x16ad</run_address>
         <size>0x1f2</size>
         <input_file_ref idref="fl-2"/>
      </object_component>
      <object_component id="oc-17b">
         <name>.debug_info</name>
         <load_address>0x189f</load_address>
         <run_address>0x189f</run_address>
         <size>0x15d</size>
         <input_file_ref idref="fl-2"/>
      </object_component>
      <object_component id="oc-1a5">
         <name>.debug_info</name>
         <load_address>0x19fc</load_address>
         <run_address>0x19fc</run_address>
         <size>0x153</size>
         <input_file_ref idref="fl-2"/>
      </object_component>
      <object_component id="oc-19f">
         <name>.debug_info</name>
         <load_address>0x1b4f</load_address>
         <run_address>0x1b4f</run_address>
         <size>0x155</size>
         <input_file_ref idref="fl-2"/>
      </object_component>
      <object_component id="oc-199">
         <name>.debug_info</name>
         <load_address>0x1ca4</load_address>
         <run_address>0x1ca4</run_address>
         <size>0x14d</size>
         <input_file_ref idref="fl-2"/>
      </object_component>
      <object_component id="oc-157">
         <name>.debug_info</name>
         <load_address>0x1df1</load_address>
         <run_address>0x1df1</run_address>
         <size>0x147</size>
         <input_file_ref idref="fl-2"/>
      </object_component>
      <object_component id="oc-193">
         <name>.debug_info</name>
         <load_address>0x1f38</load_address>
         <run_address>0x1f38</run_address>
         <size>0x153</size>
         <input_file_ref idref="fl-2"/>
      </object_component>
      <object_component id="oc-12d">
         <name>.debug_info</name>
         <load_address>0x208b</load_address>
         <run_address>0x208b</run_address>
         <size>0x169</size>
         <input_file_ref idref="fl-2"/>
      </object_component>
      <object_component id="oc-18d">
         <name>.debug_info</name>
         <load_address>0x21f4</load_address>
         <run_address>0x21f4</run_address>
         <size>0x15b</size>
         <input_file_ref idref="fl-2"/>
      </object_component>
      <object_component id="oc-187">
         <name>.debug_info</name>
         <load_address>0x234f</load_address>
         <run_address>0x234f</run_address>
         <size>0x15d</size>
         <input_file_ref idref="fl-2"/>
      </object_component>
      <object_component id="oc-15d">
         <name>.debug_info</name>
         <load_address>0x24ac</load_address>
         <run_address>0x24ac</run_address>
         <size>0x155</size>
         <input_file_ref idref="fl-2"/>
      </object_component>
      <object_component id="oc-133">
         <name>.debug_info</name>
         <load_address>0x2601</load_address>
         <run_address>0x2601</run_address>
         <size>0x15f</size>
         <input_file_ref idref="fl-2"/>
      </object_component>
      <object_component id="oc-139">
         <name>.debug_info</name>
         <load_address>0x2760</load_address>
         <run_address>0x2760</run_address>
         <size>0x173</size>
         <input_file_ref idref="fl-2"/>
      </object_component>
      <object_component id="oc-13f">
         <name>.debug_info</name>
         <load_address>0x28d3</load_address>
         <run_address>0x28d3</run_address>
         <size>0x175</size>
         <input_file_ref idref="fl-2"/>
      </object_component>
      <object_component id="oc-145">
         <name>.debug_info</name>
         <load_address>0x2a48</load_address>
         <run_address>0x2a48</run_address>
         <size>0x163</size>
         <input_file_ref idref="fl-2"/>
      </object_component>
      <object_component id="oc-16f">
         <name>.debug_info</name>
         <load_address>0x2bab</load_address>
         <run_address>0x2bab</run_address>
         <size>0x17d</size>
         <input_file_ref idref="fl-2"/>
      </object_component>
      <object_component id="oc-21a">
         <name>.debug_info</name>
         <load_address>0x2d28</load_address>
         <run_address>0x2d28</run_address>
         <size>0x310</size>
         <input_file_ref idref="fl-2"/>
      </object_component>
      <object_component id="oc-2e1">
         <name>.debug_info</name>
         <load_address>0x3038</load_address>
         <run_address>0x3038</run_address>
         <size>0x72</size>
         <input_file_ref idref="fl-2"/>
      </object_component>
      <object_component id="oc-85">
         <name>.debug_info</name>
         <load_address>0x30aa</load_address>
         <run_address>0x30aa</run_address>
         <size>0x26b</size>
         <input_file_ref idref="fl-2"/>
      </object_component>
      <object_component id="oc-c7">
         <name>.debug_info</name>
         <load_address>0x3315</load_address>
         <run_address>0x3315</run_address>
         <size>0x8b</size>
         <input_file_ref idref="fl-2"/>
      </object_component>
      <object_component id="oc-c2">
         <name>.debug_info</name>
         <load_address>0x33a0</load_address>
         <run_address>0x33a0</run_address>
         <size>0x2a4</size>
         <input_file_ref idref="fl-2"/>
      </object_component>
      <object_component id="oc-8a">
         <name>.debug_info</name>
         <load_address>0x3644</load_address>
         <run_address>0x3644</run_address>
         <size>0xbb</size>
         <input_file_ref idref="fl-2"/>
      </object_component>
      <object_component id="oc-270">
         <name>.debug_info</name>
         <load_address>0x36ff</load_address>
         <run_address>0x36ff</run_address>
         <size>0x2c</size>
         <input_file_ref idref="fl-2"/>
      </object_component>
      <object_component id="oc-1be">
         <name>.debug_info</name>
         <load_address>0x372b</load_address>
         <run_address>0x372b</run_address>
         <size>0x1097</size>
         <input_file_ref idref="fl-3"/>
      </object_component>
      <object_component id="oc-b1">
         <name>.debug_info</name>
         <load_address>0x47c2</load_address>
         <run_address>0x47c2</run_address>
         <size>0x690</size>
         <input_file_ref idref="fl-3"/>
      </object_component>
      <object_component id="oc-34b">
         <name>.debug_info</name>
         <load_address>0x4e52</load_address>
         <run_address>0x4e52</run_address>
         <size>0x7ef</size>
         <input_file_ref idref="fl-4"/>
      </object_component>
      <object_component id="oc-2ae">
         <name>.debug_info</name>
         <load_address>0x5641</load_address>
         <run_address>0x5641</run_address>
         <size>0x191</size>
         <input_file_ref idref="fl-4"/>
      </object_component>
      <object_component id="oc-294">
         <name>.debug_info</name>
         <load_address>0x57d2</load_address>
         <run_address>0x57d2</run_address>
         <size>0x18d</size>
         <input_file_ref idref="fl-4"/>
      </object_component>
      <object_component id="oc-361">
         <name>.debug_info</name>
         <load_address>0x595f</load_address>
         <run_address>0x595f</run_address>
         <size>0x491</size>
         <input_file_ref idref="fl-4"/>
      </object_component>
      <object_component id="oc-29b">
         <name>.debug_info</name>
         <load_address>0x5df0</load_address>
         <run_address>0x5df0</run_address>
         <size>0x1cd</size>
         <input_file_ref idref="fl-4"/>
      </object_component>
      <object_component id="oc-289">
         <name>.debug_info</name>
         <load_address>0x5fbd</load_address>
         <run_address>0x5fbd</run_address>
         <size>0x229</size>
         <input_file_ref idref="fl-4"/>
      </object_component>
      <object_component id="oc-2a9">
         <name>.debug_info</name>
         <load_address>0x61e6</load_address>
         <run_address>0x61e6</run_address>
         <size>0x348</size>
         <input_file_ref idref="fl-4"/>
      </object_component>
      <object_component id="oc-41">
         <name>.debug_info</name>
         <load_address>0x652e</load_address>
         <run_address>0x652e</run_address>
         <size>0x299</size>
         <input_file_ref idref="fl-5"/>
      </object_component>
      <object_component id="oc-13">
         <name>.debug_info</name>
         <load_address>0x67c7</load_address>
         <run_address>0x67c7</run_address>
         <size>0xd8</size>
         <input_file_ref idref="fl-5"/>
      </object_component>
      <object_component id="oc-28">
         <name>.debug_info</name>
         <load_address>0x689f</load_address>
         <run_address>0x689f</run_address>
         <size>0x108</size>
         <input_file_ref idref="fl-5"/>
      </object_component>
      <object_component id="oc-2e">
         <name>.debug_info</name>
         <load_address>0x69a7</load_address>
         <run_address>0x69a7</run_address>
         <size>0xf7</size>
         <input_file_ref idref="fl-5"/>
      </object_component>
      <object_component id="oc-3a">
         <name>.debug_info</name>
         <load_address>0x6a9e</load_address>
         <run_address>0x6a9e</run_address>
         <size>0x111</size>
         <input_file_ref idref="fl-5"/>
      </object_component>
      <object_component id="oc-34">
         <name>.debug_info</name>
         <load_address>0x6baf</load_address>
         <run_address>0x6baf</run_address>
         <size>0xff</size>
         <input_file_ref idref="fl-5"/>
      </object_component>
      <object_component id="oc-48">
         <name>.debug_info</name>
         <load_address>0x6cae</load_address>
         <run_address>0x6cae</run_address>
         <size>0x84</size>
         <input_file_ref idref="fl-5"/>
      </object_component>
      <object_component id="oc-268">
         <name>.debug_info</name>
         <load_address>0x6d32</load_address>
         <run_address>0x6d32</run_address>
         <size>0x3f9</size>
         <input_file_ref idref="fl-6"/>
      </object_component>
      <object_component id="oc-262">
         <name>.debug_info</name>
         <load_address>0x712b</load_address>
         <run_address>0x712b</run_address>
         <size>0xf0</size>
         <input_file_ref idref="fl-6"/>
      </object_component>
      <object_component id="oc-25f">
         <name>.debug_info</name>
         <load_address>0x721b</load_address>
         <run_address>0x721b</run_address>
         <size>0xf8</size>
         <input_file_ref idref="fl-6"/>
      </object_component>
      <object_component id="oc-25c">
         <name>.debug_info</name>
         <load_address>0x7313</load_address>
         <run_address>0x7313</run_address>
         <size>0xfc</size>
         <input_file_ref idref="fl-6"/>
      </object_component>
      <object_component id="oc-32e">
         <name>.debug_info</name>
         <load_address>0x740f</load_address>
         <run_address>0x740f</run_address>
         <size>0x1f1</size>
         <input_file_ref idref="fl-6"/>
      </object_component>
      <object_component id="oc-26a">
         <name>.debug_info</name>
         <load_address>0x7600</load_address>
         <run_address>0x7600</run_address>
         <size>0x30d</size>
         <input_file_ref idref="fl-6"/>
      </object_component>
      <object_component id="oc-115">
         <name>.debug_info</name>
         <load_address>0x790d</load_address>
         <run_address>0x790d</run_address>
         <size>0x1a8</size>
         <input_file_ref idref="fl-6"/>
      </object_component>
      <object_component id="oc-264">
         <name>.debug_info</name>
         <load_address>0x7ab5</load_address>
         <run_address>0x7ab5</run_address>
         <size>0x23c</size>
         <input_file_ref idref="fl-6"/>
      </object_component>
      <object_component id="oc-10f">
         <name>.debug_info</name>
         <load_address>0x7cf1</load_address>
         <run_address>0x7cf1</run_address>
         <size>0x288</size>
         <input_file_ref idref="fl-6"/>
      </object_component>
      <object_component id="oc-248">
         <name>.debug_info</name>
         <load_address>0x7f79</load_address>
         <run_address>0x7f79</run_address>
         <size>0x1ce</size>
         <input_file_ref idref="fl-d"/>
      </object_component>
      <object_component id="oc-258">
         <name>.debug_info</name>
         <load_address>0x8147</load_address>
         <run_address>0x8147</run_address>
         <size>0x1ab</size>
         <input_file_ref idref="fl-d"/>
      </object_component>
      <object_component id="oc-31d">
         <name>.debug_info</name>
         <load_address>0x82f2</load_address>
         <run_address>0x82f2</run_address>
         <size>0x233</size>
         <input_file_ref idref="fl-d"/>
      </object_component>
      <object_component id="oc-252">
         <name>.debug_info</name>
         <load_address>0x8525</load_address>
         <run_address>0x8525</run_address>
         <size>0x28a</size>
         <input_file_ref idref="fl-d"/>
      </object_component>
      <object_component id="oc-10b">
         <name>.debug_info</name>
         <load_address>0x87af</load_address>
         <run_address>0x87af</run_address>
         <size>0x1f5</size>
         <input_file_ref idref="fl-d"/>
      </object_component>
      <object_component id="oc-3b5">
         <name>.debug_info</name>
         <load_address>0x89a4</load_address>
         <run_address>0x89a4</run_address>
         <size>0x25d</size>
         <input_file_ref idref="fl-d"/>
      </object_component>
      <object_component id="oc-230">
         <name>.debug_info</name>
         <load_address>0x8c01</load_address>
         <run_address>0x8c01</run_address>
         <size>0x90</size>
         <input_file_ref idref="fl-d"/>
      </object_component>
      <object_component id="oc-222">
         <name>.debug_info</name>
         <load_address>0x8c91</load_address>
         <run_address>0x8c91</run_address>
         <size>0x18b</size>
         <input_file_ref idref="fl-d"/>
      </object_component>
      <object_component id="oc-227">
         <name>.debug_info</name>
         <load_address>0x8e1c</load_address>
         <run_address>0x8e1c</run_address>
         <size>0x226</size>
         <input_file_ref idref="fl-e"/>
      </object_component>
      <object_component id="oc-33b">
         <name>.debug_info</name>
         <load_address>0x9042</load_address>
         <run_address>0x9042</run_address>
         <size>0xff</size>
         <input_file_ref idref="fl-e"/>
      </object_component>
      <object_component id="oc-24b">
         <name>.debug_info</name>
         <load_address>0x9141</load_address>
         <run_address>0x9141</run_address>
         <size>0x1e7</size>
         <input_file_ref idref="fl-e"/>
      </object_component>
      <object_component id="oc-f2">
         <name>.debug_info</name>
         <load_address>0x9328</load_address>
         <run_address>0x9328</run_address>
         <size>0x1e1</size>
         <input_file_ref idref="fl-e"/>
      </object_component>
      <object_component id="oc-ed">
         <name>.debug_info</name>
         <load_address>0x9509</load_address>
         <run_address>0x9509</run_address>
         <size>0x2d4</size>
         <input_file_ref idref="fl-e"/>
      </object_component>
      <object_component id="oc-283">
         <name>.debug_info</name>
         <load_address>0x97dd</load_address>
         <run_address>0x97dd</run_address>
         <size>0x202</size>
         <input_file_ref idref="fl-e"/>
      </object_component>
      <object_component id="oc-30b">
         <name>.debug_info</name>
         <load_address>0x99df</load_address>
         <run_address>0x99df</run_address>
         <size>0x5f</size>
         <input_file_ref idref="fl-e"/>
      </object_component>
      <object_component id="oc-3ef">
         <name>.debug_info</name>
         <load_address>0x9a3e</load_address>
         <run_address>0x9a3e</run_address>
         <size>0x130</size>
         <input_file_ref idref="fl-f"/>
      </object_component>
      <object_component id="oc-3ec">
         <name>.debug_info</name>
         <load_address>0x9b6e</load_address>
         <run_address>0x9b6e</run_address>
         <size>0x105</size>
         <input_file_ref idref="fl-f"/>
      </object_component>
      <object_component id="oc-37a">
         <name>.debug_info</name>
         <load_address>0x9c73</load_address>
         <run_address>0x9c73</run_address>
         <size>0x29b</size>
         <input_file_ref idref="fl-f"/>
      </object_component>
      <object_component id="oc-3f0">
         <name>.debug_info</name>
         <load_address>0x9f0e</load_address>
         <run_address>0x9f0e</run_address>
         <size>0x89</size>
         <input_file_ref idref="fl-f"/>
      </object_component>
      <object_component id="oc-350">
         <name>.debug_info</name>
         <load_address>0x9f97</load_address>
         <run_address>0x9f97</run_address>
         <size>0x1ba</size>
         <input_file_ref idref="fl-10"/>
      </object_component>
      <object_component id="oc-3d2">
         <name>.debug_info</name>
         <load_address>0xa151</load_address>
         <run_address>0xa151</run_address>
         <size>0x1c2</size>
         <input_file_ref idref="fl-10"/>
      </object_component>
      <object_component id="oc-34d">
         <name>.debug_info</name>
         <load_address>0xa313</load_address>
         <run_address>0xa313</run_address>
         <size>0x109</size>
         <input_file_ref idref="fl-10"/>
      </object_component>
      <object_component id="oc-28f">
         <name>.debug_info</name>
         <load_address>0xa41c</load_address>
         <run_address>0xa41c</run_address>
         <size>0x2b0</size>
         <input_file_ref idref="fl-10"/>
      </object_component>
      <object_component id="oc-f8">
         <name>.debug_info</name>
         <load_address>0xa6cc</load_address>
         <run_address>0xa6cc</run_address>
         <size>0x1a2</size>
         <input_file_ref idref="fl-10"/>
      </object_component>
      <object_component id="oc-35a">
         <name>.debug_info</name>
         <load_address>0xa86e</load_address>
         <run_address>0xa86e</run_address>
         <size>0x1cc</size>
         <input_file_ref idref="fl-10"/>
      </object_component>
      <object_component id="oc-3c8">
         <name>.debug_info</name>
         <load_address>0xaa3a</load_address>
         <run_address>0xaa3a</run_address>
         <size>0x1d8</size>
         <input_file_ref idref="fl-11"/>
      </object_component>
      <object_component id="oc-345">
         <name>.debug_info</name>
         <load_address>0xac12</load_address>
         <run_address>0xac12</run_address>
         <size>0x1f0</size>
         <input_file_ref idref="fl-11"/>
      </object_component>
      <object_component id="oc-36d">
         <name>.debug_info</name>
         <load_address>0xae02</load_address>
         <run_address>0xae02</run_address>
         <size>0x232</size>
         <input_file_ref idref="fl-11"/>
      </object_component>
      <object_component id="oc-3d6">
         <name>.debug_info</name>
         <load_address>0xb034</load_address>
         <run_address>0xb034</run_address>
         <size>0x1ee</size>
         <input_file_ref idref="fl-11"/>
      </object_component>
      <object_component id="oc-353">
         <name>.debug_info</name>
         <load_address>0xb222</load_address>
         <run_address>0xb222</run_address>
         <size>0x1fe</size>
         <input_file_ref idref="fl-11"/>
      </object_component>
      <object_component id="oc-3dc">
         <name>.debug_info</name>
         <load_address>0xb420</load_address>
         <run_address>0xb420</run_address>
         <size>0x1fc</size>
         <input_file_ref idref="fl-11"/>
      </object_component>
      <object_component id="oc-3c2">
         <name>.debug_info</name>
         <load_address>0xb61c</load_address>
         <run_address>0xb61c</run_address>
         <size>0x1b2</size>
         <input_file_ref idref="fl-11"/>
      </object_component>
      <object_component id="oc-33f">
         <name>.debug_info</name>
         <load_address>0xb7ce</load_address>
         <run_address>0xb7ce</run_address>
         <size>0x24c</size>
         <input_file_ref idref="fl-11"/>
      </object_component>
      <object_component id="oc-373">
         <name>.debug_info</name>
         <load_address>0xba1a</load_address>
         <run_address>0xba1a</run_address>
         <size>0x1e2</size>
         <input_file_ref idref="fl-11"/>
      </object_component>
      <object_component id="oc-3e2">
         <name>.debug_info</name>
         <load_address>0xbbfc</load_address>
         <run_address>0xbbfc</run_address>
         <size>0x1b8</size>
         <input_file_ref idref="fl-11"/>
      </object_component>
      <object_component id="oc-385">
         <name>.debug_info</name>
         <load_address>0xbdb4</load_address>
         <run_address>0xbdb4</run_address>
         <size>0x1e2</size>
         <input_file_ref idref="fl-11"/>
      </object_component>
      <object_component id="oc-367">
         <name>.debug_info</name>
         <load_address>0xbf96</load_address>
         <run_address>0xbf96</run_address>
         <size>0x1b2</size>
         <input_file_ref idref="fl-11"/>
      </object_component>
      <object_component id="oc-37f">
         <name>.debug_info</name>
         <load_address>0xc148</load_address>
         <run_address>0xc148</run_address>
         <size>0x1b8</size>
         <input_file_ref idref="fl-11"/>
      </object_component>
      <object_component id="oc-239">
         <name>.debug_info</name>
         <load_address>0xc300</load_address>
         <run_address>0xc300</run_address>
         <size>0x1d7</size>
         <input_file_ref idref="fl-12"/>
      </object_component>
      <object_component id="oc-236">
         <name>.debug_info</name>
         <load_address>0xc4d7</load_address>
         <run_address>0xc4d7</run_address>
         <size>0x10d</size>
         <input_file_ref idref="fl-12"/>
      </object_component>
      <object_component id="oc-23c">
         <name>.debug_info</name>
         <load_address>0xc5e4</load_address>
         <run_address>0xc5e4</run_address>
         <size>0x217</size>
         <input_file_ref idref="fl-12"/>
      </object_component>
      <object_component id="oc-242">
         <name>.debug_info</name>
         <load_address>0xc7fb</load_address>
         <run_address>0xc7fb</run_address>
         <size>0x312</size>
         <input_file_ref idref="fl-12"/>
      </object_component>
      <object_component id="oc-104">
         <name>.debug_info</name>
         <load_address>0xcb0d</load_address>
         <run_address>0xcb0d</run_address>
         <size>0x1df</size>
         <input_file_ref idref="fl-12"/>
      </object_component>
      <object_component id="oc-277">
         <name>.debug_info</name>
         <load_address>0xccec</load_address>
         <run_address>0xccec</run_address>
         <size>0x1e3</size>
         <input_file_ref idref="fl-12"/>
      </object_component>
      <object_component id="oc-27c">
         <name>.debug_info</name>
         <load_address>0xcecf</load_address>
         <run_address>0xcecf</run_address>
         <size>0x1dd</size>
         <input_file_ref idref="fl-12"/>
      </object_component>
      <object_component id="oc-fd">
         <name>.debug_info</name>
         <load_address>0xd0ac</load_address>
         <run_address>0xd0ac</run_address>
         <size>0x1e4</size>
         <input_file_ref idref="fl-12"/>
      </object_component>
      <object_component id="oc-e8">
         <name>.debug_info</name>
         <load_address>0xd290</load_address>
         <run_address>0xd290</run_address>
         <size>0x189</size>
         <input_file_ref idref="fl-13"/>
      </object_component>
      <object_component id="oc-e2">
         <name>.debug_info</name>
         <load_address>0xd419</load_address>
         <run_address>0xd419</run_address>
         <size>0x171</size>
         <input_file_ref idref="fl-13"/>
      </object_component>
      <object_component id="oc-22a">
         <name>.debug_info</name>
         <load_address>0xd58a</load_address>
         <run_address>0xd58a</run_address>
         <size>0x176</size>
         <input_file_ref idref="fl-14"/>
      </object_component>
      <object_component id="oc-2c7">
         <name>.debug_info</name>
         <load_address>0xd700</load_address>
         <run_address>0xd700</run_address>
         <size>0x14c</size>
         <input_file_ref idref="fl-ca"/>
      </object_component>
      <object_component id="oc-2c3">
         <name>.debug_info</name>
         <load_address>0xd84c</load_address>
         <run_address>0xd84c</run_address>
         <size>0x13a</size>
         <input_file_ref idref="fl-cb"/>
      </object_component>
      <object_component id="oc-2cd">
         <name>.debug_info</name>
         <load_address>0xd986</load_address>
         <run_address>0xd986</run_address>
         <size>0x139</size>
         <input_file_ref idref="fl-cc"/>
      </object_component>
      <object_component id="oc-2bc">
         <name>.debug_info</name>
         <load_address>0xdabf</load_address>
         <run_address>0xdabf</run_address>
         <size>0x12e</size>
         <input_file_ref idref="fl-cd"/>
      </object_component>
      <object_component id="oc-334">
         <name>.debug_info</name>
         <load_address>0xdbed</load_address>
         <run_address>0xdbed</run_address>
         <size>0x142</size>
         <input_file_ref idref="fl-ce"/>
      </object_component>
      <object_component id="oc-a3">
         <name>.debug_info</name>
         <load_address>0xdd2f</load_address>
         <run_address>0xdd2f</run_address>
         <size>0x2d4</size>
         <input_file_ref idref="fl-cf"/>
      </object_component>
      <object_component id="oc-5a">
         <name>.debug_info</name>
         <load_address>0xe003</load_address>
         <run_address>0xe003</run_address>
         <size>0x1d2</size>
         <input_file_ref idref="fl-cf"/>
      </object_component>
      <object_component id="oc-9e">
         <name>.debug_info</name>
         <load_address>0xe1d5</load_address>
         <run_address>0xe1d5</run_address>
         <size>0x46</size>
         <input_file_ref idref="fl-cf"/>
      </object_component>
      <object_component id="oc-d5">
         <name>.debug_info</name>
         <load_address>0xe21b</load_address>
         <run_address>0xe21b</run_address>
         <size>0x2c</size>
         <input_file_ref idref="fl-cf"/>
      </object_component>
      <object_component id="oc-58">
         <name>.debug_info</name>
         <load_address>0xe247</load_address>
         <run_address>0xe247</run_address>
         <size>0x2a8</size>
         <input_file_ref idref="fl-d0"/>
      </object_component>
      <object_component id="oc-1f">
         <name>.debug_info</name>
         <load_address>0xe4ef</load_address>
         <run_address>0xe4ef</run_address>
         <size>0x1ea</size>
         <input_file_ref idref="fl-d0"/>
      </object_component>
      <object_component id="oc-53">
         <name>.debug_info</name>
         <load_address>0xe6d9</load_address>
         <run_address>0xe6d9</run_address>
         <size>0x46</size>
         <input_file_ref idref="fl-d0"/>
      </object_component>
      <object_component id="oc-96">
         <name>.debug_info</name>
         <load_address>0xe71f</load_address>
         <run_address>0xe71f</run_address>
         <size>0x2c</size>
         <input_file_ref idref="fl-d0"/>
      </object_component>
      <object_component id="oc-94">
         <name>.debug_info</name>
         <load_address>0xe74b</load_address>
         <run_address>0xe74b</run_address>
         <size>0x29e</size>
         <input_file_ref idref="fl-d1"/>
      </object_component>
      <object_component id="oc-16">
         <name>.debug_info</name>
         <load_address>0xe9e9</load_address>
         <run_address>0xe9e9</run_address>
         <size>0x250</size>
         <input_file_ref idref="fl-d1"/>
      </object_component>
      <object_component id="oc-43">
         <name>.debug_info</name>
         <load_address>0xec39</load_address>
         <run_address>0xec39</run_address>
         <size>0x60</size>
         <input_file_ref idref="fl-d1"/>
      </object_component>
      <object_component id="oc-ce">
         <name>.debug_info</name>
         <load_address>0xec99</load_address>
         <run_address>0xec99</run_address>
         <size>0x46</size>
         <input_file_ref idref="fl-d1"/>
      </object_component>
      <object_component id="oc-8f">
         <name>.debug_info</name>
         <load_address>0xecdf</load_address>
         <run_address>0xecdf</run_address>
         <size>0x39</size>
         <input_file_ref idref="fl-d1"/>
      </object_component>
      <object_component id="oc-25">
         <name>.debug_info</name>
         <load_address>0xed18</load_address>
         <run_address>0xed18</run_address>
         <size>0x10b</size>
         <input_file_ref idref="fl-d2"/>
      </object_component>
      <object_component id="oc-6f">
         <name>.debug_info</name>
         <load_address>0xee23</load_address>
         <run_address>0xee23</run_address>
         <size>0x1a9</size>
         <input_file_ref idref="fl-d2"/>
      </object_component>
      <object_component id="oc-3ba">
         <name>.debug_info</name>
         <load_address>0xefcc</load_address>
         <run_address>0xefcc</run_address>
         <size>0x115</size>
         <input_file_ref idref="fl-d3"/>
      </object_component>
      <object_component id="oc-50">
         <name>.debug_info</name>
         <load_address>0xf0e1</load_address>
         <run_address>0xf0e1</run_address>
         <size>0x119</size>
         <input_file_ref idref="fl-d4"/>
      </object_component>
      <object_component id="oc-2f4">
         <name>.debug_info</name>
         <load_address>0xf1fa</load_address>
         <run_address>0xf1fa</run_address>
         <size>0x4b3</size>
         <input_file_ref idref="fl-d6"/>
      </object_component>
      <object_component id="oc-1e8">
         <name>.debug_info</name>
         <load_address>0xf6ad</load_address>
         <run_address>0xf6ad</run_address>
         <size>0x1a6</size>
         <input_file_ref idref="fl-d6"/>
      </object_component>
      <object_component id="oc-3a0">
         <name>.debug_info</name>
         <load_address>0xf853</load_address>
         <run_address>0xf853</run_address>
         <size>0x39</size>
         <input_file_ref idref="fl-d6"/>
      </object_component>
      <object_component id="oc-3fa">
         <name>.debug_info</name>
         <load_address>0xf88c</load_address>
         <run_address>0xf88c</run_address>
         <size>0x39</size>
         <input_file_ref idref="fl-d6"/>
      </object_component>
      <object_component id="oc-3a5">
         <name>.debug_info</name>
         <load_address>0xf8c5</load_address>
         <run_address>0xf8c5</run_address>
         <size>0x39</size>
         <input_file_ref idref="fl-d6"/>
      </object_component>
      <object_component id="oc-3aa">
         <name>.debug_info</name>
         <load_address>0xf8fe</load_address>
         <run_address>0xf8fe</run_address>
         <size>0xcd</size>
         <input_file_ref idref="fl-d6"/>
      </object_component>
      <object_component id="oc-ac">
         <name>.debug_info</name>
         <load_address>0xf9cb</load_address>
         <run_address>0xf9cb</run_address>
         <size>0x153</size>
         <input_file_ref idref="fl-d7"/>
      </object_component>
      <object_component id="oc-1de">
         <name>.debug_info</name>
         <load_address>0xfb1e</load_address>
         <run_address>0xfb1e</run_address>
         <size>0x122</size>
         <input_file_ref idref="fl-d9"/>
      </object_component>
      <object_component id="oc-444">
         <name>.debug_info</name>
         <load_address>0xfc40</load_address>
         <run_address>0xfc40</run_address>
         <size>0x98</size>
      </object_component>
      <object_component id="oc-219">
         <name>.debug_line</name>
         <load_address>0x0</load_address>
         <run_address>0x0</run_address>
         <size>0xf0</size>
         <input_file_ref idref="fl-2"/>
      </object_component>
      <object_component id="oc-154">
         <name>.debug_line</name>
         <load_address>0xf0</load_address>
         <run_address>0xf0</run_address>
         <size>0x48</size>
         <input_file_ref idref="fl-2"/>
      </object_component>
      <object_component id="oc-14e">
         <name>.debug_line</name>
         <load_address>0x138</load_address>
         <run_address>0x138</run_address>
         <size>0x54</size>
         <input_file_ref idref="fl-2"/>
      </object_component>
      <object_component id="oc-1ae">
         <name>.debug_line</name>
         <load_address>0x18c</load_address>
         <run_address>0x18c</run_address>
         <size>0x3e</size>
         <input_file_ref idref="fl-2"/>
      </object_component>
      <object_component id="oc-1b7">
         <name>.debug_line</name>
         <load_address>0x1ca</load_address>
         <run_address>0x1ca</run_address>
         <size>0x51</size>
         <input_file_ref idref="fl-2"/>
      </object_component>
      <object_component id="oc-2a3">
         <name>.debug_line</name>
         <load_address>0x21b</load_address>
         <run_address>0x21b</run_address>
         <size>0x3e</size>
         <input_file_ref idref="fl-2"/>
      </object_component>
      <object_component id="oc-185">
         <name>.debug_line</name>
         <load_address>0x259</load_address>
         <run_address>0x259</run_address>
         <size>0x48</size>
         <input_file_ref idref="fl-2"/>
      </object_component>
      <object_component id="oc-178">
         <name>.debug_line</name>
         <load_address>0x2a1</load_address>
         <run_address>0x2a1</run_address>
         <size>0x48</size>
         <input_file_ref idref="fl-2"/>
      </object_component>
      <object_component id="oc-12a">
         <name>.debug_line</name>
         <load_address>0x2e9</load_address>
         <run_address>0x2e9</run_address>
[...]
      <symbol id="sm-c">
         <name>__c_args__</name>
         <value>0xffffffff</value>
      </symbol>
      <symbol id="sm-d">
         <name>__TI_pprof_out_hndl</name>
         <value>0xffffffff</value>
      </symbol>
      <symbol id="sm-e">
         <name>__TI_prof_data_start</name>
         <value>0xffffffff</value>
      </symbol>
      <symbol id="sm-f">
         <name>__TI_prof_data_size</name>
         <value>0xffffffff</value>
      </symbol>
      <symbol id="sm-1ba">
         <name>g_sMaster</name>
         <value>0x20000370</value>
      </symbol>
      <symbol id="sm-1bb">
         <name>pui8Data</name>
         <value>0x20000390</value>
      </symbol>
      <symbol id="sm-1bc">
         <name>BatteryMode_Read</name>
         <value>0x1aed</value>
         <object_component_ref idref="oc-12c"/>
      </symbol>
      <symbol id="sm-1bd">
         <name>RemainingCapacityAlarm_Read</name>
         <value>0x1f6d</value>
         <object_component_ref idref="oc-126"/>
      </symbol>
      <symbol id="sm-1be">
         <name>ManufactureDate_Read</name>
         <value>0x17ad</value>
         <object_component_ref idref="oc-1b0"/>
      </symbol>
      <symbol id="sm-1bf">
         <name>AbsoluteStateOfCharge_Read</name>
         <value>0x19bd</value>
         <object_component_ref idref="oc-16e"/>
      </symbol>
      <symbol id="sm-1c0">
         <name>Current_Read</name>
         <value>0x1ded</value>
         <object_component_ref idref="oc-156"/>
      </symbol>
      <symbol id="sm-1c1">
         <name>Voltage_Read</name>
         <value>0x206d</value>
         <object_component_ref idref="oc-150"/>
      </symbol>
      <symbol id="sm-1c2">
         <name>SpecificationInfo_Read</name>
         <value>0x23f7</value>
         <object_component_ref idref="oc-1aa"/>
      </symbol>
      <symbol id="sm-1c3">
         <name>AtRateTimeToEmpty_Read</name>
         <value>0x1a09</value>
         <object_component_ref idref="oc-13e"/>
      </symbol>
      <symbol id="sm-1c4">
         <name>RemainingCapacity_Read</name>
         <value>0x1fad</value>
         <object_component_ref idref="oc-174"/>
      </symbol>
      <symbol id="sm-1c5">
         <name>MaxError_Read</name>
         <value>0x1b39</value>
         <object_component_ref idref="oc-162"/>
      </symbol>
      <symbol id="sm-1c6">
         <name>AverageCurrent_Read</name>
         <value>0x20ed</value>
         <object_component_ref idref="oc-15c"/>
      </symbol>
      <symbol id="sm-1c7">
         <name>SerialNumber_Read</name>
         <value>0x1b85</value>
         <object_component_ref idref="oc-1b6"/>
      </symbol>
      <symbol id="sm-1c8">
         <name>HostInit</name>
         <value>0x182d</value>
         <object_component_ref idref="oc-11a"/>
      </symbol>
      <symbol id="sm-1c9">
         <name>AtRate_Read</name>
         <value>0x1aa1</value>
         <object_component_ref idref="oc-132"/>
      </symbol>
      <symbol id="sm-1ca">
         <name>CycleCount_Read</name>
         <value>0x1e2d</value>
         <object_component_ref idref="oc-198"/>
      </symbol>
      <symbol id="sm-1cb">
         <name>DesignVoltage_Read</name>
         <value>0x1ead</value>
         <object_component_ref idref="oc-1a4"/>
      </symbol>
      <symbol id="sm-1cc">
         <name>AverageTimeToFull_Read</name>
         <value>0x1d6d</value>
         <object_component_ref idref="oc-18c"/>
      </symbol>
      <symbol id="sm-1cd">
         <name>AverageTimeToEmpty_Read</name>
         <value>0x1d2d</value>
         <object_component_ref idref="oc-186"/>
      </symbol>
      <symbol id="sm-1ce">
         <name>DesignCapacity_Read</name>
         <value>0x1e6d</value>
         <object_component_ref idref="oc-19e"/>
      </symbol>
      <symbol id="sm-1cf">
         <name>BatteryStatus_Read</name>
         <value>0x1dad</value>
         <object_component_ref idref="oc-192"/>
      </symbol>
      <symbol id="sm-1d0">
         <name>RunTimeToEmpty_Read</name>
         <value>0x1fed</value>
         <object_component_ref idref="oc-180"/>
      </symbol>
      <symbol id="sm-1d1">
         <name>AtRateTimeToFull_Read</name>
         <value>0x1a55</value>
         <object_component_ref idref="oc-138"/>
      </symbol>
      <symbol id="sm-1d2">
         <name>Temperature_Read</name>
         <value>0x16a1</value>
         <object_component_ref idref="oc-14a"/>
      </symbol>
      <symbol id="sm-1d3">
         <name>RelativeStateOfCharge_Read</name>
         <value>0x1f2d</value>
         <object_component_ref idref="oc-168"/>
      </symbol>
      <symbol id="sm-1d4">
         <name>ManufacturerAccess_Read</name>
         <value>0x2195</value>
         <object_component_ref idref="oc-120"/>
      </symbol>
      <symbol id="sm-1d5">
         <name>SMBusMasterIntHandler</name>
         <value>0x23f9</value>
         <object_component_ref idref="oc-29f"/>
      </symbol>
      <symbol id="sm-1d6">
         <name>FullChargeCapacity_Read</name>
         <value>0x1eed</value>
         <object_component_ref idref="oc-17a"/>
      </symbol>
      <symbol id="sm-1d7">
         <name>AtRateOK_Read</name>
         <value>0x1969</value>
         <object_component_ref idref="oc-144"/>
      </symbol>
      <symbol id="sm-225">
         <name>Manufacturer_Access</name>
         <value>0x200003c4</value>
      </symbol>
      <symbol id="sm-226">
         <name>Remaining_Capacity_Alarm</name>
         <value>0x200003cc</value>
      </symbol>
      <symbol id="sm-227">
         <name>Battery_Mode</name>
         <value>0x200003b6</value>
      </symbol>
      <symbol id="sm-228">
         <name>At_Rate</name>
         <value>0x200003a8</value>
      </symbol>
      <symbol id="sm-229">
         <name>At_Rate_Time_To_Full</name>
         <value>0x200003ae</value>
      </symbol>
      <symbol id="sm-22a">
         <name>At_Rate_Time_To_Empty</name>
         <value>0x200003ac</value>
      </symbol>
      <symbol id="sm-22b">
         <name>At_Rate_Ok</name>
         <value>0x200003aa</value>
      </symbol>
      <symbol id="sm-22c">
         <name>Temperature</name>
         <value>0x200003a4</value>
      </symbol>
      <symbol id="sm-22d">
         <name>Voltage</name>
         <value>0x200003d4</value>
      </symbol>
      <symbol id="sm-22e">
         <name>Current</name>
         <value>0x200003ba</value>
      </symbol>
      <symbol id="sm-22f">
         <name>Average_Current</name>
         <value>0x200003b0</value>
      </symbol>
      <symbol id="sm-230">
         <name>Max_Error</name>
         <value>0x200003c6</value>
      </symbol>
      <symbol id="sm-231">
         <name>Relative_State_Of_Charge</name>
         <value>0x200003c8</value>
      </symbol>
      <symbol id="sm-232">
         <name>Absolute_State_Of_Charge</name>
         <value>0x200003a2</value>
      </symbol>
      <symbol id="sm-233">
         <name>Remaining_Capacity</name>
         <value>0x200003ca</value>
      </symbol>
      <symbol id="sm-234">
         <name>Full_Charge_Capacity</name>
         <value>0x200003c2</value>
      </symbol>
      <symbol id="sm-235">
         <name>Runtime_To_Empty</name>
         <value>0x200003ce</value>
      </symbol>
      <symbol id="sm-236">
         <name>Average_Time_To_Empty</name>
         <value>0x200003b2</value>
      </symbol>
      <symbol id="sm-237">
         <name>Average_Time_To_Full</name>
         <value>0x200003b4</value>
      </symbol>
      <symbol id="sm-238">
         <name>Battery_Status</name>
         <value>0x200003b8</value>
      </symbol>
      <symbol id="sm-239">
         <name>Cycle_Count</name>
         <value>0x200003bc</value>
      </symbol>
      <symbol id="sm-23a">
         <name>Design_Capacity</name>
         <value>0x200003be</value>
      </symbol>
      <symbol id="sm-23b">
         <name>Design_Voltage</name>
         <value>0x200003c0</value>
      </symbol>
      <symbol id="sm-23c">
         <name>Specification_Info</name>
         <value>0x200003d2</value>
      </symbol>
      <symbol id="sm-23d">
         <name>Date</name>
         <value>0x2000039c</value>
      </symbol>
      <symbol id="sm-23e">
         <name>SerialNumber</name>
         <value>0x200003d0</value>
      </symbol>
      <symbol id="sm-23f">
         <name>main</name>
         <value>0x26d</value>
         <object_component_ref idref="oc-b0"/>
      </symbol>
      <symbol id="sm-2d4">
         <name>SMBusPECEnable</name>
         <value>0x233d</value>
         <object_component_ref idref="oc-293"/>
      </symbol>
      <symbol id="sm-2d5">
         <name>SMBusMasterByteWordRead</name>
         <value>0x145d</value>
         <object_component_ref idref="oc-2a7"/>
      </symbol>
      <symbol id="sm-2d6">
         <name>SMBusMasterInit</name>
         <value>0x2265</value>
         <object_component_ref idref="oc-287"/>
      </symbol>
      <symbol id="sm-2d7">
         <name>SMBusMasterIntProcess</name>
         <value>0x839</value>
         <object_component_ref idref="oc-35f"/>
      </symbol>
      <symbol id="sm-2d8">
         <name>SMBusStatusGet</name>
         <value>0x22c1</value>
         <object_component_ref idref="oc-2ad"/>
      </symbol>
      <symbol id="sm-2d9">
         <name>SMBusMasterIntEnable</name>
         <value>0x1361</value>
         <object_component_ref idref="oc-299"/>
      </symbol>
      <symbol id="sm-30f">
         <name>ResetISR</name>
         <value>0x244d</value>
         <object_component_ref idref="oc-27"/>
      </symbol>
      <symbol id="sm-310">
         <name>g_pfnVectors</name>
         <value>0x0</value>
         <object_component_ref idref="oc-12"/>
      </symbol>
      <symbol id="sm-37d">
         <name>UARTStdioConfig</name>
         <value>0x1c61</value>
         <object_component_ref idref="oc-10e"/>
      </symbol>
      <symbol id="sm-37e">
         <name>UARTwrite</name>
         <value>0x2129</value>
         <object_component_ref idref="oc-32c"/>
      </symbol>
      <symbol id="sm-37f">
         <name>UARTprintf</name>
         <value>0x2357</value>
         <object_component_ref idref="oc-114"/>
      </symbol>
      <symbol id="sm-380">
         <name>UARTvprintf</name>
         <value>0xc51</value>
         <object_component_ref idref="oc-269"/>
      </symbol>
      <symbol id="sm-3c0">
         <name>UARTConfigSetExpClk</name>
         <value>0x202d</value>
         <object_component_ref idref="oc-24f"/>
      </symbol>
      <symbol id="sm-3c1">
         <name>UARTDisable</name>
         <value>0x2305</value>
         <object_component_ref idref="oc-31a"/>
      </symbol>
      <symbol id="sm-3c2">
         <name>UARTClockSourceSet</name>
         <value>0x2459</value>
         <object_component_ref idref="oc-108"/>
      </symbol>
      <symbol id="sm-3c3">
         <name>UARTCharPut</name>
         <value>0x2423</value>
         <object_component_ref idref="oc-3b2"/>
      </symbol>
      <symbol id="sm-3c4">
         <name>UARTEnable</name>
         <value>0x2371</value>
         <object_component_ref idref="oc-255"/>
      </symbol>
      <symbol id="sm-41e">
         <name>SysCtlPeripheralPresent</name>
         <value>0x21fd</value>
         <object_component_ref idref="oc-249"/>
      </symbol>
      <symbol id="sm-41f">
         <name>SysCtlClockSet</name>
         <value>0x125d</value>
         <object_component_ref idref="oc-ea"/>
      </symbol>
      <symbol id="sm-420">
         <name>SysCtlDelay</name>
         <value>0x2453</value>
         <object_component_ref idref="oc-1bc"/>
      </symbol>
      <symbol id="sm-421">
         <name>SysCtlPeripheralEnable</name>
         <value>0x21c9</value>
         <object_component_ref idref="oc-f0"/>
      </symbol>
      <symbol id="sm-422">
         <name>SysCtlClockGet</name>
         <value>0x153d</value>
         <object_component_ref idref="oc-281"/>
      </symbol>
      <symbol id="sm-445">
         <name>Crc8CCITT</name>
         <value>0x1729</value>
         <object_component_ref idref="oc-378"/>
      </symbol>
      <symbol id="sm-487">
         <name>IntEnable</name>
         <value>0x1909</value>
         <object_component_ref idref="oc-358"/>
      </symbol>
      <symbol id="sm-488">
         <name>IntRegister</name>
         <value>0x2161</value>
         <object_component_ref idref="oc-28d"/>
      </symbol>
      <symbol id="sm-489">
         <name>g_pfnRAMVectors</name>
         <value>0x20000000</value>
         <object_component_ref idref="oc-34c"/>
      </symbol>
      <symbol id="sm-48a">
         <name>IntMasterEnable</name>
         <value>0x2419</value>
         <object_component_ref idref="oc-f6"/>
      </symbol>
      <symbol id="sm-4f3">
         <name>I2CMasterBusBusy</name>
         <value>0x242d</value>
         <object_component_ref idref="oc-37e"/>
      </symbol>
      <symbol id="sm-4f4">
         <name>I2CMasterDataPut</name>
         <value>0x2467</value>
         <object_component_ref idref="oc-372"/>
      </symbol>
      <symbol id="sm-4f5">
         <name>I2CMasterInitExpClk</name>
         <value>0x1c19</value>
         <object_component_ref idref="oc-33e"/>
      </symbol>
      <symbol id="sm-4f6">
         <name>I2CMasterIntClearEx</name>
         <value>0x246b</value>
         <object_component_ref idref="oc-3db"/>
      </symbol>
      <symbol id="sm-4f7">
         <name>I2CMasterSlaveAddrSet</name>
         <value>0x2445</value>
         <object_component_ref idref="oc-36c"/>
      </symbol>
      <symbol id="sm-4f8">
         <name>I2CMasterDataGet</name>
         <value>0x2463</value>
         <object_component_ref idref="oc-3e1"/>
      </symbol>
      <symbol id="sm-4f9">
         <name>I2CMasterIntEnableEx</name>
         <value>0x243d</value>
         <object_component_ref idref="oc-352"/>
      </symbol>
      <symbol id="sm-4fa">
         <name>I2CMasterTimeoutSet</name>
         <value>0x246f</value>
         <object_component_ref idref="oc-344"/>
      </symbol>
      <symbol id="sm-4fb">
         <name>I2CMasterControl</name>
         <value>0x245f</value>
         <object_component_ref idref="oc-384"/>
      </symbol>
      <symbol id="sm-4fc">
         <name>I2CMasterBusy</name>
         <value>0x2435</value>
         <object_component_ref idref="oc-366"/>
      </symbol>
      <symbol id="sm-4fd">
         <name>I2CMasterEnable</name>
         <value>0x2405</value>
         <object_component_ref idref="oc-3c1"/>
      </symbol>
      <symbol id="sm-4fe">
         <name>I2CMasterIntStatusEx</name>
         <value>0x240f</value>
         <object_component_ref idref="oc-3d5"/>
      </symbol>
      <symbol id="sm-546">
         <name>GPIOPinConfigure</name>
         <value>0x1bd1</value>
         <object_component_ref idref="oc-fc"/>
      </symbol>
      <symbol id="sm-547">
         <name>GPIOPinTypeI2CSCL</name>
         <value>0x2397</value>
         <object_component_ref idref="oc-275"/>
      </symbol>
      <symbol id="sm-548">
         <name>GPIOPinTypeI2C</name>
         <value>0x2385</value>
         <object_component_ref idref="oc-27b"/>
      </symbol>
      <symbol id="sm-549">
         <name>GPIOPinTypeUART</name>
         <value>0x23a9</value>
         <object_component_ref idref="oc-102"/>
      </symbol>
      <symbol id="sm-54a">
         <name>GPIODirModeSet</name>
         <value>0x2295</value>
         <object_component_ref idref="oc-23a"/>
      </symbol>
      <symbol id="sm-54b">
         <name>GPIOPadConfigSet</name>
         <value>0x112b</value>
         <object_component_ref idref="oc-240"/>
      </symbol>
      <symbol id="sm-561">
         <name>FPULazyStackingEnable</name>
         <value>0x23cd</value>
         <object_component_ref idref="oc-e4"/>
      </symbol>
      <symbol id="sm-562">
         <name>FPUEnable</name>
         <value>0x23bd</value>
         <object_component_ref idref="oc-de"/>
      </symbol>
      <symbol id="sm-56c">
         <name>CPUcpsie</name>
         <value>0x23eb</value>
         <object_component_ref idref="oc-229"/>
      </symbol>
      <symbol id="sm-583">
         <name>__aeabi_dsub</name>
         <value>0xe3f</value>
         <object_component_ref idref="oc-2c5"/>
      </symbol>
      <symbol id="sm-584">
         <name>__aeabi_dadd</name>
         <value>0xe49</value>
         <object_component_ref idref="oc-2c5"/>
      </symbol>
      <symbol id="sm-598">
         <name>__aeabi_ddiv</name>
         <value>0xff5</value>
         <object_component_ref idref="oc-2c0"/>
      </symbol>
      <symbol id="sm-5a2">
         <name>__aeabi_d2uiz</name>
         <value>0x1ce9</value>
         <object_component_ref idref="oc-2ca"/>
      </symbol>
      <symbol id="sm-5ac">
         <name>__aeabi_ui2d</name>
         <value>0x22e5</value>
         <object_component_ref idref="oc-2bb"/>
      </symbol>
      <symbol id="sm-5bb">
         <name>__aeabi_uidivmod</name>
         <value>0x20ad</value>
         <object_component_ref idref="oc-332"/>
      </symbol>
      <symbol id="sm-5bc">
         <name>__aeabi_uidiv</name>
         <value>0x20ad</value>
         <object_component_ref idref="oc-332"/>
      </symbol>
      <symbol id="sm-5d5">
         <name>__TI_zero_init_nomemset</name>
         <value>0x2321</value>
         <object_component_ref idref="oc-59"/>
      </symbol>
      <symbol id="sm-5ec">
         <name>__TI_decompress_none</name>
         <value>0x23dd</value>
         <object_component_ref idref="oc-1b"/>
      </symbol>
      <symbol id="sm-60f">
         <name>__TI_decompress_lzss</name>
         <value>0x18a1</value>
         <object_component_ref idref="oc-15"/>
      </symbol>
      <symbol id="sm-622">
         <name>__stack</name>
         <value>0x20000270</value>
         <object_component_ref idref="oc-24"/>
      </symbol>
      <symbol id="sm-623">
         <name>_c_int00_noargs</name>
         <value>0x2231</value>
         <object_component_ref idref="oc-6b"/>
      </symbol>
      <symbol id="sm-62d">
         <name>__aeabi_idiv0</name>
         <value>0x247b</value>
         <object_component_ref idref="oc-3b9"/>
      </symbol>
      <symbol id="sm-62e">
         <name>__aeabi_ldiv0</name>
         <value>0x247b</value>
         <object_component_ref idref="oc-3b9"/>
      </symbol>
      <symbol id="sm-649">
         <name>memcpy</name>
         <value>0x1605</value>
         <object_component_ref idref="oc-4d"/>
      </symbol>
      <symbol id="sm-64a">
         <name>__aeabi_memcpy</name>
         <value>0x1605</value>
         <object_component_ref idref="oc-4d"/>
      </symbol>
      <symbol id="sm-64b">
         <name>__aeabi_memcpy8</name>
         <value>0x1605</value>
         <object_component_ref idref="oc-4d"/>
      </symbol>
      <symbol id="sm-64c">
         <name>__aeabi_memcpy4</name>
         <value>0x1605</value>
         <object_component_ref idref="oc-4d"/>
      </symbol>
      <symbol id="sm-675">
         <name>__TI_auto_init_nobinit_nopinit</name>
         <value>0x1ca5</value>
         <object_component_ref idref="oc-1e6"/>
      </symbol>
      <symbol id="sm-67f">
         <name>_system_pre_init</name>
         <value>0x2473</value>
         <object_component_ref idref="oc-aa"/>
      </symbol>
      <symbol id="sm-68b">
         <name>C$$EXIT</name>
         <value>0x2477</value>
         <object_component_ref idref="oc-1da"/>
      </symbol>
      <symbol id="sm-68c">
         <name>abort</name>
         <value>0x2477</value>
         <object_component_ref idref="oc-1da"/>
      </symbol>
      <symbol id="sm-68f">
         <name>__TI_static_base__</name>
         <value>0x0</value>
      </symbol>
      <symbol id="sm-692">
         <name>__mpu_init</name>
         <value>0x0</value>
      </symbol>
      <symbol id="sm-693">
         <name>_system_post_cinit</name>
         <value>0x0</value>
      </symbol>
   </symbol_table>
   <title>Link successful</title>
</link_info>
